00000408 A _binary_common_avb_pubkey_size
0000f800 T start16
0000f831 t ff
0000f83a t code32start
0000f840 t idt_ptr
0000f846 t gdt_ptr
0000f850 T gdt_rom
0000fff0 t reset_vector
fff00000 A __text_start
fff00000 T _x86boot_start
fff0001c T _start
fff0003f T car_init_ret
fff00076 T board_init_f_r_trampoline
fff00082 t die
fff00088 W car_uninit
fff00089 t blank_idt_ptr
fff00090 t multiboot_header
fff000b0 T efi_reset_system
fff000b0 d __efi_runtime_start
fff000c8 T efi_memcpy_runtime
fff000de T efi_update_table_header_crc32
fff00100 W efi_get_time
fff00106 W efi_set_time
fff0010c T efi_update_capsule_unsupported
fff00112 T efi_query_capsule_caps_unsupported
fff00118 T efi_convert_pointer
fff001c2 t efi_unimplemented
fff001c8 t efi_set_virtual_address_map_runtime
fff001ce t efi_convert_pointer_runtime
fff001d4 T efi_runtime_detach
fff0021a T efi_runtime_relocate
fff00327 T efi_get_variable_runtime
fff0035a T efi_get_next_variable_name_runtime
fff0036b T efi_var_mem_find
fff0043f t efi_var_mem_compare
fff0049f T efi_var_mem_del
fff0050c T efi_var_mem_ins
fff005ec T efi_var_mem_free
fff005fd t efi_var_mem_notify_virtual_address_map
fff0061f T efi_get_variable_mem
fff006a8 T efi_get_next_variable_name_mem
fff00741 T efi_get_variable_int
fff00746 T efi_get_next_variable_name_int
fff0074b T efi_query_variable_info_runtime
fff00751 t efi_set_variable_runtime
fff00757 T u16_strnlen
fff00771 T crc32_no_comp
fff0082a T crc32
fff0083c t crc_table
fff00c3c t efi_events
fff00c44 t systab
fff00c8c t firmware_vendor
fff00ca4 t efi_runtime_mmio
fff00cac t efi_runtime_services
fff00cfc t efi_virtmap
fff00d00 t efi_descriptor_count
fff00d04 t efi_descriptor_size
fff00d08 t efi_runtime_relocate.lastoff
fff00d0c t efi_var_buf
fff00d10 t efi_current_var
fff00d14 d __efi_runtime_stop
fff00d20 T x86_init_cache
fff00d20 W init_cache
fff00d2e T flush_cache
fff00d31 T flush_dcache_range
fff00d32 T cpu_vendor_name
fff00d49 T cpu_get_name
fff00d93 W board_final_init
fff00d94 W board_final_cleanup
fff00d95 T last_stage_init
fff00dc3 T cpu_init_r
fff00e28 T reserve_arch
fff00e4a T cpu_x86_bind
fff00ea3 T cpu_x86_get_vendor
fff00ede T cpu_x86_get_desc
fff00f0b T cpu_x86_get_count
fff00f96 T car_init
fff00fa7 T qemu_get_low_memory_size
fff00fc7 T qemu_get_high_memory_size
fff00feb T dram_init
fff0103a T dram_init_banksize
fff010b2 T board_get_usable_ram_top
fff010d2 T arch_cpu_init
fff010db T checkcpu
fff010de T arch_early_init_r
fff01228 T arch_misc_init
fff01240 T cpu_qemu_get_desc
fff0125a t cpu_qemu_get_count
fff01277 T install_e820_map
fff01377 T lapic_setup
fff013e9 T pirq_check_irq_routed
fff0149c T pirq_translate_link
fff014dc T pirq_assign_irq
fff01584 T irq_router_probe
fff01965 T mtrr_open
fff019ad T mtrr_close
fff019e7 T mtrr_read_all
fff01a31 T mtrr_get_var_count
fff01a3c T mtrr_write_all
fff01aa4 T mtrr_commit
fff01b7c t h_comp_mtrr
fff01b9d T mtrr_set_next_var
fff01c35 T mtrr_set_valid
fff01c53 t mtrr_start_op
fff01cce T mtrr_set
fff01d09 T pci_x86_read_config
fff01d63 T pci_x86_write_config
fff01dbb T pci_assign_irqs
fff01e44 T cpu_call64
fff01e95 t code64
fff01e95 t lret_target
fff01e9a T call64_stub_size
fff01e9e T arch_setup_gd
fff01f7a t setup_identity
fff0208f T x86_cpu_init_f
fff02160 T x86_enable_caches
fff02160 W enable_caches
fff0216e T x86_disable_caches
fff0216e W disable_caches
fff0217e T dcache_status
fff0218b T cpu_has_64bit
fff021d1 T cpu_jump_to_64bit
fff02216 t build_pagetable
fff0226b T irq_common_entry
fff0229a T irq_0
fff022a1 T irq_1
fff022a8 T irq_2
fff022af T irq_3
fff022b6 T irq_4
fff022bd T irq_5
fff022c4 T irq_6
fff022cb T irq_7
fff022d2 T irq_8
fff022d9 T irq_9
fff022e0 T irq_10
fff022e7 T irq_11
fff022ee T irq_12
fff022f5 T irq_13
fff022fc T irq_14
fff02303 T irq_15
fff0230a T irq_16
fff02311 T irq_17
fff02318 T irq_18
fff0231f T irq_19
fff02326 T irq_20
fff0232d T irq_21
fff02334 T irq_22
fff0233b T irq_23
fff02342 T irq_24
fff02349 T irq_25
fff02350 T irq_26
fff02357 T irq_27
fff0235e T irq_28
fff02365 T irq_29
fff0236c T irq_30
fff02373 T irq_31
fff0237a T irq_32
fff02381 T irq_33
fff02388 T irq_34
fff0238f T irq_35
fff02396 T irq_36
fff0239d T irq_37
fff023a4 T irq_38
fff023ab T irq_39
fff023b2 T irq_40
fff023b9 T irq_41
fff023c0 T irq_42
fff023c7 T irq_43
fff023ce T irq_44
fff023d5 T irq_45
fff023dc T irq_46
fff023e3 T irq_47
fff023ea T irq_48
fff023f1 T irq_49
fff023f8 T irq_50
fff023ff T irq_51
fff02406 T irq_52
fff0240d T irq_53
fff02414 T irq_54
fff0241b T irq_55
fff02422 T irq_56
fff02429 T irq_57
fff02430 T irq_58
fff02437 T irq_59
fff0243e T irq_60
fff02445 T irq_61
fff0244c T irq_62
fff02453 T irq_63
fff0245a T irq_64
fff02461 T irq_65
fff02468 T irq_66
fff0246f T irq_67
fff02476 T irq_68
fff0247d T irq_69
fff02484 T irq_70
fff0248b T irq_71
fff02492 T irq_72
fff02499 T irq_73
fff024a0 T irq_74
fff024a7 T irq_75
fff024ae T irq_76
fff024b5 T irq_77
fff024bc T irq_78
fff024c3 T irq_79
fff024ca T irq_80
fff024d1 T irq_81
fff024d8 T irq_82
fff024df T irq_83
fff024e6 T irq_84
fff024ed T irq_85
fff024f4 T irq_86
fff024fb T irq_87
fff02502 T irq_88
fff02509 T irq_89
fff02510 T irq_90
fff02517 T irq_91
fff0251e T irq_92
fff02525 T irq_93
fff0252c T irq_94
fff02533 T irq_95
fff0253a T irq_97
fff02541 T irq_96
fff02548 T irq_98
fff0254f T irq_99
fff02556 T irq_100
fff0255d T irq_101
fff02564 T irq_102
fff0256b T irq_103
fff02572 T irq_104
fff02579 T irq_105
fff02580 T irq_106
fff02587 T irq_107
fff0258e T irq_108
fff02595 T irq_109
fff0259c T irq_110
fff025a3 T irq_111
fff025aa T irq_112
fff025b1 T irq_113
fff025b8 T irq_114
fff025bf T irq_115
fff025c6 T irq_116
fff025cd T irq_117
fff025d4 T irq_118
fff025db T irq_119
fff025e2 T irq_120
fff025e9 T irq_121
fff025f0 T irq_122
fff025f7 T irq_123
fff025fe T irq_124
fff02605 T irq_125
fff0260c T irq_126
fff02613 T irq_127
fff0261a T irq_128
fff02624 T irq_129
fff0262e T irq_130
fff02638 T irq_131
fff02642 T irq_132
fff0264c T irq_133
fff02656 T irq_134
fff02660 T irq_135
fff0266a T irq_136
fff02674 T irq_137
fff0267e T irq_138
fff02688 T irq_139
fff02692 T irq_140
fff0269c T irq_141
fff026a6 T irq_142
fff026b0 T irq_143
fff026ba T irq_144
fff026c4 T irq_145
fff026ce T irq_146
fff026d8 T irq_147
fff026e2 T irq_148
fff026ec T irq_149
fff026f6 T irq_150
fff02700 T irq_151
fff0270a T irq_152
fff02714 T irq_153
fff0271e T irq_154
fff02728 T irq_155
fff02732 T irq_156
fff0273c T irq_157
fff02746 T irq_158
fff02750 T irq_159
fff0275a T irq_160
fff02764 T irq_161
fff0276e T irq_162
fff02778 T irq_163
fff02782 T irq_164
fff0278c T irq_165
fff02796 T irq_166
fff027a0 T irq_167
fff027aa T irq_168
fff027b4 T irq_169
fff027be T irq_170
fff027c8 T irq_171
fff027d2 T irq_172
fff027dc T irq_173
fff027e6 T irq_174
fff027f0 T irq_175
fff027fa T irq_176
fff02804 T irq_177
fff0280e T irq_178
fff02818 T irq_179
fff02822 T irq_180
fff0282c T irq_181
fff02836 T irq_182
fff02840 T irq_183
fff0284a T irq_184
fff02854 T irq_185
fff0285e T irq_186
fff02868 T irq_187
fff02872 T irq_188
fff0287c T irq_189
fff02886 T irq_190
fff02890 T irq_191
fff0289a T irq_192
fff028a4 T irq_193
fff028ae T irq_194
fff028b8 T irq_195
fff028c2 T irq_196
fff028cc T irq_197
fff028d6 T irq_198
fff028e0 T irq_199
fff028ea T irq_200
fff028f4 T irq_201
fff028fe T irq_202
fff02908 T irq_203
fff02912 T irq_204
fff0291c T irq_205
fff02926 T irq_206
fff02930 T irq_207
fff0293a T irq_208
fff02944 T irq_209
fff0294e T irq_210
fff02958 T irq_211
fff02962 T irq_212
fff0296c T irq_213
fff02976 T irq_214
fff02980 T irq_215
fff0298a T irq_216
fff02994 T irq_217
fff0299e T irq_218
fff029a8 T irq_219
fff029b2 T irq_220
fff029bc T irq_221
fff029c6 T irq_222
fff029d0 T irq_223
fff029da T irq_224
fff029e4 T irq_225
fff029ee T irq_226
fff029f8 T irq_227
fff02a02 T irq_228
fff02a0c T irq_229
fff02a16 T irq_230
fff02a20 T irq_231
fff02a2a T irq_232
fff02a34 T irq_233
fff02a3e T irq_234
fff02a48 T irq_235
fff02a52 T irq_236
fff02a5c T irq_237
fff02a66 T irq_238
fff02a70 T irq_239
fff02a7a T irq_240
fff02a84 T irq_241
fff02a8e T irq_242
fff02a98 T irq_243
fff02aa2 T irq_244
fff02aac T irq_245
fff02ab6 T irq_246
fff02ac0 T irq_247
fff02aca T irq_248
fff02ad4 T irq_249
fff02ade T irq_250
fff02ae8 T irq_251
fff02af2 T irq_252
fff02afc T irq_253
fff02b06 T irq_254
fff02b10 T irq_255
fff02b1a T enable_interrupts
fff02b1c T disable_interrupts
fff02b2c T interrupt_init
fff02bbe T irq_llsr
fff02bda t do_exception
fff02c06 t dump_regs
fff02d90 T setjmp
fff02da8 T longjmp
fff02dba T memset
fff02dfd T memcpy
fff02e30 T memmove
fff02fa5 T boot_linux_kernel
fff0300b T do_bootm_linux
fff03131 T efi_add_known_memory
fff031dd T init_cache_f_r
fff031fc T irq_install_handler
fff03287 T irq_free_handler
fff032d6 T do_irq
fff0334e T i8259_init
fff033bc T unmask_irq
fff033e2 T mask_irq
fff03406 T specific_eoi
fff03420 T i8254_init
fff03437 T pirq_route_irqs
fff0357a T copy_uboot_to_ram
fff035ae T clear_bss
fff035e6 T do_elf_reloc_fixups
fff03688 T write_tables
fff0368b T load_zimage
fff0385a t get_boot_protocol
fff0389b t get_kernel_version
fff038f6 T setup_zimage
fff03ba1 T zimage_dump
fff041bd t print_flags
fff04216 T do_zboot_parent
fff042ce T android_bootloader_boot_kernel
fff043a2 t hex_to_str
fff043f9 t complete_zboot
fff04425 t do_zboot_start
fff044e1 t do_zboot_load
fff0457c t do_zboot_setup
fff045da t do_zboot_info
fff045fc t do_zboot_go
fff0462e t do_zboot_dump
fff0466b T do_bootm
fff04733 T do_bootd
fff0474e t do_help
fff04792 t do_panic
fff047ae t do_version
fff047e9 t do_ab_select
fff04883 T blk_common_cmd
fff04b35 t do_source
fff04b87 t do_boot_android
fff04b9e t do_verified_boot_android
fff04bb5 t boot_android
fff04cdb T efi_set_bootdev
fff04e00 T efi_install_fdt
fff05034 T efi_run_image
fff0519b t do_bootefi_exec
fff0522d t do_bootefi
fff0530a W bootz_setup
fff0531e T do_bootz
fff053f5 T mk_date
fff05624 t do_date
fff0578d t do_dm
fff057eb t do_dm_dump_all
fff057f9 t do_dm_dump_uclass
fff05807 t do_dm_dump_devres
fff0580a t do_dm_dump_drivers
fff05818 t do_dm_dump_driver_compat
fff05826 t do_dm_dump_static_driver_info
fff05834 t do_echo
fff0589c t do_exit
fff058b2 T do_fat_size
fff058c4 T do_fat_fsload
fff058d6 t do_fat_ls
fff058e8 t do_fat_fsinfo
fff05973 t do_fat_fswrite
fff05985 t do_fat_rm
fff05997 t do_fat_mkdir
fff059a9 T set_working_fdt_addr
fff059ba t do_fdt
fff068af t is_printable_string
fff06909 t print_data
fff06a64 t do_size_wrapper
fff06a76 t do_load_wrapper
fff06a88 t do_save_wrapper
fff06a9a t do_ls_wrapper
fff06aac t do_ln_wrapper
fff06abe t do_fstype_wrapper
fff06ac3 t do_fstypes_wrapper
fff06ac8 t do_itest
fff06b36 t binary_test
fff06c5b t evalstr
fff06ca6 t evalexp
fff06d03 t do_sleep
fff06dd0 t do_part
fff0715f t do_part_info
fff07278 T pci_bar_show
fff0744b T pci_header_show
fff074f9 t pci_show_regs
fff0757e T pciinfo_header
fff075b5 t do_pci
fff07b9c t pci_cfg_modify
fff07c98 T do_read
fff07dc1 T setexpr_regex_sub
fff07fc0 t substitute
fff08085 t do_setexpr
fff082de t get_arg
fff0837a t regex_sub_var
fff0847d t do_test
fff0870f t do_false
fff08713 t do_true
fff08716 t do_virtio
fff08759 t do_gpt
fff08c42 t gpt_verify
fff08d4b t set_gpt_info
fff09244 t extract_val
fff092bf t extract_env
fff09353 T do_avb_init
fff093a3 T do_avb_read_part
fff09458 T do_avb_read_part_hex
fff0956d T do_avb_write_part
fff0960a T do_avb_read_rb
fff09680 T do_avb_write_rb
fff096f2 T do_avb_get_uuid
fff0975d T do_avb_verify_part
fff097ed T do_avb_is_unlocked
fff09857 t do_avb
fff098ae t do_mtrr
fff09b51 T env_set
fff09ba7 t _do_env_set
fff09d32 T env_set_ulong
fff09d4c T env_set_hex
fff09d78 T env_get_hex
fff09db3 T env_get
fff09e2a T env_get_f
fff09f0d T env_match
fff09f58 T env_get_ulong
fff09f7e t do_env_save
fff09f93 t do_env
fff09fde t do_env_edit
fff0a0ad t do_env_print
fff0a13a t do_env_set
fff0a15a t do_env_default
fff0a209 t do_env_delete
fff0a29a t do_env_export
fff0a49c t do_env_import
fff0a721 t do_env_exists
fff0a769 t env_print
fff0a81b T board_init_f_alloc_reserve
fff0a824 T board_init_f_init_reserve
fff0a854 T main_loop
fff0a895 T get_version
fff0a89b T jumptable_init
fff0ab03 t dummy
fff0ab04 t mdelay
fff0ab0f T get_local_var
fff0ab74 T set_local_var
fff0acaa T parse_string_outer
fff0ad70 t parse_stream_outer
fff0b3f6 T parse_file_outer
fff0b428 T u_boot_hush_start
fff0b465 t do_showvar
fff0b544 t static_peek
fff0b54a t static_get
fff0b55f t done_word
fff0b7e0 t done_pipe
fff0b81b t file_peek
fff0b821 t free_pipe_list
fff0b8de t new_pipe
fff0b911 t done_command
fff0b982 t b_addqchr
fff0b9c4 t b_addchr
fff0ba19 t run_list_real
fff0c2d9 t insert_var_value_sub
fff0c598 t file_get
fff0c71a T bootdelay_process
fff0c7cb T autoboot_command
fff0c8b1 W board_add_ram_info
fff0c8b2 W mach_cpu_init
fff0c8b5 W arch_reserve_mmu
fff0c8b8 W arch_reserve_stacks
fff0c8bb W arch_setup_bdinfo
fff0c8be T setup_bdinfo
fff0c8c9 W arch_cpu_init_dm
fff0c8cc T board_init_f
fff0c933 T board_init_f_r
fff0c9b1 t setup_mon_len
fff0c9c1 t log_init
fff0c9c4 t initf_bootstage
fff0c9c7 t setup_spl_handoff
fff0c9ca t initf_dm
fff0c9d2 t init_baud_rate
fff0c9f9 t display_text_info
fff0c9fc t print_resetinfo
fff0ca48 t announce_dram_init
fff0ca5b t setup_dest_addr
fff0cab8 t reserve_round_4k
fff0cac8 t reserve_video
fff0cacb t reserve_trace
fff0cace t reserve_uboot
fff0cb10 t reserve_malloc
fff0cb2d t reserve_board
fff0cb81 t reserve_global_data
fff0cbb1 t reserve_fdt
fff0cc19 t reserve_bootstage
fff0cc1c t reserve_bloblist
fff0cc1f t reserve_stacks
fff0cc3d t show_dram_config
fff0cc88 t display_new_sp
fff0cc8b t reloc_fdt
fff0cce6 t reloc_bootstage
fff0cce9 t reloc_bloblist
fff0ccec t setup_reloc
fff0cd32 t jump_to_copy
fff0cd63 W cpu_secondary_init_r
fff0cd66 W arch_initr_trap
fff0cd69 W power_init_board
fff0cd6c T board_init_r
fff0cdcf t initr_trace
fff0cdd2 t initr_reloc
fff0cde2 t initr_reloc_global_data
fff0ce14 t initr_barrier
fff0ce17 t initr_malloc
fff0ce39 t log_init
fff0ce3c t initr_bootstage
fff0ce3f t initr_of_live
fff0ce42 t initr_dm
fff0ce70 t initr_binman
fff0ce97 t initr_dm_devices
fff0ce9a t initr_announce
fff0ce9d t initr_env
fff0cefd t run_main_loop
fff0cf07 W checkboard
fff0cf0a W show_board_info
fff0cf45 W board_quiesce_devices
fff0cf46 T bootm_find_images
fff0d055 T bootm_disable_interrupts
fff0d05a T bootm_process_cmdline
fff0d05d T do_bootm_states
fff0d5dd W switch_to_non_secure_mode
fff0d5de W arch_preboot_os
fff0d5df W board_preboot_os
fff0d5e0 T boot_selected_os
fff0d627 T bootm_os_get_boot_func
fff0d62f t do_bootm_standalone
fff0d672 T fdt_find_and_setprop
fff0d6c4 T fdt_find_or_add_subnode
fff0d713 T fdt_root
fff0d79b T fdt_initrd
fff0d938 W board_fdt_chosen_bootargs
fff0d942 T fdt_chosen
fff0d9de T do_fixup_by_path
fff0da1d T fdt_fixup_memory_banks
fff0db74 t fdt_pack_reg
fff0dc50 T fdt_fixup_memory
fff0dc74 T fdt_fixup_ethernet
fff0ddda T fdt_shrink_to_minimum
fff0dec1 T fdt_support_default_count_cells
fff0df12 T fdt_translate_address
fff0df2d t __of_translate_address
fff0e19d T fdt_valid
fff0e245 t of_bus_default_map
fff0e2f6 t of_bus_default_translate
fff0e354 T cli_readline
fff0e367 T cli_readline_into_buffer
fff0ebda t delete_char
fff0ec73 t cread_add_char
fff0ed31 T cli_simple_process_macros
fff0eefb t on_console
fff0ef9d T console_puts_select
fff0efea T fputs
fff0effc T getchar
fff0f03c T tstc
fff0f064 T putc
fff0f0a8 T puts
fff0f0de T ctrlc
fff0f11f T disable_ctrlc
fff0f12d T had_ctrlc
fff0f135 T clear_ctrlc
fff0f13d T console_assign
fff0f173 t console_setfile
fff0f21b T console_announce_r
fff0f248 T console_init_f
fff0f25e T console_init_r
fff0f34b T sbrk
fff0f389 T mem_malloc_init
fff0f39c T malloc
fff0f903 T free
fff0faf9 T malloc_trim
fff0fbbb T realloc
fff0ffbd T memalign
fff1010f T calloc
fff1019b T initf_malloc
fff101c4 T malloc_simple
fff101ce t alloc_simple
fff1023e T memalign_simple
fff10247 T image_multi_getimg
fff1029e T image_decomp
fff103b7 t on_loadaddr
fff103d6 T env_get_bootm_low
fff103f7 T env_get_bootm_size
fff10492 T env_get_bootm_mapsize
fff104ba T genimg_get_os_name
fff104df T genimg_get_comp_name
fff10504 T genimg_get_kernel_addr_fit
fff10515 T genimg_get_format
fff10541 T genimg_has_config
fff10544 T boot_get_ramdisk
fff10611 T boot_ramdisk_high
fff1071b T boot_get_setup
fff10721 T image_setup_linux
fff10778 T ab_select_slot
fff10b26 T android_image_get_kernel
fff10b31 T android_image_check_header
fff10b34 T android_image_get_end
fff10b37 T android_image_get_kload
fff10b3b T android_image_get_kcomp
fff10b3e T android_image_get_ramdisk
fff10b56 T android_image_get_kernel_cmdline
fff10b5a T android_image_is_bootconfig_used
fff10b65 T android_image_load
fff11105 T android_image_get_second
fff11109 T android_image_get_dtb_by_index
fff1110c t android_read_data
fff11190 T android_bootloader_boot_flow
fff11800 t android_part_get_info_by_name_suffix
fff11873 T boot_fdt_add_mem_rsv_regions
fff119a5 t boot_fdt_reserve_region
fff119fe T boot_relocate_fdt
fff11bca T boot_get_fdt
fff11dba W ft_verify_fdt
fff11dbe W arch_fixup_fdt
fff11dc1 T image_setup_libfdt
fff11ebd W get_effective_memsize
fff11ecb T stdio_file_to_flags
fff11ede T stdio_get_list
fff11ee4 T stdio_get_by_name
fff11f17 T stdio_clone
fff11f49 T stdio_register_dev
fff11f8b T stdio_init_tables
fff11f9d T stdio_add_devices
fff1201c t stdio_serial_putc
fff12023 t stdio_serial_puts
fff1202a t stdio_serial_getc
fff1202f t stdio_serial_tstc
fff12034 T run_command
fff12040 T run_command_list
fff1209d T do_run
fff120f2 T cli_process_fdt
fff12130 T cli_secure_boot_cmd
fff12191 T cli_loop
fff1219b T cli_init
fff121a0 T _do_help
fff122cd T find_cmd_tbl
fff12362 T cmd_usage
fff123b6 T find_cmd
fff123ea T var_complete
fff12449 T complete_subcmdv
fff125bb T cmd_auto_complete
fff12939 T cmd_get_data_size
fff12994 T cmd_always_repeatable
fff129b1 T cmd_never_repeatable
fff129ce T cmd_discard_repeatable
fff129e6 T cmd_process
fff12b26 T cmd_process_error
fff12b4f T avb_ops_alloc
fff12bd4 t read_from_partition
fff12bf8 t write_to_partition
fff12c1a t validate_vbmeta_public_key
fff12c60 t read_rollback_index
fff12c8d t write_rollback_index
fff12ca8 t read_is_device_unlocked
fff12ccd t get_unique_guid_for_partition
fff12d0d t get_size_of_partition
fff12d47 T avb_ops_free
fff12d7d T avb_verify
fff12ed7 t blk_byte_io
fff1319a t get_partition
fff1322d t blk_read_and_flush
fff132f5 t blk_write
fff133a8 T qfw_get_dev
fff133b4 T qfw_online_cpus
fff133d6 T blk_get_dev
fff133eb t get_dev_hwpart
fff13416 T dev_print
fff135b2 T part_init
fff1362e T part_print
fff136a2 t part_driver_lookup_type
fff1376d T part_get_info
fff137bd T part_get_info_whole_disk
fff137fd T blk_get_device_by_str
fff138da T blk_get_device_part_str
fff13c79 T part_get_info_by_name_type
fff13ce4 T part_get_info_by_name
fff13cf0 T part_get_info_by_dev_and_name_or_num
fff13db5 T part_set_generic_name
fff13dec t test_block_type
fff13e74 t part_get_info_dos
fff13e96 t part_print_dos
fff13ec0 t part_test_dos
fff13f3d t part_get_info_extended
fff14176 t print_partition_extended
fff143b4 T part_get_info_iso_verb
fff1474b t part_get_info_iso
fff1475e t part_print_iso
fff147f5 t part_test_iso
fff14815 T get_disk_guid
fff14891 t find_valid_gpt
fff1492e T part_print_efi
fff14b01 t is_pte_valid
fff14b52 T part_get_info_efi
fff14cea T write_gpt_table
fff14dfd t set_protective_mbr
fff14edb T gpt_fill_pte
fff15119 T gpt_fill_header
fff151f2 T gpt_restore
fff152f8 T gpt_verify_headers
fff15379 t is_gpt_valid
fff1559e T gpt_verify_partitions
fff15721 t validate_gpt_header
fff15830 t validate_gpt_entries
fff1586b t part_test_efi
fff158f8 T device_bind_with_driver_data
fff1591d t device_bind_common
fff15c2c T device_bind
fff15c51 T device_bind_by_name
fff15cb0 T device_of_to_plat
fff15d95 T device_probe
fff15e6f T device_get_uclass_id
fff15e79 T dev_get_plat
fff15ea0 T dev_get_parent_plat
fff15ec7 T dev_get_uclass_plat
fff15eee T dev_get_priv
fff15f15 T dev_get_uclass_priv
fff15f3c T dev_get_parent_priv
fff15f63 T device_find_first_child
fff15f7d T device_find_next_child
fff15f9c T dev_get_parent
fff15fa0 T dev_get_driver_data
fff15fa4 T device_set_name_alloced
fff15fa9 T device_set_name
fff15fcf T dev_set_priv
fff15fd3 T dev_set_parent_priv
fff15fd7 T dev_set_uclass_priv
fff15fdb t alloc_priv
fff1602c T devfdt_get_addr_index
fff160df T devfdt_get_addr
fff160e6 T devfdt_get_addr_pci
fff1615d T lists_driver_lookup_name
fff161d3 T lists_uclass_lookup
fff16233 T lists_bind_drivers
fff16310 T device_bind_driver
fff16332 T device_bind_driver_to_node
fff163d4 T lists_bind_fdt
fff165a9 T dm_root
fff165d5 T dm_init
fff1665b T dm_remove_devices_flags
fff16694 T dm_scan_plat
fff166be T dm_scan_fdt_dev
fff166e4 t dm_scan_fdt_node
fff16770 T dm_extended_scan
fff167cf W dm_scan_other
fff167d2 T dm_init_and_scan
fff1680d T uclass_find
fff16851 T uclass_get
fff16968 T dev_get_uclass_index
fff1699d T uclass_find_device
fff169e2 T uclass_find_next_free_seq
fff16a38 T uclass_find_device_by_seq
fff16a7f T uclass_find_device_by_of_offset
fff16ac5 T uclass_find_device_by_ofnode
fff16b0b T uclass_get_device
fff16b39 T uclass_get_device_by_seq
fff16b67 T uclass_get_device_by_of_offset
fff16b95 T uclass_get_device_by_ofnode
fff16bc3 T uclass_first_device
fff16c04 T uclass_first_device_err
fff16c24 T uclass_next_device
fff16c5a T uclass_first_device_check
fff16ca0 T uclass_next_device_check
fff16cc5 T uclass_first_device_drvdata
fff16d2a T uclass_bind_device
fff16d81 T uclass_unbind_device
fff16db4 T uclass_pre_probe_device
fff16df4 T uclass_post_probe_device
fff16e32 T uclass_pre_remove_device
fff16e4e T pci_get_devfn
fff16e83 T devres_release_probe
fff16e9b t release_nodes
fff16eef T devres_release_all
fff16f07 T device_chld_remove
fff16f61 T device_remove
fff17053 T device_free
fff170d6 t simple_bus_post_bind
fff1712c T dm_dump_all
fff17169 t show_devices
fff1724e T dm_dump_uclass
fff1730c T dm_dump_driver_compat
fff17401 T dm_dump_drivers
fff17548 T dm_dump_static_driver_info
fff175ac t init_range
fff17603 T regmap_init_mem
fff1774f T syscon_get_by_driver_data
fff17763 t syscon_pre_probe
fff17793 T ofnode_get_name
fff177ac T ofnode_read_u32_index
fff177fe T ofnode_read_u32_default
fff17819 T ofnode_read_bool
fff1783e T ofnode_get_property
fff1785e T ofnode_read_size
fff1788d T ofnode_read_u32_array
fff178b3 T ofnode_is_enabled
fff178cf T ofnode_first_subnode
fff178f3 T ofnode_next_subnode
fff17917 T ofnode_get_parent
fff17934 T ofnode_path
fff17958 T ofnode_get_chosen_node
fff179bf T ofnode_is_available
fff179db T ofnode_read_pci_addr
fff17a8e T ofnode_read_pci_vendev
fff17b60 T ofnode_read_simple_addr_cells
fff17b70 T ofnode_read_simple_size_cells
fff17b80 T ofnode_pre_reloc
fff17c10 T sysreset_get_status
fff17c2e T sysreset_walk
fff17c9b T sysreset_walk_halt
fff17cc9 T do_reset
fff17d10 t sysreset_post_bind
fff17d13 T pch_sysreset_power_off
fff17d96 t x86_sysreset_probe
fff17db0 t x86_sysreset_request
fff17dd8 t x86_sysreset_get_last
fff17dde T pci_get_bus
fff17e21 T pci_get_controller
fff17e5a T dm_pci_get_bdf
fff17e91 t pci_get_bus_max
fff17ecd T pci_bus_find_devfn
fff17f22 T dm_pci_bus_find_bdf
fff17f4d T pci_write_config
fff17f9d T dm_pci_write_config
fff18013 T pci_write_config32
fff18026 T pci_write_config16
fff18039 T pci_write_config8
fff1804c T dm_pci_write_config8
fff1805f T dm_pci_write_config16
fff18072 T dm_pci_write_config32
fff18085 T pci_read_config
fff180d4 T dm_pci_read_config
fff18149 T pci_read_config16
fff18170 T pci_read_config8
fff18195 T dm_pci_read_config8
fff181ba T dm_pci_read_config16
fff181e1 T dm_pci_read_config32
fff18206 T pci_auto_config_devices
fff1830f T dm_pci_hose_probe_bus
fff1837e T dm_pci_find_capability
fff183ed W board_pci_fixup_dev
fff183ee T pci_bind_bus_devices
fff188e6 T dm_pci_read_bar32
fff18922 T dm_pci_bus_to_phys
fff189bc t _dm_pci_bus_to_phys
fff18a3f T dm_pci_map_bar
fff18b5a T dm_pci_find_next_capability
fff18b70 t _dm_pci_find_next_capability
fff18bfb t pci_uclass_pre_probe
fff18ec6 t pci_uclass_post_probe
fff18f0e t pci_uclass_child_post_bind
fff18f3f T pci_init
fff18f71 t pci_bridge_read_config
fff18faa t pci_bridge_write_config
fff18fe4 T dm_pciauto_setup_device
fff19228 T dm_pciauto_prescan_setup_bridge
fff193e2 T dm_pciauto_postscan_setup_bridge
fff194d6 T dm_pciauto_config_device
fff1957e t _pci_x86_read_config
fff1959d t _pci_x86_write_config
fff195bc T setup_video
fff1966b T pciauto_region_align
fff19677 T pciauto_region_allocate
fff196af T pciauto_config_init
fff1976e T pci_class_str
fff19785 T timer_get_count
fff197ab T timer_get_rate
fff197b9 T dm_timer_init
fff19882 t timer_pre_probe
fff198ab t timer_post_probe
fff198c3 T get_timer
fff19901 T timer_get_us
fff19933 T __udelay
fff19980 t tsc_timer_ensure_setup
fff19cc7 t tsc_timer_probe
fff19d10 t tsc_timer_get_count
fff19d2c T virtio_get_config
fff19d46 T virtio_generation
fff19d5d T virtio_reset
fff19d68 T virtio_find_vqs
fff19d7c T virtio_notify
fff19d89 T virtio_add_status
fff19dbb T virtio_finalize_features
fff19e14 T virtio_driver_features_init
fff19e2d T virtio_init
fff19e62 t virtio_uclass_pre_probe
fff19eb0 t virtio_uclass_post_probe
fff19f4e t virtio_uclass_child_post_bind
fff19f5f t virtio_uclass_child_pre_probe
fff1a151 t virtio_uclass_child_post_probe
fff1a164 T virtqueue_add
fff1a397 T virtqueue_kick
fff1a400 T virtqueue_get_buf
fff1a537 T vring_create_virtqueue
fff1a6e8 T vring_del_virtqueue
fff1a712 T virtqueue_get_vring_size
fff1a716 T virtqueue_get_desc_addr
fff1a71a T virtqueue_get_avail_addr
fff1a71e T virtqueue_get_used_addr
fff1a722 T virtqueue_poll
fff1a745 t virtio_pci_bind
fff1a781 t virtio_pci_probe
fff1a846 t virtio_pci_get_config
fff1a87d t virtio_pci_set_config
fff1a8b4 t virtio_pci_get_status
fff1a8da t virtio_pci_set_status
fff1a924 t virtio_pci_reset
fff1a95b t virtio_pci_get_features
fff1a985 t virtio_pci_set_features
fff1a9db t virtio_pci_find_vqs
fff1aab9 t virtio_pci_del_vqs
fff1ab18 t virtio_pci_notify
fff1ab44 t virtio_pci_bind
fff1ab80 t virtio_pci_probe
fff1aca8 t virtio_pci_find_capability
fff1ad1d t virtio_pci_map_capability
fff1ad6a t virtio_pci_get_config
fff1ae8d t virtio_pci_set_config
fff1afe2 t virtio_pci_generation
fff1b00b t virtio_pci_get_status
fff1b031 t virtio_pci_set_status
fff1b07b t virtio_pci_reset
fff1b0c4 t virtio_pci_get_features
fff1b133 t virtio_pci_set_features
fff1b1bd t virtio_pci_find_vqs
fff1b39d t virtio_pci_del_vqs
fff1b3fc t virtio_pci_notify
fff1b45b t virtio_blk_bind
fff1b4ef t virtio_blk_probe
fff1b57f t virtio_blk_read
fff1b59a t virtio_blk_write
fff1b5b5 t virtio_blk_do_req
fff1b689 t virtio_console_bind
fff1b6af t virtio_console_probe
fff1b6ed t add_inbuf
fff1b74d t virtio_console_serial_setbrg
fff1b750 t virtio_console_serial_getc
fff1b7af t virtio_console_serial_putc
fff1b810 t virtio_console_serial_pending
fff1b82a t virtio_rng_bind
fff1b850 t virtio_rng_probe
fff1b875 t virtio_rng_read
fff1b90c T blk_get_if_type_name
fff1b914 T blk_get_devnum_by_typename
fff1b9c3 T blk_list_part
fff1ba2d t get_desc
fff1bad8 T blk_print_part_devnum
fff1bb09 T blk_list_devices
fff1bb5b T blk_print_device_num
fff1bb97 T blk_show_device
fff1bbff T blk_read_devnum
fff1bc32 T blk_dread
fff1bcb0 T blk_write_devnum
fff1bce3 T blk_dwrite
fff1bd27 T blk_dselect_hwpart
fff1bd45 T blk_find_device
fff1bdb4 T blk_find_max_devnum
fff1be0e T blk_next_free_devnum
fff1be30 T blk_create_device
fff1bf99 t blk_post_probe
fff1bfac T blkcache_read
fff1c072 T blkcache_fill
fff1c1a4 T blkcache_invalidate
fff1c200 t uclass_cpu_init
fff1c24c T irq_snapshot_polarities
fff1c260 T irq_first_device_type
fff1c26e T qfw_read_entry
fff1c2e2 T qfw_register
fff1c34e t qfw_pio_probe
fff1c353 t qfw_pio_read_entry_io
fff1c377 t qfw_pio_read_entry_dma
fff1c381 T pch_ioctl
fff1c3a6 T dm_rtc_get
fff1c3b9 T dm_rtc_set
fff1c3cd T dm_rtc_reset
fff1c3e1 t rtc_mc146818_probe
fff1c402 t rtc_mc146818_get
fff1c4f8 t rtc_mc146818_set
fff1c614 t rtc_mc146818_reset
fff1c63f t rtc_mc146818_read8
fff1c65b t rtc_mc146818_write8
fff1c67a T dm_rng_read
fff1c697 T serial_init
fff1c7e1 T serial_setbrg
fff1c820 T serial_initialize
fff1c82e T serial_putc
fff1c882 T serial_puts
fff1c8e1 T serial_getc
fff1c91a T serial_tstc
fff1c94d T serial_stdio_init
fff1c94e t on_baudrate
fff1ca25 t serial_post_probe
fff1cabf t serial_pre_remove
fff1cac2 t serial_stub_putc
fff1cafe t serial_stub_puts
fff1cb45 t serial_stub_getc
fff1cb66 t serial_stub_tstc
fff1cb7e T ns16550_init
fff1cc04 t ns16550_setbrg
fff1cc75 T ns16550_serial_probe
fff1ccd5 T ns16550_serial_of_to_plat
fff1cd95 t ns16550_serial_setbrg
fff1cdcb t ns16550_serial_getc
fff1ce06 t ns16550_serial_putc
fff1ce44 t ns16550_serial_pending
fff1ce77 t ns16550_serial_setconfig
fff1cec5 t ns16550_serial_getinfo
fff1cf04 T env_get_yesno
fff1cf41 T env_get_default
fff1cf90 T env_set_default
fff1d011 T env_set_default_vars
fff1d04a T env_import
fff1d0f1 T env_export
fff1d158 T env_relocate
fff1d174 T env_complete
fff1d2f9 W env_get_location
fff1d304 W env_get_char_spec
fff1d313 T env_get_char
fff1d32c T env_load
fff1d452 T env_save
fff1d53b T env_init
fff1d664 T env_attr_walk
fff1d761 T env_attr_lookup
fff1d7c8 t regex_callback
fff1d908 T env_flags_parse_vartype
fff1d94e T env_flags_parse_varaccess
fff1d997 T env_flags_init
fff1da2f t on_flags
fff1da6a T env_flags_validate
fff1dc32 t clear_flags
fff1dc3c t set_flags
fff1dca9 T env_callback_init
fff1dd80 t on_callbacks
fff1ddbb t clear_callback
fff1ddc5 t set_callback
fff1de6e t env_raw_disk_load
fff1df2c t env_raw_disk_save
fff1dfe0 T fs_get_type
fff1dfe6 T fs_set_blk_dev
fff1e06a T fs_set_blk_dev_with_part
fff1e0ec T fs_close
fff1e112 T fs_exists
fff1e153 T fs_size
fff1e194 T fs_read
fff1e1f9 T fs_write
fff1e286 T fs_opendir
fff1e2ee T fs_readdir
fff1e350 T fs_closedir
fff1e39c T fs_unlink
fff1e3dd T fs_mkdir
fff1e41e T fs_ln
fff1e46a T do_size
fff1e4ec T do_load
fff1e867 T do_ls
fff1e8fc T file_exists
fff1e952 T do_save
fff1ea97 T do_fs_type
fff1eb30 T do_rm
fff1eb9f T do_mkdir
fff1ec20 T do_ln
fff1ec63 T do_fs_types
fff1eccb t fs_ls_generic
fff1ed7b t fs_ln_unsupported
fff1ed7f t fs_probe_unsupported
fff1ed83 t fs_ls_unsupported
fff1ed87 t fs_exists_unsupported
fff1ed8a t fs_size_unsupported
fff1ed8e t fs_read_unsupported
fff1ed92 t fs_write_unsupported
fff1ed96 t fs_close_unsupported
fff1ed97 t fs_uuid_unsupported
fff1ed9b t fs_opendir_unsupported
fff1eda1 t fs_unlink_unsupported
fff1eda5 t fs_mkdir_unsupported
fff1eda9 T fat_set_blk_dev
fff1ee6b T fat_next_cluster
fff1ef6c t get_fatent
fff1f0e0 T file_fat_detectfs
fff1f19b t read_bootsectandvi
fff1f2a8 T fat_exists
fff1f30a t fat_itr_root
fff1f477 t fat_itr_resolve
fff1f5d1 T fat_size
fff1f67b T file_fat_read_at
fff1fa84 T fat_read_file
fff1fac7 T fat_opendir
fff1fb59 T fat_readdir
fff1fc4f t fat_itr_next
fff1feb1 t fat2rtc
fff1ff05 T fat_closedir
fff1ff21 T fat_close
fff1ff22 T fat_uuid
fff1ff7b T file_fat_write_at
fff20214 t split_filename
fff202f7 t normalize_longname
fff2039a t find_directory_entry
fff203f5 t set_name
fff20619 t fat_find_empty_dentries
fff207a5 t fill_dir_slot
fff209a1 t fill_dentry
fff209fb t set_contents
fff2147d t flush_dirty_fat_buffer
fff214fa t flush_dir
fff21582 T file_fat_write
fff215a7 T fat_unlink
fff21872 T fat_mkdir
fff21bff t fat_itr_child
fff21c59 t get_cluster
fff21ded t next_dent
fff21e3e t downcase
fff21e6a t str2fat
fff21ecc t fat_move_to_cluster
fff21f0d t set_fatent_value
fff220a6 t clear_fatent
fff2210a t determine_fatent
fff22139 t disk_write
fff22190 t set_sectors
fff222fc t delete_single_dentry
fff2232f T efi_driver_init
fff22407 t efi_uc_init
fff2240a t efi_uc_destroy
fff2240d t efi_uc_supported
fff224a6 t efi_uc_start
fff22555 t efi_uc_stop
fff2265a t check_node_type
fff226b3 t disconnect_child
fff22708 t efi_bl_read
fff22756 t efi_bl_write
fff227a4 t efi_bl_bind
fff228b6 T efi_bootmgr_load
fff229fe t try_load_entry
fff22bd4 T __efi_entry_check
fff22bea T __efi_exit_check
fff22bf6 T efi_save_gd
fff22bf7 T efi_restore_gd
fff22bf8 T efi_signal_event
fff22c8a t efi_queue_event
fff22ce9 T efi_add_handle
fff22d0d T efi_create_handle
fff22d55 T efi_search_protocol
fff22dbb T efi_search_obj
fff22ddc T efi_remove_protocol
fff22e1c T efi_remove_all_protocols
fff22e67 T efi_delete_handle
fff22e93 T efi_create_event
fff22fa1 T efi_create_event_ex
fff22ffe T efi_timer_check
fff23077 t efi_process_event_queue
fff230ee T efi_set_timer
fff231c7 T efi_add_protocol
fff232ea T efi_register_protocol_notify
fff23373 T efi_install_configuration_table
fff2349b T efi_setup_loaded_image
fff235bf T efi_load_image
fff239dd T efi_close_protocol
fff23a96 T efi_locate_handle_buffer
fff23b37 t efi_locate_handle
fff23c73 T efi_install_multiple_protocol_interfaces
fff23db1 t efi_locate_device_path
fff23ed3 t efi_install_protocol_interface
fff23f26 t efi_uninstall_protocol_interface
fff23f79 T efi_protocol_open
fff24111 t efi_disconnect_controller
fff2436c T efi_start_image
fff24479 t efi_open_protocol
fff245a0 T efi_unload_image
fff2466b t efi_delete_image
fff246ef T efi_handle_protocol
fff24711 T efi_initialize_system_table
fff24773 t efi_uninstall_protocol
fff24838 t efi_disconnect_all_drivers
fff2499b t efi_raise_tpl
fff249b5 t efi_restore_tpl
fff249e0 t efi_allocate_pages_ext
fff24a0d t efi_free_pages_ext
fff24a31 t efi_get_memory_map_ext
fff24a67 t efi_allocate_pool_ext
fff24a8b t efi_free_pool_ext
fff24aa7 t efi_create_event_ext
fff24adf t efi_set_timer_ext
fff24b11 t efi_wait_for_event
fff24bd5 t efi_signal_event_ext
fff24c25 t efi_close_event
fff24d16 t efi_check_event
fff24d79 t efi_reinstall_protocol_interface
fff24dde t efi_locate_handle_ext
fff24e15 t efi_install_configuration_table_ext
fff24e35 t efi_exit
fff24f39 t efi_exit_boot_services
fff2507c t efi_get_next_monotonic_count
fff250b9 t efi_stall
fff25104 t efi_set_watchdog_timer
fff25120 t efi_connect_controller
fff252fa t efi_open_protocol_information
fff253d9 t efi_protocols_per_handle
fff2549c t efi_locate_protocol
fff2559a t efi_uninstall_multiple_protocol_interfaces
fff25693 t efi_calculate_crc32
fff256dc t efi_copy_mem
fff25700 t efi_set_mem
fff25725 t efi_bind_controller
fff257b6 T efi_get_dp_from_boot
fff25899 t efi_cout_reset
fff258ee t efi_cout_output_string
fff25a23 t efi_cout_test_string
fff25a36 t efi_cout_query_mode
fff25a8d t efi_cout_set_mode
fff25af4 t efi_cout_set_attribute
fff25b4e t efi_cout_clear_screen
fff25b79 t efi_cout_set_cursor_position
fff25be8 t efi_cout_enable_cursor
fff25c26 T set_shift_mask
fff25c6d t efi_cin_reset
fff25c97 t efi_cin_read_key_stroke
fff25cef T efi_console_register
fff25fbb t efi_key_notify
fff25fd0 t efi_console_timer_notify
fff25fe5 t efi_cin_empty_buffer
fff26003 t efi_cin_check
fff262b5 t analyze_modifiers
fff26317 t term_get_char
fff2634f t efi_cin_reset_ex
fff26379 t efi_cin_read_key_stroke_ex
fff2642a t efi_cin_set_state
fff26440 t efi_cin_register_key_notify
fff264c5 t efi_cin_unregister_key_notify
fff2651a T efi_dp_next
fff26539 T efi_dp_match
fff265ba T efi_dp_find_obj
fff265f8 t find_obj
fff26749 T efi_dp_last_node
fff26770 T efi_dp_instance_size
fff26799 T efi_dp_size
fff267b8 T efi_dp_dup
fff26803 t dp_alloc
fff26837 T efi_dp_append
fff2684c t efi_dp_append_or_concatenate
fff26930 T efi_dp_append_node
fff269e3 T efi_dp_create_device_node
fff26a1b T efi_dp_append_instance
fff26af5 T efi_dp_get_next_instance
fff26b87 T efi_dp_is_multi_instance
fff26ba8 T efi_dp_from_part
fff26be6 t dp_part_size
fff26c32 t dp_part_fill
fff26c80 T efi_dp_part_node
fff26cb6 t dp_part_node
fff26dbc T efi_dp_from_file
fff26ea6 T efi_dp_from_uart
fff26eef T efi_dp_from_mem
fff26f32 T efi_dp_split_file_path
fff26fa4 T efi_dp_from_name
fff270dd T efi_dp_check_length
fff27125 T efi_dp_from_lo
fff27191 t dp_size
fff27210 t dp_fill
fff27364 T efi_dp_str
fff2738e t efi_convert_device_path_to_text
fff27400 t efi_convert_device_node_to_text
fff27442 t efi_convert_single_device_node_to_text
fff27916 t efi_str_to_u16
fff27959 t get_device_path_size
fff27986 t duplicate_device_path
fff279a8 t append_device_path
fff279d0 t append_device_node
fff279f8 t append_device_path_instance
fff27a20 t get_next_device_path_instance
fff27a48 t is_device_path_multi_instance
fff27a6a t create_device_node
fff27a99 T efi_carve_out_dt_rsv
fff27b9b t efi_reserve_memory
fff27be3 t efi_dt_fixup
fff27ced T efi_file_size
fff27d81 T efi_file_from_path
fff27e86 T efi_simple_file_system
fff27ebd t efi_open_volume
fff27f1e t efi_file_open
fff27f68 t efi_file_close
fff27f90 t efi_file_delete
fff27fdf t efi_file_read
fff28012 t efi_file_write
fff28045 t efi_file_getpos
fff2807a t efi_file_setpos
fff280ee t efi_file_getinfo
fff282d8 t efi_file_setinfo
fff283e5 t efi_file_flush
fff28416 t efi_file_open_ex
fff2847b t efi_file_read_ex
fff284cb t efi_file_write_ex
fff2851b t efi_file_flush_ex
fff28564 t efi_file_open_int
fff287f5 t efi_file_read_int
fff28a95 t efi_get_file_size
fff28ac9 t efi_file_write_int
fff28b5b t new_package_list
fff28bfe t remove_package_list
fff28c3d t update_package_list
fff28cf0 t list_package_lists
fff28dba t export_package_lists
fff28de8 t register_package_notify
fff28e29 t unregister_package_notify
fff28e3f t find_keyboard_layouts
fff28ee4 t get_keyboard_layout
fff28f74 t set_keyboard_layout
fff28f8a t get_package_list_handle
fff28fd9 t new_string
fff290c2 t get_string
fff29169 t set_string
fff2926f t get_languages
fff2933b t get_secondary_languages
fff293bf t add_packages
fff296af t free_packagelist
fff296e4 t free_keyboard_layouts
fff29726 t remove_strings_package
fff29787 t remove_guid_package
fff297b8 t remove_keyboard_package
fff297f0 t language_match
fff29825 T efi_print_image_infos
fff298f9 W invalidate_icache_all
fff298fa T efi_check_pe
fff29938 T efi_load_pe
fff29c8b t efi_set_code_and_data_type
fff29cd2 T efi_set_load_options
fff29d5c T efi_deserialize_load_option
fff29de1 T efi_add_memory_map
fff29e1e t efi_add_memory_map_pg
fff2a199 T efi_allocate_pages
fff2a37e t efi_check_allocated
fff2a3e3 T efi_alloc
fff2a41e T efi_free_pages
fff2a48b T efi_allocate_pool
fff2a504 T efi_free_pool
fff2a58d T efi_get_memory_map
fff2a64b T efi_add_conventional_memory_map
fff2a6ee T efi_memory_init
fff2a768 t efi_mem_cmp
fff2a799 T efi_root_node_register
fff2a858 T efi_init_runtime_supported
fff2a89e W efi_reset_system_init
fff2a8a1 t efi_get_time_boottime
fff2a980 t efi_set_time_boottime
fff2a996 t efi_set_virtual_address_map
fff2abb5 t efi_reset_system_boottime
fff2ac12 W allow_unaligned
fff2ac13 T efi_init_obj_list
fff2ae35 T efi_create_indexed_name
fff2ae95 t efi_stri_coll
fff2af02 t efi_metai_match
fff2af28 t efi_str_lwr
fff2af60 t efi_str_upr
fff2af98 t efi_fat_to_str
fff2afe7 t efi_str_to_fat
fff2b0b7 t metai_match
fff2b21d T efi_get_variable
fff2b269 T efi_set_variable
fff2b2ad T efi_get_next_variable_name
fff2b2d9 T efi_query_variable_info
fff2b32d T efi_init_secure_state
fff2b447 T efi_auth_var_get_type
fff2b49a T efi_get_var
fff2b501 T efi_var_mem_init
fff2b5a1 t efi_var_mem_notify_exit_boot_services
fff2b5f3 T efi_var_collect
fff2b787 T efi_var_to_file
fff2b81a t efi_set_blk_dev_to_system_partition
fff2b88d T efi_var_restore
fff2b991 T efi_var_from_file
fff2ba3e T efi_set_variable_int
fff2bc48 T efi_query_variable_info_int
fff2bc75 T efi_variables_boot_exit_notify
fff2bca7 T efi_init_variables
fff2bcc8 T efi_set_watchdog
fff2bd04 T efi_watchdog_register
fff2bd70 t efi_watchdog_timer_notify
fff2bd9e T efi_fs_from_path
fff2be00 T efi_disk_create_partitions
fff2bee9 t efi_disk_add_dev
fff2c12c T efi_disk_register
fff2c230 t efi_disk_reset
fff2c243 t efi_disk_read_blocks
fff2c2f2 t efi_disk_write_blocks
fff2c3b0 t efi_disk_flush_blocks
fff2c3c3 t efi_disk_rw_blocks
fff2c430 W platform_get_rng_device
fff2c45e T efi_rng_register
fff2c4aa t rng_getinfo
fff2c527 t getrng
fff2c5c9 T efi_initrd_register
fff2c67e T efi_initrd_deregister
fff2c699 t efi_load_file2_initrd
fff2c7c8 t find_image_node
fff2c820 T binman_init
fff2c861 T console_read_unicode
fff2c928 T utf8_get
fff2c9ed T utf8_put
fff2ca83 T utf8_utf16_strnlen
fff2cad2 T utf8_utf16_strncpy
fff2cb35 T utf16_put
fff2cb98 T utf16_get
fff2cc10 T utf16_strnlen
fff2cc5a T utf16_utf8_strnlen
fff2ccc9 T utf16_utf8_strncpy
fff2cd2c T utf_to_lower
fff2cd60 T utf_to_upper
fff2cd94 T u16_strncmp
fff2cdc3 T u16_strlen
fff2cddc T u16_strdup
fff2ce28 T utf16_to_utf8
fff2cf28 T utf_to_cp
fff2cf65 T list_sort
fff2d0f6 t merge
fff2d159 T inflate_fast
fff2d6a1 T inflate_table
fff2db2b T inflateReset
fff2db83 T inflateInit2_
fff2dc62 T zcalloc
fff2dc6c T zcfree
fff2dc73 T inflate
fff2f786 T adler32
fff2f9f0 T inflateEnd
fff2fa38 T gzalloc
fff2fa46 T gzfree
fff2fa4d T gzip_parse_header
fff2fac2 T gunzip
fff2fb06 T zunzip
fff2fbd9 T ulz4fn
fff2ff90 t LZ4_copy8
fff2ff9b T avb_chain_partition_descriptor_validate_and_byteswap
fff300d7 T avb_sub_cmdline
fff302cb T avb_append_options
fff3060b t cmdline_append_option
fff306d0 t cmdline_append_hex
fff3070a T avb_new_cmdline_subst_list
fff30714 T avb_free_cmdline_subst_list
fff30749 T avb_add_root_digest_substitution
fff307dd t uint64_to_base10
fff30831 T avb_get_algorithm_data
fff30844 T avb_rsa_public_key_header_validate_and_byteswap
fff30873 T avb_footer_validate_and_byteswap
fff30940 T avb_hashtree_descriptor_validate_and_byteswap
fff30aec T avb_sha256_init
fff30b0c T avb_sha256_update
fff30ba8 t SHA256_transform
fff30db6 T avb_sha256_final
fff30e87 T avb_slot_verify
fff314ea t load_and_verify_vbmeta
fff32a66 T avb_slot_verify_data_free
fff32b24 T avb_slot_verify_data_calculate_vbmeta_digest
fff32c14 t read_persistent_digest
fff32ec1 t load_full_partition
fff33071 T avb_be32toh
fff33074 T avb_be64toh
fff3307f T avb_safe_memcmp
fff330a8 T avb_safe_add_to
fff330fe T avb_basename
fff3313c T avb_safe_add
fff33165 T avb_validate_utf8
fff331ce T avb_str_concat
fff3328c T avb_malloc
fff332ce T avb_calloc
fff332f1 T avb_strdup
fff3331e T avb_strstr
fff3335b T avb_strv_find_str
fff333a0 T avb_replace
fff33545 T avb_strdupv
fff3363c T avb_uppercase
fff3365b T avb_bin2hex
fff336ab T avb_version_string
fff336b1 T avb_descriptor_validate_and_byteswap
fff33715 T avb_descriptor_foreach
fff339a5 T avb_descriptor_get_all
fff33a14 t count_descriptors
fff33a19 t set_descriptors
fff33a2d T avb_hash_descriptor_validate_and_byteswap
fff33b69 T avb_kernel_cmdline_descriptor_validate_and_byteswap
fff33c55 T avb_rsa_verify
fff34104 t montMul
fff3422d T avb_sha512_init
fff34259 T avb_sha512_update
fff342f5 t SHA512_transform
fff3474d T avb_sha512_final
fff3482b T avb_memcmp
fff34830 T avb_memcpy
fff34835 T avb_memset
fff3483a T avb_strcmp
fff3483f T avb_strncmp
fff34844 T avb_strlen
fff34849 T avb_abort
fff34851 T avb_printv
fff34888 T avb_malloc_
fff3488d T avb_free
fff34892 T avb_div_by_10
fff348c2 T avb_vbmeta_image_verify
fff34e63 T avb_vbmeta_image_header_to_host_byte_order
fff34f85 T avb_vbmeta_verify_result_to_string
fff34fcd T addBootConfigParameters
fff35063 T addBootConfigTrailer
fff350f1 T fdt_ro_probe_
fff3514d T fdt_check_header
fff35228 T fdt_offset_ptr
fff35275 T fdt_next_tag
fff3534b T fdt_check_node_offset_
fff35377 T fdt_check_prop_offset_
fff353a3 T fdt_next_node
fff35430 T fdt_first_subnode
fff3545e T fdt_next_subnode
fff3549c T fdt_find_string_
fff354e5 T fdt_move
fff35526 T fdt_get_string
fff355df T fdt_string
fff355e6 T fdt_get_mem_rsv
fff35633 t fdt_mem_rsv
fff3565c T fdt_num_mem_rsv
fff35695 T fdt_subnode_offset_namelen
fff35751 T fdt_subnode_offset
fff35779 T fdt_path_offset_namelen
fff35843 T fdt_get_alias_namelen
fff35884 T fdt_path_offset
fff358a2 T fdt_get_name
fff35912 T fdt_first_property_offset
fff35933 t nextprop_
fff35980 T fdt_next_property_offset
fff359a1 t fdt_get_property_by_offset_
fff359d9 T fdt_get_property_namelen
fff35a12 t fdt_get_property_namelen_
fff35a9d T fdt_get_property
fff35ace T fdt_getprop_namelen
fff35b20 T fdt_getprop_by_offset
fff35ba2 T fdt_getprop
fff35bd3 T fdt_supernode_atdepth_offset
fff35c6d T fdt_node_depth
fff35c91 T fdt_parent_offset
fff35cda T fdt_stringlist_search
fff35d7b T fdt_node_end_offset_
fff35da5 T fdt_strerror
fff35dd2 T fdt_add_mem_rsv
fff35e4a t fdt_rw_probe_
fff35e9c t fdt_splice_mem_rsv_
fff35eed T fdt_del_mem_rsv
fff35f32 t fdt_splice_struct_
fff35f6e T fdt_setprop_placeholder
fff36022 t fdt_add_property_
fff3613d T fdt_setprop
fff36175 T fdt_delprop
fff361c8 T fdt_add_subnode_namelen
fff3629f T fdt_add_subnode
fff362c7 T fdt_del_node
fff36309 T fdt_open_into
fff3647d t fdt_blocks_misordered_
fff364ba t fdt_packblocks_
fff3653b t fdt_splice_
fff3659f T fdt_address_cells
fff365c9 t fdt_cells
fff36606 T fdt_size_cells
fff36623 T fdtdec_get_int
fff3664f T fdtdec_get_addr_size_fixed
fff36709 T fdtdec_get_number
fff36728 T fdtdec_get_addr_size_auto_parent
fff36781 T fdtdec_get_pci_bar32
fff367aa T fdtdec_get_is_enabled
fff367de T fdtdec_get_alias_seq
fff368ba T fdtdec_get_alias_highest_id
fff3696a T fdtdec_get_chosen_prop
fff3699a T fdtdec_prepare_fdt
fff369eb T fdtdec_get_int_array
fff36a42 T fdtdec_get_bool
fff36a60 T fdtdec_get_config_int
fff36a93 T fdtdec_get_config_string
fff36ac6 T fdt_get_resource
fff36bd2 W board_fdt_blob_setup
fff36bd8 W fdtdec_board_setup
fff36bdb T fdtdec_setup
fff36c2d T qsort
fff36cea T strcmp_compar
fff36cf3 T hcreate_r
fff36d74 T hdestroy_r
fff36dd6 T hmatch_r
fff36e4f T hsearch_r
fff3729d T hdelete_r
fff37370 T hexport_r
fff37612 t cmpkey
fff3761f T himport_r
fff3791e t drop_var_from_set
fff3796c T hwalk_r
fff379ab t match_string
fff37a25 T display_options_get_banner_priv
fff37aad T display_options_get_banner
fff37ac6 T display_options
fff37afe T print_size
fff37c05 W __div64_32
fff37cf9 T hang
fff37d08 T strim
fff37d4c T lmb_dump_all
fff37d4d T lmb_init_and_reserve
fff37dc0 t lmb_reserve_common
fff37ded T lmb_init_and_reserve_range
fff37e40 T lmb_free
fff37fcb t lmb_remove_region
fff38008 t lmb_add_region_flags
fff38301 T lmb_reserve_flags
fff38324 T lmb_reserve
fff38345 T lmb_alloc
fff3835e T lmb_alloc_base
fff383a5 T __lmb_alloc_base
fff385ee T lmb_alloc_addr
fff386bd W board_lmb_reserve
fff386be W arch_lmb_reserve
fff386bf T slre_compile
fff387e1 t compile
fff38e04 T slre_match
fff38e71 t match
fff39196 t get_escape_char
fff391ec t quantifier
fff392b3 t relocate
fff39302 t loop_greedy
fff393ac t loop_non_greedy
fff39412 T strncasecmp
fff3946a T strcasecmp
fff39472 T strcpy
fff39482 T strncpy
fff39498 T strlen
fff394a8 T strcat
fff394c5 T strncat
fff394f1 T strnlen
fff39510 T strcmp
fff39527 T strncmp
fff39559 T strchr
fff39573 T strrchr
fff3959c T strdup
fff395d0 T strsep
fff3961f T memcmp
fff39641 T strstr
fff3969c T memchr
fff396b5 T get_tbclk
fff396e2 T get_ticks
fff3973c W timer_init
fff3973f T usec_to_tick
fff397af T udelay
fff397d5 T uuid_str_valid
fff3982f T uuid_guid_get_bin
fff39877 T uuid_guid_get_str
fff398a9 T uuid_str_to_bin
fff399d7 T uuid_bin_to_str
fff39a83 T rand
fff39aa3 T panic_str
fff39ab0 t panic_finish
fff39adb T panic
fff39af4 t vsnprintf_internal
fff3a1cc T snprintf
fff3a1f3 T sprintf
fff3a21a T printf
fff3a232 T vprintf
fff3a27c T simple_itoa
fff3a2b7 t string16
fff3a382 t string
fff3a3f5 t number
fff3a672 t put_dec_trunc
fff3a739 t put_dec
fff3a893 T simple_strtoul
fff3a927 T hextoul
fff3a931 T dectoul
fff3a93b T strict_strtoul
fff3a99c T simple_strtol
fff3a9b8 T ustrtoul
fff3aa1b T ustrtoull
fff3aa88 T simple_strtoull
fff3ab1a T trailing_strtoln
fff3ab79 T trailing_strtol
fff3ab80 T rtc_calc_weekday
fff3ac55 T __udivdi3
fff3ac6d t _64bit_divide
fff3adbd T __umoddi3
fff3adf8 d _u_boot_list_2_cmd_2_ab_select
fff3adf8 d complete_cmdv.start
fff3adf8 d complete_cmdv.start.17
fff3adf8 d do_help.start
fff3adf8 d do_help.start.6
fff3adf8 d find_cmd.start
fff3adf8 d find_cmd.start.2
fff3ae14 d _u_boot_list_2_cmd_2_avb
fff3ae30 d _u_boot_list_2_cmd_2_boot
fff3ae4c d _u_boot_list_2_cmd_2_boot_android
fff3ae68 d _u_boot_list_2_cmd_2_bootd
fff3ae84 d _u_boot_list_2_cmd_2_bootefi
fff3aea0 d _u_boot_list_2_cmd_2_bootm
fff3aebc d _u_boot_list_2_cmd_2_bootz
fff3aed8 d _u_boot_list_2_cmd_2_date
fff3aef4 d _u_boot_list_2_cmd_2_dm
fff3af10 d _u_boot_list_2_cmd_2_echo
fff3af2c d _u_boot_list_2_cmd_2_editenv
fff3af48 d _u_boot_list_2_cmd_2_env
fff3af64 d _u_boot_list_2_cmd_2_exit
fff3af80 d _u_boot_list_2_cmd_2_false
fff3af9c d _u_boot_list_2_cmd_2_fatinfo
fff3afb8 d _u_boot_list_2_cmd_2_fatload
fff3afd4 d _u_boot_list_2_cmd_2_fatls
fff3aff0 d _u_boot_list_2_cmd_2_fatmkdir
fff3b00c d _u_boot_list_2_cmd_2_fatrm
fff3b028 d _u_boot_list_2_cmd_2_fatsize
fff3b044 d _u_boot_list_2_cmd_2_fatwrite
fff3b060 d _u_boot_list_2_cmd_2_fdt
fff3b07c d _u_boot_list_2_cmd_2_fstype
fff3b098 d _u_boot_list_2_cmd_2_fstypes
fff3b0b4 d _u_boot_list_2_cmd_2_gpt
fff3b0d0 d _u_boot_list_2_cmd_2_help
fff3b0ec d _u_boot_list_2_cmd_2_itest
fff3b108 d _u_boot_list_2_cmd_2_ln
fff3b124 d _u_boot_list_2_cmd_2_load
fff3b140 d _u_boot_list_2_cmd_2_ls
fff3b15c d _u_boot_list_2_cmd_2_mtrr
fff3b178 d _u_boot_list_2_cmd_2_panic
fff3b194 d _u_boot_list_2_cmd_2_part
fff3b1b0 d _u_boot_list_2_cmd_2_pci
fff3b1cc d _u_boot_list_2_cmd_2_printenv
fff3b1e8 d _u_boot_list_2_cmd_2_question_mark
fff3b204 d _u_boot_list_2_cmd_2_read
fff3b220 d _u_boot_list_2_cmd_2_reset
fff3b23c d _u_boot_list_2_cmd_2_run
fff3b258 d _u_boot_list_2_cmd_2_save
fff3b274 d _u_boot_list_2_cmd_2_saveenv
fff3b290 d _u_boot_list_2_cmd_2_setenv
fff3b2ac d _u_boot_list_2_cmd_2_setexpr
fff3b2c8 d _u_boot_list_2_cmd_2_showvar
fff3b2e4 d _u_boot_list_2_cmd_2_size
fff3b300 d _u_boot_list_2_cmd_2_sleep
fff3b31c d _u_boot_list_2_cmd_2_source
fff3b338 d _u_boot_list_2_cmd_2_test
fff3b354 d _u_boot_list_2_cmd_2_true
fff3b370 d _u_boot_list_2_cmd_2_verified_boot_android
fff3b38c d _u_boot_list_2_cmd_2_version
fff3b3a8 d _u_boot_list_2_cmd_2_virtio
fff3b3c4 d _u_boot_list_2_cmd_2_zboot
fff3b3e0 d _u_boot_list_2_driver_2_cpu_bus
fff3b3e0 d complete_cmdv.end
fff3b3e0 d dm_dump_driver_compat.start
fff3b3e0 d dm_dump_driver_compat.start.4
fff3b3e0 d dm_dump_drivers.start
fff3b3e0 d dm_dump_drivers.start.11
fff3b3e0 d do_help.end
fff3b3e0 d efi_driver_init.start
fff3b3e0 d find_cmd.end
fff3b3e0 d fix_drivers.start
fff3b3e0 d fix_drivers.start.1
fff3b3e0 d lists_bind_fdt.start
fff3b3e0 d lists_bind_fdt.start.3
fff3b3e0 d lists_driver_lookup_name.start
fff3b3e0 d lists_driver_lookup_name.start.1
fff3b424 d _u_boot_list_2_driver_2_cpu_qemu_drv
fff3b468 d _u_boot_list_2_driver_2_cpu_x86_drv
fff3b4ac d _u_boot_list_2_driver_2_efi_blk
fff3b4f0 d _u_boot_list_2_driver_2_efi_block
fff3b534 d _u_boot_list_2_driver_2_generic_syscon
fff3b578 d _u_boot_list_2_driver_2_irq_router_drv
fff3b5bc d _u_boot_list_2_driver_2_motorola_mc146818
fff3b600 d _u_boot_list_2_driver_2_ns16550_serial
fff3b644 d _u_boot_list_2_driver_2_pci_bridge_drv
fff3b688 d _u_boot_list_2_driver_2_pci_generic_drv
fff3b6cc d _u_boot_list_2_driver_2_pci_x86
fff3b710 d _u_boot_list_2_driver_2_qfw_pio
fff3b754 d _u_boot_list_2_driver_2_root_driver
fff3b798 d _u_boot_list_2_driver_2_simple_bus
fff3b7dc d _u_boot_list_2_driver_2_virtio_blk
fff3b820 d _u_boot_list_2_driver_2_virtio_console
fff3b864 d _u_boot_list_2_driver_2_virtio_pci_legacy
fff3b8a8 d _u_boot_list_2_driver_2_virtio_pci_modern
fff3b8ec d _u_boot_list_2_driver_2_virtio_rng
fff3b930 d _u_boot_list_2_driver_2_x86_reset
fff3b974 d _u_boot_list_2_driver_2_x86_tsc_timer
fff3b9b8 d _u_boot_list_2_driver_info_2_x86_qfw_pio
fff3b9b8 d bind_drivers_pass.start
fff3b9b8 d bind_drivers_pass.start.14
fff3b9b8 d dm_dump_driver_compat.end
fff3b9b8 d dm_dump_drivers.end
fff3b9b8 d dm_dump_static_driver_info.start
fff3b9b8 d dm_dump_static_driver_info.start.19
fff3b9b8 d efi_driver_init.end
fff3b9b8 d fix_devices.start
fff3b9b8 d fix_devices.start.3
fff3b9b8 d fix_drivers.end
fff3b9b8 d lists_bind_fdt.end
fff3b9b8 d lists_driver_lookup_name.end
fff3b9c0 d _u_boot_list_2_env_clbk_2_baudrate
fff3b9c0 d bind_drivers_pass.end
fff3b9c0 d dm_dump_static_driver_info.end
fff3b9c0 d find_env_callback.start
fff3b9c0 d find_env_callback.start.3
fff3b9c0 d fix_devices.end
fff3b9c8 d _u_boot_list_2_env_clbk_2_callbacks
fff3b9d0 d _u_boot_list_2_env_clbk_2_console
fff3b9d8 d _u_boot_list_2_env_clbk_2_flags
fff3b9e0 d _u_boot_list_2_env_clbk_2_loadaddr
fff3b9e8 d _env_driver_lookup.start
fff3b9e8 d _env_driver_lookup.start.11
fff3b9e8 d _u_boot_list_2_env_driver_2_raw_disk
fff3b9e8 d env_select.start
fff3b9e8 d env_select.start.8
fff3b9e8 d find_env_callback.end
fff3ba00 d _env_driver_lookup.end
fff3ba00 d _u_boot_list_2_part_driver_2_a_efi
fff3ba00 d do_part_types.start
fff3ba00 d do_part_types.start.18
fff3ba00 d env_select.end
fff3ba00 d part_driver_get_count.start
fff3ba00 d part_driver_get_first.start
fff3ba00 d part_driver_lookup_type.start
fff3ba00 d part_driver_lookup_type.start.42
fff3ba00 d part_init.start
fff3ba00 d part_init.start.18
fff3ba18 d _u_boot_list_2_part_driver_2_dos
fff3ba30 d _u_boot_list_2_part_driver_2_iso
fff3ba48 d _u_boot_list_2_pci_driver_entry_2_virtio_pci_legacy
fff3ba48 d do_part_types.end
fff3ba48 d part_driver_get_count.end
fff3ba48 d part_driver_lookup_type.end
fff3ba48 d part_init.end
fff3ba48 d pci_find_and_bind_driver.start
fff3ba48 d pci_find_and_bind_driver.start.15
fff3ba50 d _u_boot_list_2_pci_driver_entry_2_virtio_pci_modern
fff3ba58 d _u_boot_list_2_uclass_driver_2_blk
fff3ba58 d fix_uclass.start
fff3ba58 d fix_uclass.start.2
fff3ba58 d lists_uclass_lookup.start
fff3ba58 d lists_uclass_lookup.start.2
fff3ba58 d pci_find_and_bind_driver.end
fff3baa0 d _u_boot_list_2_uclass_driver_2_cpu
fff3bae8 d _u_boot_list_2_uclass_driver_2_efi
fff3bb30 d _u_boot_list_2_uclass_driver_2_irq
fff3bb78 d _u_boot_list_2_uclass_driver_2_lpc
fff3bbc0 d _u_boot_list_2_uclass_driver_2_nop
fff3bc08 d _u_boot_list_2_uclass_driver_2_northbridge
fff3bc50 d _u_boot_list_2_uclass_driver_2_pch
fff3bc98 d _u_boot_list_2_uclass_driver_2_pci
fff3bce0 d _u_boot_list_2_uclass_driver_2_pci_generic
fff3bd28 d _u_boot_list_2_uclass_driver_2_qfw
fff3bd70 d _u_boot_list_2_uclass_driver_2_rng
fff3bdb8 d _u_boot_list_2_uclass_driver_2_root
fff3be00 d _u_boot_list_2_uclass_driver_2_rtc
fff3be48 d _u_boot_list_2_uclass_driver_2_serial
fff3be90 d _u_boot_list_2_uclass_driver_2_simple_bus
fff3bed8 d _u_boot_list_2_uclass_driver_2_syscon
fff3bf20 d _u_boot_list_2_uclass_driver_2_sysreset
fff3bf68 d _u_boot_list_2_uclass_driver_2_timer
fff3bfb0 d _u_boot_list_2_uclass_driver_2_virtio
fff3bff8 d fix_uclass.end
fff3bff8 d lists_uclass_lookup.end
fff3bff8 r .L__const.getrng.rng_raw_guid
fff3c008 r .L__const.get_initrd_fp.lf2_initrd_guid
fff3c018 r efi_block_io_guid
fff3c028 r efi_file_info_guid
fff3c038 r efi_file_system_info_guid
fff3c048 r efi_global_variable_guid
fff3c058 r efi_guid_device_path
fff3c068 r efi_guid_device_path_to_text_protocol
fff3c078 r efi_guid_device_path_utilities_protocol
fff3c088 r efi_guid_driver_binding_protocol
fff3c098 r efi_guid_dt_fixup_protocol
fff3c0a8 r efi_guid_event_group_exit_boot_services
fff3c0b8 r efi_guid_event_group_memory_map_change
fff3c0c8 r efi_guid_event_group_reset_system
fff3c0d8 r efi_guid_fdt
fff3c0e8 r efi_guid_hii_database_protocol
fff3c0f8 r efi_guid_hii_string_protocol
fff3c108 r efi_guid_image_security_database
fff3c118 r efi_guid_load_file2_protocol
fff3c128 r efi_guid_load_file_protocol
fff3c138 r efi_guid_loaded_image
fff3c148 r efi_guid_loaded_image_device_path
fff3c158 r efi_guid_rng_protocol
fff3c168 r efi_guid_text_input_ex_protocol
fff3c178 r efi_guid_text_input_protocol
fff3c188 r efi_guid_text_output_protocol
fff3c198 r efi_guid_unicode_collation_protocol2
fff3c1a8 r efi_guid_virtio_dev
fff3c1b8 r efi_rt_properties_table_guid
fff3c1c8 r efi_simple_file_system_protocol_guid
fff3c1d8 r efi_system_partition_guid
fff3c1e8 r efi_system_volume_label_id
fff3c1f8 r efi_u_boot_guid
fff3c208 r list_guid
fff3c2e0 r partition_basic_data_guid
fff3c2f0 r sha512_h0
fff3c330 r sha512_k
fff3c5b0 r system_guid
fff3c70c r baudrate_table
fff3c750 r block_io_disk_template
fff3c76c r boot_os
fff3c7b4 r bootloader_id
fff3c914 r color
fff3c980 r cpu_qemu_ids
fff3c990 r cpu_qemu_ops
fff3c9a4 r cpu_x86_ids
fff3c9b4 r cpu_x86_ops
fff3c9c8 r env_flags_varaccess_mask
fff3ca38 r sha256_h0
fff3cb40 r driver_ops
fff3cb4c r e820_type_name
fff3cb74 r efi_blk_ops
fff3ccd0 r efi_device_path_to_text
fff3ccd8 r efi_device_path_utilities
fff3ccf8 r efi_file_handle_protocol
fff3cd38 r efi_hii_database
fff3cd64 r efi_hii_string
fff3cd78 r efi_lf2_protocol
fff3cda8 r efi_rng_protocol
fff3cdb0 r efi_unicode_collation_protocol2
fff3cddc r exceptions
fff3ce5c r fdt_errtable
fff3cea8 r fdt_member_table
fff3cef4 r freq_desc_tables
fff3d00c r fstypes
fff3d094 r generic_simple_bus_ids
fff3d0ac r generic_syscon_ids
fff3d0f4 r if_type_uclass_id
fff3d12c r if_typename_str
fff3d1e8 r init_sequence_f
fff3d2a8 r init_sequence_f_r
fff3d2b0 r irq_router_ids
fff3d354 r month_offset
fff3d384 r mtrr_type_name
fff3d3a0 r name_type
fff3d400 r ns16550_serial_ids
fff3d430 r ns16550_serial_ops
fff3d450 r op_adv
fff3d550 r op_table
fff3d5e4 r pci_bridge_ids
fff3d5f4 r pci_bridge_ops
fff3d5fc r pci_flag_info
fff3d624 r pci_generic_ids
fff3d634 r pci_x86_ids
fff3d644 r pci_x86_ops
fff3d64c r reserved_list
fff3d6d0 r rtc_mc146818_ids
fff3d6e0 r rtc_mc146818_ops
fff3d70c r sha256_k
fff3d80c r tsc_timer_ids
fff3d81c r tsc_timer_ops
fff3d820 r uimage_comp
fff3d880 r uimage_os
fff3d91c r uimage_type
fff3db30 r virtio_blk_ops
fff3db40 r virtio_console_serial_ops
fff3db60 r virtio_drv_name
fff3db94 r virtio_pci_ops
fff3dbc0 r virtio_pci_ops
fff3dc0c r virtio_rng_ops
fff3dc68 r weekdays
fff3dc84 r x86_sysreset_ids
fff3dc94 r x86_vendor_name
fff3dcc0 r x86_vendors
fff3dd18 r END
fff3dd1c r ROOT
fff3dd30 r capitalization_table
fff3ec00 r codepage_437
fff3ed00 r distfix
fff3ed80 r dp_lf2_handle
fff3ed98 r inflate.order
fff3edbe r inflate_table.dbase
fff3edfe r inflate_table.dext
fff3ee3e r inflate_table.lbase
fff3ee7c r inflate_table.lext
fff3eeba r lenfix
fff3f861 r LONG_ONLY_CHARS
fff3f868 r _ctype
fff3f968 r number.digits
fff3f978 r default_environment
fff406fe r env_flags_varaccess_rep
fff40703 r env_flags_vartype_rep
fff40708 r erase_seq
fff4070c r hex_asc
fff4071d r illegal
fff4072e r padding_RSA2048_SHA256
fff4080e r padding_RSA2048_SHA512
fff408ce r padding_RSA4096_SHA256
fff40aae r padding_RSA4096_SHA512
fff40c6e r padding_RSA8192_SHA256
fff4104e r padding_RSA8192_SHA512
fff4140e r print_size.names
fff47256 r .L.str.8
fff472b2 r .L.str.17
fff472b7 r .L.str.18
fff4e39b r tab_seq
fff4e3a4 r version_string
fff4e3f0 D gdt64
fff4e3f0 d gdt
fff4e420 d gdt_end
fff4e420 d load_flags
fff4e440 d xload_flags
fff4e468 d zboot_subcmds
fff4e510 d bootm_help_text
fff4e8a0 d cmd_bootm_sub
fff4e99c d source_help_text
fff4e9ea d bootefi_help_text
fff4eb75 d bootz_help_text
fff4ed80 d default_tm
fff4eda4 d test_commands
fff4ee4c d fdt_help_text
fff4f4b3 d do_fdt.root
fff4f4b5 d fdt_print.tabs
fff4f4d8 d regs_start
fff4f520 d regs_rest
fff4f580 d regs_normal
fff4f628 d regs_bridge
fff4f724 d regs_cardbus
fff4f850 d pci_help_text
fff4faa0 d cmd_avb
fff4fb9c d env_id
fff4fba0 d env_help_text
fff4fdfc d cmd_env_sub
fff4ff14 d init_sequence_r
fff4ff90 d hist_cur
fff4ff94 d av_
fff5039c d trim_threshold
fff503a0 d sbrk_base
fff503a4 d image_load_addr
fff503a8 d stdio_names
fff503b4 D _binary_common_avb_pubkey_start
fff507bc D _binary_common_avb_pubkey_end
fff507bc d root_info
fff507c4 d x86_sysreset_ops
fff507d0 d virtio_pci_supported
fff50eec d virtio_pci_supported
fff51608 d _stats
fff5161c d block_cache
fff51624 d qfw_pio_ops
fff5162c d env_htab
fff5163c d efi_obj_list
fff51644 d efi_event_queue
fff5164c d efi_register_notify_events
fff51654 d entry_count
fff51658 d efi_boot_services
fff51720 d efi_tpl
fff51724 d efi_con_mode
fff5173c d efi_con_out
fff51764 d efi_con_in
fff51770 d efi_con_in_ex
fff51788 d efi_cout_modes
fff517ac d cin_notify_functions
fff517b4 d efi_dt_fixup_prot
fff517c0 d efi_package_lists
fff517c8 d efi_keyboard_layout_list
fff517d0 d efi_mem
fff517d8 d efi_obj_list_initialized
fff517dc d algorithm_data
fff51830 d y
fff51844 d _GLOBAL_OFFSET_TABLE_
fff51844 d __efi_runtime_rel_start
fff5199c A __data_end
fff5199c A __init_end
fff5199c d __efi_runtime_rel_stop
fff519ac A __rel_dyn_start
fff519ac B __bss_start
fff519ac b i440fx
fff519b0 b idt
fff521b0 b idt_ptr
fff521b8 b irq_handlers
fff52278 b spurious_irq_cnt
fff5227c b state
fff52298 b image_addr
fff5229c b image_size
fff522a0 b bootefi_device_path
fff522a4 b bootefi_image_path
fff522a8 b working_fdt
fff522ac b do_fdt.data
fff526ac b virtio_curr_dev
fff526b0 b avb_ops
fff526b4 b top_vars
fff526b8 b get_dollar_var.buf
fff526e0 b last_return_code
fff526e4 b flag_repeat
fff526e8 b ifs
fff526ec b map
fff527ec b do_repeat
fff527ed b get_user_input.the_command
fff529f0 b stored_bootdelay
fff529f4 b monitor_flash_len
fff529f8 b images
fff52bd8 b console_buffer
fff52ddc b cli_readline_into_buffer.initted
fff52de0 b hist_max
fff52de4 b hist_add_idx
fff52de8 b hist_num
fff52dec b hist_lines
fff55600 b hist_list
fff55650 b ctrlc_disabled
fff55654 b ctrlc_was_pressed
fff55658 b mem_malloc_start
fff5565c b mem_malloc_end
fff55660 b mem_malloc_brk
fff55664 b top_pad
fff55668 b max_sbrked_mem
fff5566c b max_total_mem
fff55670 b current_mallinfo.0
fff55674 b stdio_devices
fff55680 b devs
fff556cc b env_complete_buf
fff558cc b tmp_buf
fff55b00 b tmpbuf
fff56300 b print_efiname.name
fff56326 b mode_info
fff5642c b virtio_pci_bind.num_devs
fff56430 b virtio_pci_bind.num_devs
fff56434 b first_call
fff56438 b flags_list
fff5643c b first_call
fff56440 b callback_list
fff56444 b fs_type
fff56448 b fs_dev_desc
fff5644c b fs_partition
fff564e8 b fs_dev_part
fff564ec b cur_dev
fff564f0 b cur_part_info
fff5658c b total_sector
fff56590 b get_set_cluster.tmpbuf_cluster
fff56594 b bs
fff56598 b rs
fff5659c b timers_enabled
fff565a0 b current_image
fff565a4 b efi_st_keep_devices
fff565a8 b efi_get_next_monotonic_count.mono
fff565b0 b console_timer_event
fff565b4 b key_available
fff565b8 b next_key
fff565c4 b efi_memory_map_key
fff565c8 b efi_root
fff565cc b watchdog_timer_event
fff565d0 b efi_system_partition
fff565dc b efi_initrd_handle
fff565e0 b binman
fff565e4 b errno
fff565e8 b simple_itoa.local
fff56600 B __bss_end
fff5d944 A __rel_dyn_end
fff5d944 A _end
