00000408 A _binary_common_avb_pubkey_size
0000f800 T start16
0000f831 t ff
0000f83a t code32start
0000f840 t idt_ptr
0000f846 t gdt_ptr
0000f850 T gdt_rom
0000fff0 t reset_vector
fff00000 A __text_start
fff00000 T _x86boot_start
fff0001c T _start
fff0003f T car_init_ret
fff00076 T board_init_f_r_trampoline
fff00082 t die
fff00088 W car_uninit
fff00089 t blank_idt_ptr
fff00090 t multiboot_header
fff000b0 T efi_reset_system
fff000b0 d __efi_runtime_start
fff000c8 T efi_memcpy_runtime
fff000de T efi_update_table_header_crc32
fff00100 W efi_get_time
fff00106 W efi_set_time
fff0010c T efi_update_capsule_unsupported
fff00112 T efi_query_capsule_caps_unsupported
fff00118 T efi_convert_pointer
fff001c2 t efi_unimplemented
fff001c8 t efi_set_virtual_address_map_runtime
fff001ce t efi_convert_pointer_runtime
fff001d4 T efi_runtime_detach
fff0021a T efi_runtime_relocate
fff00327 T efi_get_variable_runtime
fff0035a T efi_get_next_variable_name_runtime
fff0036b T efi_var_mem_find
fff0043f t efi_var_mem_compare
fff0049f T efi_var_mem_del
fff0050c T efi_var_mem_ins
fff005ec T efi_var_mem_free
fff005fd t efi_var_mem_notify_virtual_address_map
fff0061f T efi_get_variable_mem
fff006a8 T efi_get_next_variable_name_mem
fff00741 T efi_get_variable_int
fff00746 T efi_get_next_variable_name_int
fff0074b T efi_query_variable_info_runtime
fff00751 t efi_set_variable_runtime
fff00757 T u16_strnlen
fff00771 T crc32_no_comp
fff0082a T crc32
fff0083c t crc_table
fff00c3c t efi_events
fff00c44 t systab
fff00c8c t firmware_vendor
fff00ca4 t efi_runtime_mmio
fff00cac t efi_runtime_services
fff00cfc t efi_virtmap
fff00d00 t efi_descriptor_count
fff00d04 t efi_descriptor_size
fff00d08 t efi_runtime_relocate.lastoff
fff00d0c t efi_var_buf
fff00d10 t efi_current_var
fff00d14 d __efi_runtime_stop
fff00d20 T x86_init_cache
fff00d20 W init_cache
fff00d2e T flush_cache
fff00d31 T flush_dcache_range
fff00d32 T cpu_vendor_name
fff00d49 T cpu_get_name
fff00d93 W board_final_init
fff00d94 W board_final_cleanup
fff00d95 T last_stage_init
fff00dda T cpu_init_r
fff00e3a T reserve_arch
fff00e5c T cpu_x86_bind
fff00eb5 T cpu_x86_get_vendor
fff00ef0 T cpu_x86_get_desc
fff00f1d T cpu_x86_get_count
fff00fa8 T microcode_read_rev
fff00fc6 T car_init
fff00fd7 T qemu_get_low_memory_size
fff00ff7 T qemu_get_high_memory_size
fff0101b T dram_init
fff0106a T dram_init_banksize
fff010e2 T board_get_usable_ram_top
fff01102 T arch_cpu_init
fff0110b T checkcpu
fff0110e T arch_early_init_r
fff01258 T arch_misc_init
fff01270 T mp_determine_pci_dstirq
fff012b9 T cpu_qemu_get_desc
fff012d3 t cpu_qemu_get_count
fff012f0 T install_e820_map
fff013f0 T lapic_read
fff013f7 T lapic_write
fff013fe T enable_lapic
fff0141d T lapicid
fff01426 T lapic_setup
fff01498 T io_apic_read
fff014a3 T qemu_cpu_fixup
fff01622 T pirq_check_irq_routed
fff016d5 T pirq_translate_link
fff01715 T pirq_assign_irq
fff017bd T irq_router_probe
fff01be9 T mp_run_on_cpus
fff01c35 t get_bsp
fff01ca4 T mp_first_cpu
fff01cff T mp_next_cpu
fff01d05 T mp_init
fff020c4 t find_cpu_by_apic_id
fff02120 t mp_init_cpu
fff0214f t ap_wait_for_instruction
fff02152 t ap_init
fff021d3 t apic_wait_timeout
fff0221a T mtrr_open
fff02262 T mtrr_close
fff0229c T mtrr_read_all
fff022e6 T mtrr_get_var_count
fff022f1 T mtrr_write_all
fff02359 T mtrr_commit
fff02452 t h_comp_mtrr
fff02473 T mtrr_set_next_var
fff0250b T mtrr_set_valid
fff0252d t mtrr_start_op
fff02569 T mtrr_set
fff025a8 t read_mtrrs
fff025ad t write_mtrrs
fff025b2 t mtrr_do_oper
fff0260f T pci_x86_read_config
fff02669 T pci_x86_write_config
fff026c1 T pci_assign_irqs
fff0274c T ap_start16
fff02790 T sipi_params_16bit
fff02790 t ap_start_jmp
fff02798 t gdtaddr
fff027a0 T ap_start
fff027a0 T ap_start16_code_end
fff02805 t lock_microcode
fff02810 t load_microcode
fff02830 t microcode_done
fff02840 t load_msr
fff02868 T sipi_params
fff02868 t idt_ptr
fff0286c t stack_top
fff02870 t stack_size
fff02874 t microcode_lock
fff02878 t microcode_ptr
fff0287c t msr_table_ptr
fff02880 t msr_count
fff02884 t c_handler
fff02888 t ap_count
fff0288c T cpu_call64
fff028dd t code64
fff028dd t lret_target
fff028e2 T call64_stub_size
fff028e6 T arch_setup_gd
fff029c2 t setup_identity
fff02ad7 T x86_cpu_init_f
fff02ba8 T x86_enable_caches
fff02ba8 W enable_caches
fff02bb6 T x86_disable_caches
fff02bb6 W disable_caches
fff02bc6 T dcache_status
fff02bd3 T cpu_has_64bit
fff02c19 T cpu_jump_to_64bit
fff02c5e t build_pagetable
fff02cb3 T x86_mp_init
fff02cd5 T irq_common_entry
fff02d04 T irq_0
fff02d0b T irq_1
fff02d12 T irq_2
fff02d19 T irq_3
fff02d20 T irq_4
fff02d27 T irq_5
fff02d2e T irq_6
fff02d35 T irq_7
fff02d3c T irq_8
fff02d43 T irq_9
fff02d4a T irq_10
fff02d51 T irq_11
fff02d58 T irq_12
fff02d5f T irq_13
fff02d66 T irq_14
fff02d6d T irq_15
fff02d74 T irq_16
fff02d7b T irq_17
fff02d82 T irq_18
fff02d89 T irq_19
fff02d90 T irq_20
fff02d97 T irq_21
fff02d9e T irq_22
fff02da5 T irq_23
fff02dac T irq_24
fff02db3 T irq_25
fff02dba T irq_26
fff02dc1 T irq_27
fff02dc8 T irq_28
fff02dcf T irq_29
fff02dd6 T irq_30
fff02ddd T irq_31
fff02de4 T irq_32
fff02deb T irq_33
fff02df2 T irq_34
fff02df9 T irq_35
fff02e00 T irq_36
fff02e07 T irq_37
fff02e0e T irq_38
fff02e15 T irq_39
fff02e1c T irq_40
fff02e23 T irq_41
fff02e2a T irq_42
fff02e31 T irq_43
fff02e38 T irq_44
fff02e3f T irq_45
fff02e46 T irq_46
fff02e4d T irq_47
fff02e54 T irq_48
fff02e5b T irq_49
fff02e62 T irq_50
fff02e69 T irq_51
fff02e70 T irq_52
fff02e77 T irq_53
fff02e7e T irq_54
fff02e85 T irq_55
fff02e8c T irq_56
fff02e93 T irq_57
fff02e9a T irq_58
fff02ea1 T irq_59
fff02ea8 T irq_60
fff02eaf T irq_61
fff02eb6 T irq_62
fff02ebd T irq_63
fff02ec4 T irq_64
fff02ecb T irq_65
fff02ed2 T irq_66
fff02ed9 T irq_67
fff02ee0 T irq_68
fff02ee7 T irq_69
fff02eee T irq_70
fff02ef5 T irq_71
fff02efc T irq_72
fff02f03 T irq_73
fff02f0a T irq_74
fff02f11 T irq_75
fff02f18 T irq_76
fff02f1f T irq_77
fff02f26 T irq_78
fff02f2d T irq_79
fff02f34 T irq_80
fff02f3b T irq_81
fff02f42 T irq_82
fff02f49 T irq_83
fff02f50 T irq_84
fff02f57 T irq_85
fff02f5e T irq_86
fff02f65 T irq_87
fff02f6c T irq_88
fff02f73 T irq_89
fff02f7a T irq_90
fff02f81 T irq_91
fff02f88 T irq_92
fff02f8f T irq_93
fff02f96 T irq_94
fff02f9d T irq_95
fff02fa4 T irq_97
fff02fab T irq_96
fff02fb2 T irq_98
fff02fb9 T irq_99
fff02fc0 T irq_100
fff02fc7 T irq_101
fff02fce T irq_102
fff02fd5 T irq_103
fff02fdc T irq_104
fff02fe3 T irq_105
fff02fea T irq_106
fff02ff1 T irq_107
fff02ff8 T irq_108
fff02fff T irq_109
fff03006 T irq_110
fff0300d T irq_111
fff03014 T irq_112
fff0301b T irq_113
fff03022 T irq_114
fff03029 T irq_115
fff03030 T irq_116
fff03037 T irq_117
fff0303e T irq_118
fff03045 T irq_119
fff0304c T irq_120
fff03053 T irq_121
fff0305a T irq_122
fff03061 T irq_123
fff03068 T irq_124
fff0306f T irq_125
fff03076 T irq_126
fff0307d T irq_127
fff03084 T irq_128
fff0308e T irq_129
fff03098 T irq_130
fff030a2 T irq_131
fff030ac T irq_132
fff030b6 T irq_133
fff030c0 T irq_134
fff030ca T irq_135
fff030d4 T irq_136
fff030de T irq_137
fff030e8 T irq_138
fff030f2 T irq_139
fff030fc T irq_140
fff03106 T irq_141
fff03110 T irq_142
fff0311a T irq_143
fff03124 T irq_144
fff0312e T irq_145
fff03138 T irq_146
fff03142 T irq_147
fff0314c T irq_148
fff03156 T irq_149
fff03160 T irq_150
fff0316a T irq_151
fff03174 T irq_152
fff0317e T irq_153
fff03188 T irq_154
fff03192 T irq_155
fff0319c T irq_156
fff031a6 T irq_157
fff031b0 T irq_158
fff031ba T irq_159
fff031c4 T irq_160
fff031ce T irq_161
fff031d8 T irq_162
fff031e2 T irq_163
fff031ec T irq_164
fff031f6 T irq_165
fff03200 T irq_166
fff0320a T irq_167
fff03214 T irq_168
fff0321e T irq_169
fff03228 T irq_170
fff03232 T irq_171
fff0323c T irq_172
fff03246 T irq_173
fff03250 T irq_174
fff0325a T irq_175
fff03264 T irq_176
fff0326e T irq_177
fff03278 T irq_178
fff03282 T irq_179
fff0328c T irq_180
fff03296 T irq_181
fff032a0 T irq_182
fff032aa T irq_183
fff032b4 T irq_184
fff032be T irq_185
fff032c8 T irq_186
fff032d2 T irq_187
fff032dc T irq_188
fff032e6 T irq_189
fff032f0 T irq_190
fff032fa T irq_191
fff03304 T irq_192
fff0330e T irq_193
fff03318 T irq_194
fff03322 T irq_195
fff0332c T irq_196
fff03336 T irq_197
fff03340 T irq_198
fff0334a T irq_199
fff03354 T irq_200
fff0335e T irq_201
fff03368 T irq_202
fff03372 T irq_203
fff0337c T irq_204
fff03386 T irq_205
fff03390 T irq_206
fff0339a T irq_207
fff033a4 T irq_208
fff033ae T irq_209
fff033b8 T irq_210
fff033c2 T irq_211
fff033cc T irq_212
fff033d6 T irq_213
fff033e0 T irq_214
fff033ea T irq_215
fff033f4 T irq_216
fff033fe T irq_217
fff03408 T irq_218
fff03412 T irq_219
fff0341c T irq_220
fff03426 T irq_221
fff03430 T irq_222
fff0343a T irq_223
fff03444 T irq_224
fff0344e T irq_225
fff03458 T irq_226
fff03462 T irq_227
fff0346c T irq_228
fff03476 T irq_229
fff03480 T irq_230
fff0348a T irq_231
fff03494 T irq_232
fff0349e T irq_233
fff034a8 T irq_234
fff034b2 T irq_235
fff034bc T irq_236
fff034c6 T irq_237
fff034d0 T irq_238
fff034da T irq_239
fff034e4 T irq_240
fff034ee T irq_241
fff034f8 T irq_242
fff03502 T irq_243
fff0350c T irq_244
fff03516 T irq_245
fff03520 T irq_246
fff0352a T irq_247
fff03534 T irq_248
fff0353e T irq_249
fff03548 T irq_250
fff03552 T irq_251
fff0355c T irq_252
fff03566 T irq_253
fff03570 T irq_254
fff0357a T irq_255
fff03584 T x86_get_idt
fff0358a T enable_interrupts
fff0358c T disable_interrupts
fff0359c T interrupt_init
fff0362e T irq_llsr
fff0364a t do_exception
fff03676 t dump_regs
fff03800 T setjmp
fff03818 T longjmp
fff0382a T memset
fff0386d T memcpy
fff038a0 T memmove
fff03a15 T boot_linux_kernel
fff03a7b T do_bootm_linux
fff03ba1 T efi_add_known_memory
fff03c4d T init_cache_f_r
fff03c6c T irq_install_handler
fff03cf7 T irq_free_handler
fff03d46 T do_irq
fff03dbe T mp_write_floating_table
fff03dfd T mp_config_table_init
fff03e61 T mp_write_processor
fff03f20 T mptable_finalize
fff03f5c T write_mp_table
fff04266 T i8259_init
fff042d4 T unmask_irq
fff042fa T mask_irq
fff0431e T specific_eoi
fff04338 T i8254_init
fff0434f T pirq_route_irqs
fff04492 T copy_pirq_routing_table
fff044df T write_pirq_routing_table
fff04502 T copy_uboot_to_ram
fff04536 T clear_bss
fff0456e T do_elf_reloc_fixups
fff04610 T acpi_find_fadt
fff046a8 T enter_acpi_mode
fff046b2 T table_fill_string
fff046dd T write_tables
fff04753 T load_zimage
fff04922 t get_boot_protocol
fff04963 t get_kernel_version
fff049be T setup_zimage
fff04c78 T zimage_dump
fff05294 t print_flags
fff052ed T do_zboot_parent
fff053a5 T android_bootloader_boot_kernel
fff05479 t hex_to_str
fff054d0 t complete_zboot
fff054fc t do_zboot_start
fff055b8 t do_zboot_load
fff05653 t do_zboot_setup
fff056b1 t do_zboot_info
fff056d3 t do_zboot_go
fff05705 t do_zboot_dump
fff05742 T do_bootm
fff0580a T do_bootd
fff05825 t do_help
fff05869 t do_panic
fff05885 t do_version
fff058c0 t do_ab_select
fff0595a T blk_common_cmd
fff05c0c t do_source
fff05c5e t do_boot_android
fff05c75 t do_verified_boot_android
fff05c8c t boot_android
fff05db2 T efi_set_bootdev
fff05ed7 T efi_run_image
fff0603e t do_bootefi_exec
fff060d0 t do_bootefi
fff061a8 W bootz_setup
fff061bc T do_bootz
fff06293 T mk_date
fff064c2 t do_date
fff0662b t do_dm
fff06689 t do_dm_dump_all
fff06697 t do_dm_dump_uclass
fff066a5 t do_dm_dump_devres
fff066a8 t do_dm_dump_drivers
fff066b6 t do_dm_dump_driver_compat
fff066c4 t do_dm_dump_static_driver_info
fff066d2 t do_echo
fff0673a t do_exit
fff06750 T do_fat_size
fff06762 T do_fat_fsload
fff06774 t do_fat_ls
fff06786 t do_fat_fsinfo
fff06811 t do_fat_fswrite
fff06823 t do_fat_rm
fff06835 t do_fat_mkdir
fff06847 T set_working_fdt_addr
fff06858 t do_fdt
fff0774d t is_printable_string
fff077a7 t print_data
fff07902 t do_size_wrapper
fff07914 t do_load_wrapper
fff07926 t do_save_wrapper
fff07938 t do_ls_wrapper
fff0794a t do_ln_wrapper
fff0795c t do_fstype_wrapper
fff07961 t do_fstypes_wrapper
fff07966 t do_itest
fff079d4 t binary_test
fff07af9 t evalstr
fff07b44 t evalexp
fff07ba1 t do_sleep
fff07c6e t do_part
fff07ffd t do_part_info
fff08116 T pci_bar_show
fff082e9 T pci_header_show
fff08397 t pci_show_regs
fff0841c T pciinfo_header
fff08453 t do_pci
fff08a3a t pci_cfg_modify
fff08b36 T do_read
fff08c5f T setexpr_regex_sub
fff08e5e t substitute
fff08f23 t do_setexpr
fff0917c t get_arg
fff09218 t regex_sub_var
fff0931b t do_test
fff095ad t do_false
fff095b1 t do_true
fff095b4 t do_virtio
fff095f7 t do_gpt
fff09ae0 t gpt_verify
fff09be9 t set_gpt_info
fff0a0e2 t extract_val
fff0a15d t extract_env
fff0a1f1 T do_avb_init
fff0a241 T do_avb_read_part
fff0a2f6 T do_avb_read_part_hex
fff0a40b T do_avb_write_part
fff0a4a8 T do_avb_read_rb
fff0a51e T do_avb_write_rb
fff0a590 T do_avb_get_uuid
fff0a5fb T do_avb_verify_part
fff0a68b T do_avb_is_unlocked
fff0a6f5 t do_avb
fff0a74c t do_mtrr
fff0aa44 t read_mtrrs
fff0aa49 T env_set
fff0aa9f t _do_env_set
fff0ac2a T env_set_ulong
fff0ac44 T env_set_hex
fff0ac70 T env_get_hex
fff0acab T env_get
fff0ad22 T env_get_f
fff0ae05 T env_match
fff0ae50 T env_get_ulong
fff0ae76 t do_env_save
fff0ae8b t do_env
fff0aed6 t do_env_edit
fff0afa5 t do_env_print
fff0b032 t do_env_set
fff0b052 t do_env_default
fff0b101 t do_env_delete
fff0b192 t do_env_export
fff0b394 t do_env_import
fff0b619 t do_env_exists
fff0b661 t env_print
fff0b713 T board_init_f_alloc_reserve
fff0b71c T board_init_f_init_reserve
fff0b74c T main_loop
fff0b78d T get_version
fff0b793 T jumptable_init
fff0b9fb t dummy
fff0b9fc t mdelay
fff0ba07 T get_local_var
fff0ba6c T set_local_var
fff0bba2 T parse_string_outer
fff0bc68 t parse_stream_outer
fff0c2ee T parse_file_outer
fff0c320 T u_boot_hush_start
fff0c35d t do_showvar
fff0c43c t static_peek
fff0c442 t static_get
fff0c457 t done_word
fff0c6d8 t done_pipe
fff0c713 t file_peek
fff0c719 t free_pipe_list
fff0c7d6 t new_pipe
fff0c809 t done_command
fff0c87a t b_addqchr
fff0c8bc t b_addchr
fff0c911 t run_list_real
fff0d1d1 t insert_var_value_sub
fff0d490 t file_get
fff0d612 T bootdelay_process
fff0d6c3 T autoboot_command
fff0d7a9 W board_add_ram_info
fff0d7aa W mach_cpu_init
fff0d7ad W arch_reserve_mmu
fff0d7b0 W arch_reserve_stacks
fff0d7b3 W arch_setup_bdinfo
fff0d7b6 T setup_bdinfo
fff0d7c1 W arch_cpu_init_dm
fff0d7c4 T board_init_f
fff0d82b T board_init_f_r
fff0d8a9 t setup_mon_len
fff0d8b9 t log_init
fff0d8bc t initf_bootstage
fff0d8bf t setup_spl_handoff
fff0d8c2 t initf_dm
fff0d8ca t init_baud_rate
fff0d8f1 t display_text_info
fff0d8f4 t print_resetinfo
fff0d940 t announce_dram_init
fff0d953 t setup_dest_addr
fff0d9b0 t reserve_round_4k
fff0d9c0 t reserve_video
fff0d9c3 t reserve_trace
fff0d9c6 t reserve_uboot
fff0da08 t reserve_malloc
fff0da25 t reserve_board
fff0da79 t reserve_global_data
fff0daa9 t reserve_fdt
fff0db11 t reserve_bootstage
fff0db14 t reserve_bloblist
fff0db17 t reserve_stacks
fff0db35 t show_dram_config
fff0db80 t display_new_sp
fff0db83 t reloc_fdt
fff0dbde t reloc_bootstage
fff0dbe1 t reloc_bloblist
fff0dbe4 t setup_reloc
fff0dc2a t jump_to_copy
fff0dc5b W cpu_secondary_init_r
fff0dc5e W arch_initr_trap
fff0dc61 W power_init_board
fff0dc64 T board_init_r
fff0dcc7 t initr_trace
fff0dcca t initr_reloc
fff0dcda t initr_reloc_global_data
fff0dd0c t initr_barrier
fff0dd0f t initr_malloc
fff0dd31 t log_init
fff0dd34 t initr_bootstage
fff0dd37 t initr_of_live
fff0dd3a t initr_dm
fff0dd68 t initr_binman
fff0dd8f t initr_dm_devices
fff0dd92 t initr_announce
fff0dd95 t initr_env
fff0ddf5 t run_main_loop
fff0ddff W checkboard
fff0de02 W show_board_info
fff0de7a W board_quiesce_devices
fff0de7b T bootm_find_images
fff0df8a T bootm_disable_interrupts
fff0df8f T bootm_process_cmdline
fff0df92 T do_bootm_states
fff0e512 W switch_to_non_secure_mode
fff0e513 W arch_preboot_os
fff0e514 W board_preboot_os
fff0e515 T boot_selected_os
fff0e55c T bootm_os_get_boot_func
fff0e564 t do_bootm_standalone
fff0e5a7 T fdt_find_and_setprop
fff0e5f9 T fdt_find_or_add_subnode
fff0e648 T fdt_root
fff0e6d0 T fdt_initrd
fff0e86d W board_fdt_chosen_bootargs
fff0e877 T fdt_chosen
fff0e913 T do_fixup_by_path
fff0e952 T fdt_fixup_memory_banks
fff0eaa9 t fdt_pack_reg
fff0eb85 T fdt_fixup_memory
fff0eba9 T fdt_fixup_ethernet
fff0ed0f T fdt_shrink_to_minimum
fff0edf6 T fdt_support_default_count_cells
fff0ee47 T fdt_translate_address
fff0ee62 t __of_translate_address
fff0f0d2 T fdt_valid
fff0f17a t of_bus_default_map
fff0f22b t of_bus_default_translate
fff0f289 T cli_readline
fff0f29c T cli_readline_into_buffer
fff0fb0f t delete_char
fff0fba8 t cread_add_char
fff0fc66 T cli_simple_process_macros
fff0fe30 t on_console
fff0fed2 T console_puts_select
fff0ff1f T fputs
fff0ff31 T getchar
fff0ff71 T tstc
fff0ff99 T putc
fff0ffdd T puts
fff10013 T ctrlc
fff10054 T disable_ctrlc
fff10062 T had_ctrlc
fff1006a T clear_ctrlc
fff10072 T console_assign
fff100a8 t console_setfile
fff10150 T console_announce_r
fff1017d T console_init_f
fff10193 T console_init_r
fff10280 T sbrk
fff102be T mem_malloc_init
fff102d9 T malloc
fff10840 T free
fff10a36 T malloc_trim
fff10af8 T realloc
fff10efa T memalign
fff1104c T calloc
fff11116 T initf_malloc
fff1113f T malloc_simple
fff11149 t alloc_simple
fff111b9 T memalign_simple
fff111c2 T image_multi_getimg
fff11219 T image_decomp
fff11332 t on_loadaddr
fff11351 T env_get_bootm_low
fff11372 T env_get_bootm_size
fff1140d T env_get_bootm_mapsize
fff11435 T genimg_get_os_name
fff1145a T genimg_get_comp_name
fff1147f T genimg_get_kernel_addr_fit
fff11490 T genimg_get_format
fff114bc T genimg_has_config
fff114bf T boot_get_ramdisk
fff1158c T boot_ramdisk_high
fff11696 T boot_get_setup
fff1169c T image_setup_linux
fff116f3 T ab_select_slot
fff11aa1 T android_image_get_kernel
fff11aac T android_image_check_header
fff11aaf T android_image_get_end
fff11ab2 T android_image_get_kload
fff11ab6 T android_image_get_kcomp
fff11ab9 T android_image_get_ramdisk
fff11ad1 T android_image_get_kernel_cmdline
fff11ad5 T android_image_is_bootconfig_used
fff11ae0 T android_image_load
fff12080 T android_image_get_second
fff12084 T android_image_get_dtb_by_index
fff12087 t android_read_data
fff1210b T android_bootloader_boot_flow
fff1277b t android_part_get_info_by_name_suffix
fff127ee T boot_fdt_add_mem_rsv_regions
fff12920 t boot_fdt_reserve_region
fff12979 T boot_relocate_fdt
fff12b45 T boot_get_fdt
fff12d35 W ft_verify_fdt
fff12d39 W arch_fixup_fdt
fff12d3c T image_setup_libfdt
fff12e38 W get_effective_memsize
fff12e46 T stdio_file_to_flags
fff12e59 T stdio_get_list
fff12e5f T stdio_get_by_name
fff12e92 T stdio_clone
fff12ec4 T stdio_register_dev
fff12f06 T stdio_init_tables
fff12f18 T stdio_add_devices
fff12f97 t stdio_serial_putc
fff12f9e t stdio_serial_puts
fff12fa5 t stdio_serial_getc
fff12faa t stdio_serial_tstc
fff12faf T run_command
fff12fbb T run_command_list
fff13018 T do_run
fff1306d T cli_process_fdt
fff130ab T cli_secure_boot_cmd
fff1310c T cli_loop
fff13116 T cli_init
fff1311b T _do_help
fff13248 T find_cmd_tbl
fff132dd T cmd_usage
fff13331 T find_cmd
fff13365 T var_complete
fff133c4 T complete_subcmdv
fff13536 T cmd_auto_complete
fff138b4 T cmd_get_data_size
fff1390f T cmd_always_repeatable
fff1392c T cmd_never_repeatable
fff13949 T cmd_discard_repeatable
fff13961 T cmd_process
fff13aa1 T cmd_process_error
fff13aca T avb_ops_alloc
fff13b4f t read_from_partition
fff13b73 t write_to_partition
fff13b95 t validate_vbmeta_public_key
fff13bdb t read_rollback_index
fff13c08 t write_rollback_index
fff13c23 t read_is_device_unlocked
fff13c48 t get_unique_guid_for_partition
fff13c88 t get_size_of_partition
fff13cc2 T avb_ops_free
fff13cf8 T avb_verify
fff13e52 t blk_byte_io
fff14115 t get_partition
fff141a8 t blk_read_and_flush
fff14270 t blk_write
fff14323 T qfw_get_dev
fff1432f T qfw_online_cpus
fff14351 T qfw_read_firmware_list
fff14419 T qfw_find_file
fff1444b T qfw_file_iter_init
fff1446b T qfw_file_iter_next
fff14477 T qfw_file_iter_end
fff14480 T blk_get_dev
fff14495 t get_dev_hwpart
fff144c0 T dev_print
fff1465c T part_init
fff146d8 T part_print
fff1474c t part_driver_lookup_type
fff14817 T part_get_info
fff14867 T part_get_info_whole_disk
fff148a7 T blk_get_device_by_str
fff14984 T blk_get_device_part_str
fff14d23 T part_get_info_by_name_type
fff14d8e T part_get_info_by_name
fff14d9a T part_get_info_by_dev_and_name_or_num
fff14e5f T part_set_generic_name
fff14e96 t test_block_type
fff14f1e t part_get_info_dos
fff14f40 t part_print_dos
fff14f6a t part_test_dos
fff14fe7 t part_get_info_extended
fff15220 t print_partition_extended
fff1545e T part_get_info_iso_verb
fff157f5 t part_get_info_iso
fff15808 t part_print_iso
fff1589f t part_test_iso
fff158bf T get_disk_guid
fff1593b t find_valid_gpt
fff159d8 T part_print_efi
fff15bab t is_pte_valid
fff15bfc T part_get_info_efi
fff15d94 T write_gpt_table
fff15ea7 t set_protective_mbr
fff15f85 T gpt_fill_pte
fff161c3 T gpt_fill_header
fff1629c T gpt_restore
fff163a2 T gpt_verify_headers
fff16423 t is_gpt_valid
fff16648 T gpt_verify_partitions
fff167cb t validate_gpt_header
fff168da t validate_gpt_entries
fff16915 t part_test_efi
fff169a2 T device_bind_with_driver_data
fff169c7 t device_bind_common
fff16cd6 T device_bind
fff16cfb T device_bind_by_name
fff16d5a T device_of_to_plat
fff16e3f T device_probe
fff16f19 T device_get_uclass_id
fff16f23 T dev_get_plat
fff16f4a T dev_get_parent_plat
fff16f71 T dev_get_uclass_plat
fff16f98 T dev_get_priv
fff16fbf T dev_get_uclass_priv
fff16fe6 T dev_get_parent_priv
fff1700d T device_find_first_child
fff17027 T device_find_next_child
fff17046 T dev_get_parent
fff1704a T dev_get_driver_data
fff1704e T device_set_name_alloced
fff17053 T device_set_name
fff17079 T dev_set_priv
fff1707d T dev_set_parent_priv
fff17081 T dev_set_uclass_priv
fff17085 t alloc_priv
fff170d6 T devfdt_get_addr_index
fff17189 T devfdt_get_addr
fff17190 T devfdt_get_addr_pci
fff17207 T lists_driver_lookup_name
fff1727d T lists_uclass_lookup
fff172dd T lists_bind_drivers
fff173ba T device_bind_driver
fff173dc T device_bind_driver_to_node
fff1747e T lists_bind_fdt
fff17653 T dm_root
fff1767f T dm_init
fff17705 T dm_remove_devices_flags
fff1773e T dm_scan_plat
fff17768 T dm_scan_fdt_dev
fff1778e t dm_scan_fdt_node
fff1781a T dm_extended_scan
fff17879 W dm_scan_other
fff1787c T dm_init_and_scan
fff178b7 T uclass_find
fff178fb T uclass_get
fff17a12 T dev_get_uclass_index
fff17a47 T uclass_find_device
fff17a8c T uclass_find_first_device
fff17abd T uclass_find_next_device
fff17ada T uclass_find_next_free_seq
fff17b30 T uclass_find_device_by_seq
fff17b77 T uclass_find_device_by_of_offset
fff17bbd T uclass_find_device_by_ofnode
fff17c03 T uclass_get_device
fff17c31 T uclass_get_device_by_seq
fff17c5f T uclass_get_device_by_of_offset
fff17c8d T uclass_get_device_by_ofnode
fff17cbb T uclass_first_device
fff17cfc T uclass_first_device_err
fff17d1c T uclass_next_device
fff17d52 T uclass_first_device_check
fff17d98 T uclass_next_device_check
fff17dbd T uclass_first_device_drvdata
fff17e22 T uclass_bind_device
fff17e79 T uclass_unbind_device
fff17eac T uclass_pre_probe_device
fff17eec T uclass_post_probe_device
fff17f2a T uclass_pre_remove_device
fff17f46 T pci_get_devfn
fff17f7b T devres_release_probe
fff17f93 t release_nodes
fff17fe7 T devres_release_all
fff17fff T device_chld_remove
fff18059 T device_remove
fff1814b T device_free
fff181ce t simple_bus_post_bind
fff18224 T dm_dump_all
fff18261 t show_devices
fff18346 T dm_dump_uclass
fff18404 T dm_dump_driver_compat
fff184f9 T dm_dump_drivers
fff18640 T dm_dump_static_driver_info
fff186a4 t init_range
fff186fb T regmap_init_mem
fff18847 T syscon_get_by_driver_data
fff1885b t syscon_pre_probe
fff1888b T ofnode_get_name
fff188a4 T ofnode_read_u32_index
fff188f6 T ofnode_read_u32_default
fff18911 T ofnode_read_bool
fff18936 T ofnode_get_property
fff18956 T ofnode_read_string
fff18993 T ofnode_read_size
fff189c2 T ofnode_find_subnode
fff189e6 T ofnode_read_u32_array
fff18a0c T ofnode_is_enabled
fff18a28 T ofnode_first_subnode
fff18a4c T ofnode_next_subnode
fff18a70 T ofnode_get_parent
fff18a8d T ofnode_path
fff18ab1 T ofnode_get_chosen_node
fff18b18 T ofnode_is_available
fff18b34 T ofnode_read_pci_addr
fff18be7 T ofnode_read_pci_vendev
fff18cb9 T ofnode_read_simple_addr_cells
fff18cc9 T ofnode_read_simple_size_cells
fff18cd9 T ofnode_pre_reloc
fff18d69 T sysreset_get_status
fff18d87 T sysreset_walk
fff18df4 T sysreset_walk_halt
fff18e22 T do_reset
fff18e69 t sysreset_post_bind
fff18e6c T pch_sysreset_power_off
fff18eef t x86_sysreset_probe
fff18f09 t x86_sysreset_request
fff18f31 t x86_sysreset_get_last
fff18f37 T pci_get_bus
fff18f7a T pci_get_controller
fff18fb3 T dm_pci_get_bdf
fff18fea t pci_get_bus_max
fff19026 T pci_bus_find_devfn
fff1907b T dm_pci_bus_find_bdf
fff190a6 T pci_write_config
fff190f6 T dm_pci_write_config
fff1916c T pci_write_config32
fff1917f T pci_write_config16
fff19192 T pci_write_config8
fff191a5 T dm_pci_write_config8
fff191b8 T dm_pci_write_config16
fff191cb T dm_pci_write_config32
fff191de T pci_read_config
fff1922d T dm_pci_read_config
fff192a2 T pci_read_config16
fff192c9 T pci_read_config8
fff192ee T dm_pci_read_config8
fff19313 T dm_pci_read_config16
fff1933a T dm_pci_read_config32
fff1935f T pci_auto_config_devices
fff19468 T dm_pci_hose_probe_bus
fff194d7 T dm_pci_find_capability
fff19546 W board_pci_fixup_dev
fff19547 T pci_bind_bus_devices
fff19a3f T dm_pci_read_bar32
fff19a7b T dm_pci_bus_to_phys
fff19b15 t _dm_pci_bus_to_phys
fff19b98 T dm_pci_map_bar
fff19cb3 T dm_pci_find_next_capability
fff19cc9 t _dm_pci_find_next_capability
fff19d54 t pci_uclass_pre_probe
fff1a01f t pci_uclass_post_probe
fff1a067 t pci_uclass_child_post_bind
fff1a098 T pci_init
fff1a0ca t pci_bridge_read_config
fff1a103 t pci_bridge_write_config
fff1a13d T dm_pciauto_setup_device
fff1a381 T dm_pciauto_prescan_setup_bridge
fff1a53b T dm_pciauto_postscan_setup_bridge
fff1a62f T dm_pciauto_config_device
fff1a6d7 t _pci_x86_read_config
fff1a6f6 t _pci_x86_write_config
fff1a715 T setup_video
fff1a7c4 T pciauto_region_align
fff1a7d0 T pciauto_region_allocate
fff1a808 T pciauto_config_init
fff1a8c7 T pci_class_str
fff1a8de T timer_get_count
fff1a904 T timer_get_rate
fff1a912 T dm_timer_init
fff1a9db t timer_pre_probe
fff1aa04 t timer_post_probe
fff1aa1c T get_timer
fff1aa5a T timer_get_us
fff1aa8c T __udelay
fff1aaf0 t tsc_timer_ensure_setup
fff1ae37 t tsc_timer_probe
fff1ae80 t tsc_timer_get_count
fff1ae9c T virtio_get_config
fff1aeb6 T virtio_generation
fff1aecd T virtio_reset
fff1aed8 T virtio_find_vqs
fff1aeec T virtio_notify
fff1aef9 T virtio_add_status
fff1af2b T virtio_finalize_features
fff1af84 T virtio_driver_features_init
fff1af9d T virtio_init
fff1afd2 t virtio_uclass_pre_probe
fff1b020 t virtio_uclass_post_probe
fff1b0be t virtio_uclass_child_post_bind
fff1b0cf t virtio_uclass_child_pre_probe
fff1b2c1 t virtio_uclass_child_post_probe
fff1b2d4 T virtqueue_add
fff1b507 T virtqueue_kick
fff1b570 T virtqueue_get_buf
fff1b6a7 T vring_create_virtqueue
fff1b858 T vring_del_virtqueue
fff1b882 T virtqueue_get_vring_size
fff1b886 T virtqueue_get_desc_addr
fff1b88a T virtqueue_get_avail_addr
fff1b88e T virtqueue_get_used_addr
fff1b892 T virtqueue_poll
fff1b8b5 t virtio_pci_bind
fff1b8f1 t virtio_pci_probe
fff1b9b6 t virtio_pci_get_config
fff1b9ed t virtio_pci_set_config
fff1ba24 t virtio_pci_get_status
fff1ba4a t virtio_pci_set_status
fff1ba94 t virtio_pci_reset
fff1bacb t virtio_pci_get_features
fff1baf5 t virtio_pci_set_features
fff1bb4b t virtio_pci_find_vqs
fff1bc29 t virtio_pci_del_vqs
fff1bc88 t virtio_pci_notify
fff1bcb4 t virtio_pci_bind
fff1bcf0 t virtio_pci_probe
fff1be18 t virtio_pci_find_capability
fff1be8d t virtio_pci_map_capability
fff1beda t virtio_pci_get_config
fff1bffd t virtio_pci_set_config
fff1c152 t virtio_pci_generation
fff1c17b t virtio_pci_get_status
fff1c1a1 t virtio_pci_set_status
fff1c1eb t virtio_pci_reset
fff1c234 t virtio_pci_get_features
fff1c2a3 t virtio_pci_set_features
fff1c32d t virtio_pci_find_vqs
fff1c50d t virtio_pci_del_vqs
fff1c56c t virtio_pci_notify
fff1c5cb t virtio_blk_bind
fff1c65f t virtio_blk_probe
fff1c6ef t virtio_blk_read
fff1c70a t virtio_blk_write
fff1c725 t virtio_blk_do_req
fff1c7f9 t virtio_console_bind
fff1c81f t virtio_console_probe
fff1c85d t add_inbuf
fff1c8bd t virtio_console_serial_setbrg
fff1c8c0 t virtio_console_serial_getc
fff1c91f t virtio_console_serial_putc
fff1c980 t virtio_console_serial_pending
fff1c99a t virtio_rng_bind
fff1c9c0 t virtio_rng_probe
fff1c9e5 t virtio_rng_read
fff1ca7c T sysinfo_get
fff1ca88 T sysinfo_detect
fff1cab9 T sysinfo_get_str
fff1caff T blk_get_if_type_name
fff1cb07 T blk_get_devnum_by_typename
fff1cbb6 T blk_list_part
fff1cc20 t get_desc
fff1cccb T blk_print_part_devnum
fff1ccfc T blk_list_devices
fff1cd4e T blk_print_device_num
fff1cd8a T blk_show_device
fff1cdf2 T blk_read_devnum
fff1ce25 T blk_dread
fff1cea3 T blk_write_devnum
fff1ced6 T blk_dwrite
fff1cf1a T blk_dselect_hwpart
fff1cf38 T blk_find_device
fff1cfa7 T blk_find_max_devnum
fff1d001 T blk_next_free_devnum
fff1d023 T blk_create_device
fff1d18c t blk_post_probe
fff1d19f T blkcache_read
fff1d265 T blkcache_fill
fff1d397 T blkcache_invalidate
fff1d3f3 T cpu_get_desc
fff1d410 T cpu_get_count
fff1d424 T cpu_get_vendor
fff1d442 t uclass_cpu_init
fff1d48e T irq_snapshot_polarities
fff1d4a2 T irq_first_device_type
fff1d4b0 T write_acpi_tables
fff1d7cc T qfw_read_entry
fff1d840 T acpi_get_rsdp_addr
fff1d875 T qfw_register
fff1d8e1 t qfw_pio_probe
fff1d8e6 t qfw_pio_read_entry_io
fff1d90a t qfw_pio_read_entry_dma
fff1d914 T pch_ioctl
fff1d939 t pch7_get_spi_base
fff1d962 t pch7_set_spi_protect
fff1d99f t pch7_get_gpio_base
fff1d9dc t pch9_get_spi_base
fff1da00 t pch9_get_gpio_base
fff1da3d t pch9_get_io_base
fff1da7a T dm_rtc_get
fff1da8d T dm_rtc_set
fff1daa1 T dm_rtc_reset
fff1dab5 t rtc_mc146818_probe
fff1dad6 t rtc_mc146818_get
fff1dbcc t rtc_mc146818_set
fff1dce8 t rtc_mc146818_reset
fff1dd13 t rtc_mc146818_read8
fff1dd2f t rtc_mc146818_write8
fff1dd4e T dm_rng_read
fff1dd6b T serial_init
fff1deb5 T serial_setbrg
fff1def4 T serial_initialize
fff1df02 T serial_putc
fff1df56 T serial_puts
fff1dfb5 T serial_getc
fff1dfee T serial_tstc
fff1e021 T serial_stdio_init
fff1e022 t on_baudrate
fff1e0f9 t serial_post_probe
fff1e193 t serial_pre_remove
fff1e196 t serial_stub_putc
fff1e1d2 t serial_stub_puts
fff1e219 t serial_stub_getc
fff1e23a t serial_stub_tstc
fff1e252 T ns16550_init
fff1e2d8 t ns16550_setbrg
fff1e349 T ns16550_serial_probe
fff1e3a9 T ns16550_serial_of_to_plat
fff1e469 t ns16550_serial_setbrg
fff1e49f t ns16550_serial_getc
fff1e4da t ns16550_serial_putc
fff1e518 t ns16550_serial_pending
fff1e54b t ns16550_serial_setconfig
fff1e599 t ns16550_serial_getinfo
fff1e5d8 T env_get_yesno
fff1e615 T env_get_default
fff1e664 T env_set_default
fff1e6e5 T env_set_default_vars
fff1e71e T env_import
fff1e7c5 T env_export
fff1e82c T env_relocate
fff1e848 T env_complete
fff1e9cd W env_get_location
fff1e9d8 W env_get_char_spec
fff1e9e7 T env_get_char
fff1ea00 T env_load
fff1eb26 T env_save
fff1ec0f T env_init
fff1ed38 T env_attr_walk
fff1ee35 T env_attr_lookup
fff1ee9c t regex_callback
fff1efdc T env_flags_parse_vartype
fff1f022 T env_flags_parse_varaccess
fff1f06b T env_flags_init
fff1f103 t on_flags
fff1f13e T env_flags_validate
fff1f306 t clear_flags
fff1f310 t set_flags
fff1f37d T env_callback_init
fff1f454 t on_callbacks
fff1f48f t clear_callback
fff1f499 t set_callback
fff1f542 t env_raw_disk_load
fff1f600 t env_raw_disk_save
fff1f6b4 T fs_get_type
fff1f6ba T fs_set_blk_dev
fff1f73e T fs_set_blk_dev_with_part
fff1f7c0 T fs_close
fff1f7e6 T fs_exists
fff1f827 T fs_size
fff1f868 T fs_read
fff1f8cd T fs_write
fff1f95a T fs_opendir
fff1f9c2 T fs_readdir
fff1fa24 T fs_closedir
fff1fa70 T fs_unlink
fff1fab1 T fs_mkdir
fff1faf2 T fs_ln
fff1fb3e T do_size
fff1fbc0 T do_load
fff1ff3b T do_ls
fff1ffd0 T file_exists
fff20026 T do_save
fff2016b T do_fs_type
fff20204 T do_rm
fff20273 T do_mkdir
fff202f4 T do_ln
fff20337 T do_fs_types
fff2039f t fs_ls_generic
fff2044f t fs_ln_unsupported
fff20453 t fs_probe_unsupported
fff20457 t fs_ls_unsupported
fff2045b t fs_exists_unsupported
fff2045e t fs_size_unsupported
fff20462 t fs_read_unsupported
fff20466 t fs_write_unsupported
fff2046a t fs_close_unsupported
fff2046b t fs_uuid_unsupported
fff2046f t fs_opendir_unsupported
fff20475 t fs_unlink_unsupported
fff20479 t fs_mkdir_unsupported
fff2047d T fat_set_blk_dev
fff2053f T fat_next_cluster
fff20640 t get_fatent
fff207b4 T file_fat_detectfs
fff2086f t read_bootsectandvi
fff2097c T fat_exists
fff209de t fat_itr_root
fff20b4b t fat_itr_resolve
fff20ca5 T fat_size
fff20d4f T file_fat_read_at
fff21158 T fat_read_file
fff2119b T fat_opendir
fff2122d T fat_readdir
fff21323 t fat_itr_next
fff21585 t fat2rtc
fff215d9 T fat_closedir
fff215f5 T fat_close
fff215f6 T fat_uuid
fff2164f T file_fat_write_at
fff218e8 t split_filename
fff219cb t normalize_longname
fff21a6e t find_directory_entry
fff21ac9 t set_name
fff21ced t fat_find_empty_dentries
fff21e79 t fill_dir_slot
fff22075 t fill_dentry
fff220cf t set_contents
fff22b51 t flush_dirty_fat_buffer
fff22bce t flush_dir
fff22c56 T file_fat_write
fff22c7b T fat_unlink
fff22f46 T fat_mkdir
fff232d3 t fat_itr_child
fff2332d t get_cluster
fff234c1 t next_dent
fff23512 t downcase
fff2353e t str2fat
fff235a0 t fat_move_to_cluster
fff235e1 t set_fatent_value
fff2377a t clear_fatent
fff237de t determine_fatent
fff2380d t disk_write
fff23864 t set_sectors
fff239d0 t delete_single_dentry
fff23a03 T efi_driver_init
fff23adb t efi_uc_init
fff23ade t efi_uc_destroy
fff23ae1 t efi_uc_supported
fff23b7a t efi_uc_start
fff23c29 t efi_uc_stop
fff23d2e t check_node_type
fff23d87 t disconnect_child
fff23ddc t efi_bl_read
fff23e2a t efi_bl_write
fff23e78 t efi_bl_bind
fff23f8a T efi_bootmgr_load
fff240d2 t try_load_entry
fff242a8 T __efi_entry_check
fff242be T __efi_exit_check
fff242ca T efi_save_gd
fff242cb T efi_restore_gd
fff242cc T efi_signal_event
fff2435e t efi_queue_event
fff243bd T efi_add_handle
fff243e1 T efi_create_handle
fff24429 T efi_search_protocol
fff2448f T efi_search_obj
fff244b0 T efi_remove_protocol
fff244f0 T efi_remove_all_protocols
fff2453b T efi_delete_handle
fff24567 T efi_create_event
fff24675 T efi_create_event_ex
fff246d2 T efi_timer_check
fff2474b t efi_process_event_queue
fff247c2 T efi_set_timer
fff2489b T efi_add_protocol
fff249be T efi_register_protocol_notify
fff24a47 T efi_install_configuration_table
fff24b6f T efi_setup_loaded_image
fff24c93 T efi_load_image
fff250b1 T efi_close_protocol
fff2516a T efi_locate_handle_buffer
fff2520b t efi_locate_handle
fff25347 T efi_install_multiple_protocol_interfaces
fff25485 t efi_locate_device_path
fff255a7 t efi_install_protocol_interface
fff255fa t efi_uninstall_protocol_interface
fff2564d T efi_protocol_open
fff257e5 t efi_disconnect_controller
fff25a40 T efi_start_image
fff25b4d t efi_open_protocol
fff25c74 T efi_unload_image
fff25d3f t efi_delete_image
fff25dc3 T efi_handle_protocol
fff25de5 T efi_initialize_system_table
fff25e47 t efi_uninstall_protocol
fff25f0c t efi_disconnect_all_drivers
fff2606f t efi_raise_tpl
fff26089 t efi_restore_tpl
fff260b4 t efi_allocate_pages_ext
fff260e1 t efi_free_pages_ext
fff26105 t efi_get_memory_map_ext
fff2613b t efi_allocate_pool_ext
fff2615f t efi_free_pool_ext
fff2617b t efi_create_event_ext
fff261b3 t efi_set_timer_ext
fff261e5 t efi_wait_for_event
fff262a9 t efi_signal_event_ext
fff262f9 t efi_close_event
fff263ea t efi_check_event
fff2644d t efi_reinstall_protocol_interface
fff264b2 t efi_locate_handle_ext
fff264e9 t efi_install_configuration_table_ext
fff26509 t efi_exit
fff2660d t efi_exit_boot_services
fff26750 t efi_get_next_monotonic_count
fff2678d t efi_stall
fff267d8 t efi_set_watchdog_timer
fff267f4 t efi_connect_controller
fff269ce t efi_open_protocol_information
fff26aad t efi_protocols_per_handle
fff26b70 t efi_locate_protocol
fff26c6e t efi_uninstall_multiple_protocol_interfaces
fff26d67 t efi_calculate_crc32
fff26db0 t efi_copy_mem
fff26dd4 t efi_set_mem
fff26df9 t efi_bind_controller
fff26e8a T efi_get_dp_from_boot
fff26f6d t efi_cout_reset
fff26fc2 t efi_cout_output_string
fff270f7 t efi_cout_test_string
fff2710a t efi_cout_query_mode
fff27161 t efi_cout_set_mode
fff271c8 t efi_cout_set_attribute
fff27222 t efi_cout_clear_screen
fff2724d t efi_cout_set_cursor_position
fff272bc t efi_cout_enable_cursor
fff272fa T set_shift_mask
fff27341 t efi_cin_reset
fff2736b t efi_cin_read_key_stroke
fff273c3 T efi_console_register
fff2768f t efi_key_notify
fff276a4 t efi_console_timer_notify
fff276b9 t efi_cin_empty_buffer
fff276d7 t efi_cin_check
fff27989 t analyze_modifiers
fff279eb t term_get_char
fff27a23 t efi_cin_reset_ex
fff27a4d t efi_cin_read_key_stroke_ex
fff27afe t efi_cin_set_state
fff27b14 t efi_cin_register_key_notify
fff27b99 t efi_cin_unregister_key_notify
fff27bee T efi_dp_next
fff27c0d T efi_dp_match
fff27c8e T efi_dp_find_obj
fff27ccc t find_obj
fff27e1d T efi_dp_last_node
fff27e44 T efi_dp_instance_size
fff27e6d T efi_dp_size
fff27e8c T efi_dp_dup
fff27ed7 t dp_alloc
fff27f0b T efi_dp_append
fff27f20 t efi_dp_append_or_concatenate
fff28004 T efi_dp_append_node
fff280b7 T efi_dp_create_device_node
fff280ef T efi_dp_append_instance
fff281c9 T efi_dp_get_next_instance
fff2825b T efi_dp_is_multi_instance
fff2827c T efi_dp_from_part
fff282ba t dp_part_size
fff28306 t dp_part_fill
fff28354 T efi_dp_part_node
fff2838a t dp_part_node
fff28490 T efi_dp_from_file
fff2857a T efi_dp_from_uart
fff285c3 T efi_dp_from_mem
fff28606 T efi_dp_split_file_path
fff28678 T efi_dp_from_name
fff287b1 T efi_dp_check_length
fff287f9 T efi_dp_from_lo
fff28865 t dp_size
fff288e4 t dp_fill
fff28a38 T efi_dp_str
fff28a62 t efi_convert_device_path_to_text
fff28ad4 t efi_convert_device_node_to_text
fff28b16 t efi_convert_single_device_node_to_text
fff28fea t efi_str_to_u16
fff2902d t get_device_path_size
fff2905a t duplicate_device_path
fff2907c t append_device_path
fff290a4 t append_device_node
fff290cc t append_device_path_instance
fff290f4 t get_next_device_path_instance
fff2911c t is_device_path_multi_instance
fff2913e t create_device_node
fff2916d T efi_file_size
fff29201 T efi_file_from_path
fff29306 T efi_simple_file_system
fff2933d t efi_open_volume
fff2939e t efi_file_open
fff293e8 t efi_file_close
fff29410 t efi_file_delete
fff2945f t efi_file_read
fff29492 t efi_file_write
fff294c5 t efi_file_getpos
fff294fa t efi_file_setpos
fff2956e t efi_file_getinfo
fff29758 t efi_file_setinfo
fff29865 t efi_file_flush
fff29896 t efi_file_open_ex
fff298fb t efi_file_read_ex
fff2994b t efi_file_write_ex
fff2999b t efi_file_flush_ex
fff299e4 t efi_file_open_int
fff29c75 t efi_file_read_int
fff29f15 t efi_get_file_size
fff29f49 t efi_file_write_int
fff29fdb t new_package_list
fff2a07e t remove_package_list
fff2a0bd t update_package_list
fff2a170 t list_package_lists
fff2a23a t export_package_lists
fff2a268 t register_package_notify
fff2a2a9 t unregister_package_notify
fff2a2bf t find_keyboard_layouts
fff2a364 t get_keyboard_layout
fff2a3f4 t set_keyboard_layout
fff2a40a t get_package_list_handle
fff2a459 t new_string
fff2a542 t get_string
fff2a5e9 t set_string
fff2a6ef t get_languages
fff2a7bb t get_secondary_languages
fff2a83f t add_packages
fff2ab2f t free_packagelist
fff2ab64 t free_keyboard_layouts
fff2aba6 t remove_strings_package
fff2ac07 t remove_guid_package
fff2ac38 t remove_keyboard_package
fff2ac70 t language_match
fff2aca5 T efi_print_image_infos
fff2ad79 W invalidate_icache_all
fff2ad7a T efi_check_pe
fff2adb8 T efi_load_pe
fff2b10b t efi_set_code_and_data_type
fff2b152 T efi_set_load_options
fff2b1dc T efi_deserialize_load_option
fff2b261 T efi_add_memory_map
fff2b29e t efi_add_memory_map_pg
fff2b619 T efi_allocate_pages
fff2b7fe t efi_check_allocated
fff2b863 T efi_alloc
fff2b89e T efi_free_pages
fff2b90b T efi_allocate_pool
fff2b984 T efi_free_pool
fff2ba0d T efi_get_memory_map
fff2bacb T efi_add_conventional_memory_map
fff2bb6e T efi_memory_init
fff2bbe8 t efi_mem_cmp
fff2bc19 T efi_root_node_register
fff2bcd1 T efi_init_runtime_supported
fff2bd17 W efi_reset_system_init
fff2bd1a t efi_get_time_boottime
fff2bdf9 t efi_set_time_boottime
fff2be0f t efi_set_virtual_address_map
fff2c02e t efi_reset_system_boottime
fff2c08b W allow_unaligned
fff2c08c T efi_init_obj_list
fff2c2cc T efi_create_indexed_name
fff2c32c t efi_stri_coll
fff2c399 t efi_metai_match
fff2c3bf t efi_str_lwr
fff2c3f7 t efi_str_upr
fff2c42f t efi_fat_to_str
fff2c47e t efi_str_to_fat
fff2c54e t metai_match
fff2c6b4 T efi_get_variable
fff2c700 T efi_set_variable
fff2c744 T efi_get_next_variable_name
fff2c770 T efi_query_variable_info
fff2c7c4 T efi_init_secure_state
fff2c8de T efi_auth_var_get_type
fff2c931 T efi_get_var
fff2c998 T efi_var_mem_init
fff2ca38 t efi_var_mem_notify_exit_boot_services
fff2ca8a T efi_var_collect
fff2cc1e T efi_var_to_file
fff2ccb1 t efi_set_blk_dev_to_system_partition
fff2cd24 T efi_var_restore
fff2ce28 T efi_var_from_file
fff2ced5 T efi_set_variable_int
fff2d0df T efi_query_variable_info_int
fff2d10c T efi_variables_boot_exit_notify
fff2d13e T efi_init_variables
fff2d15f T efi_set_watchdog
fff2d19b T efi_watchdog_register
fff2d207 t efi_watchdog_timer_notify
fff2d235 T efi_fs_from_path
fff2d297 T efi_disk_create_partitions
fff2d380 t efi_disk_add_dev
fff2d5c3 T efi_disk_register
fff2d6c7 t efi_disk_reset
fff2d6da t efi_disk_read_blocks
fff2d789 t efi_disk_write_blocks
fff2d847 t efi_disk_flush_blocks
fff2d85a t efi_disk_rw_blocks
fff2d8c7 T efi_acpi_register
fff2d90f T efi_smbios_register
fff2d990 W platform_get_rng_device
fff2d9be T efi_rng_register
fff2da0a t rng_getinfo
fff2da87 t getrng
fff2db29 T efi_initrd_register
fff2dbde T efi_initrd_deregister
fff2dbf9 t efi_load_file2_initrd
fff2dd28 t find_image_node
fff2dd80 T binman_init
fff2ddc1 T console_read_unicode
fff2de88 T utf8_get
fff2df4d T utf8_put
fff2dfe3 T utf8_utf16_strnlen
fff2e032 T utf8_utf16_strncpy
fff2e095 T utf16_put
fff2e0f8 T utf16_get
fff2e170 T utf16_strnlen
fff2e1ba T utf16_utf8_strnlen
fff2e229 T utf16_utf8_strncpy
fff2e28c T utf_to_lower
fff2e2c0 T utf_to_upper
fff2e2f4 T u16_strncmp
fff2e323 T u16_strlen
fff2e33c T u16_strdup
fff2e388 T utf16_to_utf8
fff2e488 T utf_to_cp
fff2e4c5 T write_smbios_table
fff2e602 t smbios_write_type0
fff2e6cc t smbios_write_type1
fff2e7f3 t smbios_write_type2
fff2e8c7 t smbios_write_type3
fff2e943 t smbios_write_type4
fff2ea57 t smbios_write_type32
fff2ea9e t smbios_write_type127
fff2eaca t smbios_add_string
fff2eb3d t smbios_add_prop_si
fff2eb92 T list_sort
fff2ed23 t merge
fff2ed86 T inflate_fast
fff2f2ce T inflate_table
fff2f758 T inflateReset
fff2f7b0 T inflateInit2_
fff2f88f T zcalloc
fff2f899 T zcfree
fff2f8a0 T inflate
fff313b3 T adler32
fff3161d T inflateEnd
fff31665 T gzalloc
fff31673 T gzfree
fff3167a T gzip_parse_header
fff316ef T gunzip
fff31733 T zunzip
fff31806 T ulz4fn
fff31bbd t LZ4_copy8
fff31bc8 T avb_chain_partition_descriptor_validate_and_byteswap
fff31d04 T avb_sub_cmdline
fff31ef8 T avb_append_options
fff32238 t cmdline_append_option
fff322fd t cmdline_append_hex
fff32337 T avb_new_cmdline_subst_list
fff32341 T avb_free_cmdline_subst_list
fff32376 T avb_add_root_digest_substitution
fff3240a t uint64_to_base10
fff3245e T avb_get_algorithm_data
fff32471 T avb_rsa_public_key_header_validate_and_byteswap
fff324a0 T avb_footer_validate_and_byteswap
fff3256d T avb_hashtree_descriptor_validate_and_byteswap
fff32719 T avb_sha256_init
fff32739 T avb_sha256_update
fff327d5 t SHA256_transform
fff329e3 T avb_sha256_final
fff32ab4 T avb_slot_verify
fff33117 t load_and_verify_vbmeta
fff34693 T avb_slot_verify_data_free
fff34751 T avb_slot_verify_data_calculate_vbmeta_digest
fff34841 t read_persistent_digest
fff34aee t load_full_partition
fff34c9e T avb_be32toh
fff34ca1 T avb_be64toh
fff34cac T avb_safe_memcmp
fff34cd5 T avb_safe_add_to
fff34d2b T avb_basename
fff34d69 T avb_safe_add
fff34d92 T avb_validate_utf8
fff34dfb T avb_str_concat
fff34eb9 T avb_malloc
fff34efb T avb_calloc
fff34f1e T avb_strdup
fff34f4b T avb_strstr
fff34f88 T avb_strv_find_str
fff34fcd T avb_replace
fff35172 T avb_strdupv
fff35269 T avb_uppercase
fff35288 T avb_bin2hex
fff352d8 T avb_version_string
fff352de T avb_descriptor_validate_and_byteswap
fff35342 T avb_descriptor_foreach
fff355d2 T avb_descriptor_get_all
fff35641 t count_descriptors
fff35646 t set_descriptors
fff3565a T avb_hash_descriptor_validate_and_byteswap
fff35796 T avb_kernel_cmdline_descriptor_validate_and_byteswap
fff35882 T avb_rsa_verify
fff35d31 t montMul
fff35e5a T avb_sha512_init
fff35e86 T avb_sha512_update
fff35f22 t SHA512_transform
fff3637a T avb_sha512_final
fff36458 T avb_memcmp
fff3645d T avb_memcpy
fff36462 T avb_memset
fff36467 T avb_strcmp
fff3646c T avb_strncmp
fff36471 T avb_strlen
fff36476 T avb_abort
fff3647e T avb_printv
fff364b5 T avb_malloc_
fff364ba T avb_free
fff364bf T avb_div_by_10
fff364ef T avb_vbmeta_image_verify
fff36a90 T avb_vbmeta_image_header_to_host_byte_order
fff36bb2 T avb_vbmeta_verify_result_to_string
fff36bfa T addBootConfigParameters
fff36c90 T addBootConfigTrailer
fff36d1e T fdt_ro_probe_
fff36d7a T fdt_check_header
fff36e55 T fdt_offset_ptr
fff36ea2 T fdt_next_tag
fff36f78 T fdt_check_node_offset_
fff36fa4 T fdt_check_prop_offset_
fff36fd0 T fdt_next_node
fff3705d T fdt_first_subnode
fff3708b T fdt_next_subnode
fff370c9 T fdt_find_string_
fff37112 T fdt_move
fff37153 T fdt_get_string
fff3720c T fdt_string
fff37213 T fdt_get_mem_rsv
fff37260 t fdt_mem_rsv
fff37289 T fdt_num_mem_rsv
fff372c2 T fdt_subnode_offset_namelen
fff3737e T fdt_subnode_offset
fff373a6 T fdt_path_offset_namelen
fff37470 T fdt_get_alias_namelen
fff374b1 T fdt_path_offset
fff374cf T fdt_get_name
fff3753f T fdt_first_property_offset
fff37560 t nextprop_
fff375ad T fdt_next_property_offset
fff375ce t fdt_get_property_by_offset_
fff37606 T fdt_get_property_namelen
fff3763f t fdt_get_property_namelen_
fff376ca T fdt_get_property
fff376fb T fdt_getprop_namelen
fff3774d T fdt_getprop_by_offset
fff377cf T fdt_getprop
fff37800 T fdt_supernode_atdepth_offset
fff3789a T fdt_node_depth
fff378be T fdt_parent_offset
fff37907 T fdt_stringlist_search
fff379a8 T fdt_node_end_offset_
fff379d2 T fdt_strerror
fff379ff T fdt_add_mem_rsv
fff37a77 t fdt_rw_probe_
fff37ac9 t fdt_splice_mem_rsv_
fff37b1a T fdt_del_mem_rsv
fff37b5f t fdt_splice_struct_
fff37b9b T fdt_setprop_placeholder
fff37c4f t fdt_add_property_
fff37d6a T fdt_setprop
fff37da2 T fdt_delprop
fff37df5 T fdt_add_subnode_namelen
fff37ecc T fdt_add_subnode
fff37ef4 T fdt_del_node
fff37f36 T fdt_open_into
fff380aa t fdt_blocks_misordered_
fff380e7 t fdt_packblocks_
fff38168 t fdt_splice_
fff381cc T fdt_address_cells
fff381f6 t fdt_cells
fff38233 T fdt_size_cells
fff38250 T fdtdec_get_int
fff3827c T fdtdec_get_addr_size_fixed
fff38336 T fdtdec_get_number
fff38355 T fdtdec_get_pci_bar32
fff3837e T fdtdec_get_is_enabled
fff383b2 T fdtdec_get_alias_seq
fff3848e T fdtdec_get_alias_highest_id
fff3853e T fdtdec_get_chosen_prop
fff3856e T fdtdec_prepare_fdt
fff385bf T fdtdec_get_int_array
fff38616 T fdtdec_get_bool
fff38634 T fdtdec_get_config_int
fff38667 T fdtdec_get_config_string
fff3869a T fdt_get_resource
fff387a6 W board_fdt_blob_setup
fff387ac W fdtdec_board_setup
fff387af T fdtdec_setup
fff38801 T qsort
fff388be T strcmp_compar
fff388c7 T hcreate_r
fff38948 T hdestroy_r
fff389aa T hmatch_r
fff38a23 T hsearch_r
fff38e71 T hdelete_r
fff38f44 T hexport_r
fff391e6 t cmpkey
fff391f3 T himport_r
fff394f2 t drop_var_from_set
fff39540 T hwalk_r
fff3957f t match_string
fff395f9 T display_options_get_banner_priv
fff39681 T display_options_get_banner
fff3969a T display_options
fff396d2 T print_size
fff397d9 W __div64_32
fff398cd T hang
fff398dc T strim
fff39920 T lmb_dump_all
fff39921 T lmb_init_and_reserve
fff39994 t lmb_reserve_common
fff399c1 T lmb_init_and_reserve_range
fff39a14 T lmb_free
fff39b9f t lmb_remove_region
fff39bdc t lmb_add_region_flags
fff39ed5 T lmb_reserve_flags
fff39ef8 T lmb_reserve
fff39f19 T lmb_alloc
fff39f32 T lmb_alloc_base
fff39f79 T __lmb_alloc_base
fff3a1c2 T lmb_alloc_addr
fff3a291 W board_lmb_reserve
fff3a292 W arch_lmb_reserve
fff3a293 T slre_compile
fff3a3b5 t compile
fff3a9d8 T slre_match
fff3aa45 t match
fff3ad6a t get_escape_char
fff3adc0 t quantifier
fff3ae87 t relocate
fff3aed6 t loop_greedy
fff3af80 t loop_non_greedy
fff3afe6 T strncasecmp
fff3b03e T strcasecmp
fff3b046 T strcpy
fff3b056 T strncpy
fff3b06c T strlen
fff3b07c T strcat
fff3b099 T strncat
fff3b0c5 T strnlen
fff3b0e4 T strcmp
fff3b0fb T strncmp
fff3b12d T strchr
fff3b147 T strrchr
fff3b170 T strdup
fff3b1a4 T strsep
fff3b1f3 T memcmp
fff3b215 T strstr
fff3b270 T memchr
fff3b289 T get_tbclk
fff3b2b6 T get_ticks
fff3b310 W timer_init
fff3b313 T usec_to_tick
fff3b383 T udelay
fff3b3a9 T uuid_str_valid
fff3b403 T uuid_guid_get_bin
fff3b44b T uuid_guid_get_str
fff3b47d T uuid_str_to_bin
fff3b5ab T uuid_bin_to_str
fff3b657 T rand
fff3b677 T panic_str
fff3b684 t panic_finish
fff3b6af T panic
fff3b6c8 t vsnprintf_internal
fff3bda0 T snprintf
fff3bdc7 T sprintf
fff3bdee T printf
fff3be06 T vprintf
fff3be50 T simple_itoa
fff3be8b t string16
fff3bf56 t string
fff3bfc9 t number
fff3c246 t put_dec_trunc
fff3c30d t put_dec
fff3c467 T simple_strtoul
fff3c4fb T hextoul
fff3c505 T dectoul
fff3c50f T strict_strtoul
fff3c570 T simple_strtol
fff3c58c T ustrtoul
fff3c5ef T ustrtoull
fff3c65c T simple_strtoull
fff3c6ee T trailing_strtoln
fff3c74d T trailing_strtol
fff3c754 T rtc_calc_weekday
fff3c829 T __udivdi3
fff3c841 t _64bit_divide
fff3c991 T __umoddi3
fff3c9c8 d _u_boot_list_2_cmd_2_ab_select
fff3c9c8 d complete_cmdv.start
fff3c9c8 d complete_cmdv.start.17
fff3c9c8 d do_help.start
fff3c9c8 d do_help.start.6
fff3c9c8 d find_cmd.start
fff3c9c8 d find_cmd.start.2
fff3c9e4 d _u_boot_list_2_cmd_2_avb
fff3ca00 d _u_boot_list_2_cmd_2_boot
fff3ca1c d _u_boot_list_2_cmd_2_boot_android
fff3ca38 d _u_boot_list_2_cmd_2_bootd
fff3ca54 d _u_boot_list_2_cmd_2_bootefi
fff3ca70 d _u_boot_list_2_cmd_2_bootm
fff3ca8c d _u_boot_list_2_cmd_2_bootz
fff3caa8 d _u_boot_list_2_cmd_2_date
fff3cac4 d _u_boot_list_2_cmd_2_dm
fff3cae0 d _u_boot_list_2_cmd_2_echo
fff3cafc d _u_boot_list_2_cmd_2_editenv
fff3cb18 d _u_boot_list_2_cmd_2_env
fff3cb34 d _u_boot_list_2_cmd_2_exit
fff3cb50 d _u_boot_list_2_cmd_2_false
fff3cb6c d _u_boot_list_2_cmd_2_fatinfo
fff3cb88 d _u_boot_list_2_cmd_2_fatload
fff3cba4 d _u_boot_list_2_cmd_2_fatls
fff3cbc0 d _u_boot_list_2_cmd_2_fatmkdir
fff3cbdc d _u_boot_list_2_cmd_2_fatrm
fff3cbf8 d _u_boot_list_2_cmd_2_fatsize
fff3cc14 d _u_boot_list_2_cmd_2_fatwrite
fff3cc30 d _u_boot_list_2_cmd_2_fdt
fff3cc4c d _u_boot_list_2_cmd_2_fstype
fff3cc68 d _u_boot_list_2_cmd_2_fstypes
fff3cc84 d _u_boot_list_2_cmd_2_gpt
fff3cca0 d _u_boot_list_2_cmd_2_help
fff3ccbc d _u_boot_list_2_cmd_2_itest
fff3ccd8 d _u_boot_list_2_cmd_2_ln
fff3ccf4 d _u_boot_list_2_cmd_2_load
fff3cd10 d _u_boot_list_2_cmd_2_ls
fff3cd2c d _u_boot_list_2_cmd_2_mtrr
fff3cd48 d _u_boot_list_2_cmd_2_panic
fff3cd64 d _u_boot_list_2_cmd_2_part
fff3cd80 d _u_boot_list_2_cmd_2_pci
fff3cd9c d _u_boot_list_2_cmd_2_printenv
fff3cdb8 d _u_boot_list_2_cmd_2_question_mark
fff3cdd4 d _u_boot_list_2_cmd_2_read
fff3cdf0 d _u_boot_list_2_cmd_2_reset
fff3ce0c d _u_boot_list_2_cmd_2_run
fff3ce28 d _u_boot_list_2_cmd_2_save
fff3ce44 d _u_boot_list_2_cmd_2_saveenv
fff3ce60 d _u_boot_list_2_cmd_2_setenv
fff3ce7c d _u_boot_list_2_cmd_2_setexpr
fff3ce98 d _u_boot_list_2_cmd_2_showvar
fff3ceb4 d _u_boot_list_2_cmd_2_size
fff3ced0 d _u_boot_list_2_cmd_2_sleep
fff3ceec d _u_boot_list_2_cmd_2_source
fff3cf08 d _u_boot_list_2_cmd_2_test
fff3cf24 d _u_boot_list_2_cmd_2_true
fff3cf40 d _u_boot_list_2_cmd_2_verified_boot_android
fff3cf5c d _u_boot_list_2_cmd_2_version
fff3cf78 d _u_boot_list_2_cmd_2_virtio
fff3cf94 d _u_boot_list_2_cmd_2_zboot
fff3cfb0 d _u_boot_list_2_driver_2_cpu_bus
fff3cfb0 d complete_cmdv.end
fff3cfb0 d dm_dump_driver_compat.start
fff3cfb0 d dm_dump_driver_compat.start.4
fff3cfb0 d dm_dump_drivers.start
fff3cfb0 d dm_dump_drivers.start.11
fff3cfb0 d do_help.end
fff3cfb0 d efi_driver_init.start
fff3cfb0 d find_cmd.end
fff3cfb0 d fix_drivers.start
fff3cfb0 d fix_drivers.start.1
fff3cfb0 d lists_bind_fdt.start
fff3cfb0 d lists_bind_fdt.start.3
fff3cfb0 d lists_driver_lookup_name.start
fff3cfb0 d lists_driver_lookup_name.start.1
fff3cff4 d _u_boot_list_2_driver_2_cpu_qemu_drv
fff3d038 d _u_boot_list_2_driver_2_cpu_x86_drv
fff3d07c d _u_boot_list_2_driver_2_efi_blk
fff3d0c0 d _u_boot_list_2_driver_2_efi_block
fff3d104 d _u_boot_list_2_driver_2_generic_syscon
fff3d148 d _u_boot_list_2_driver_2_irq_router_drv
fff3d18c d _u_boot_list_2_driver_2_motorola_mc146818
fff3d1d0 d _u_boot_list_2_driver_2_ns16550_serial
fff3d214 d _u_boot_list_2_driver_2_pch7_drv
fff3d258 d _u_boot_list_2_driver_2_pch9_drv
fff3d29c d _u_boot_list_2_driver_2_pci_bridge_drv
fff3d2e0 d _u_boot_list_2_driver_2_pci_generic_drv
fff3d324 d _u_boot_list_2_driver_2_pci_x86
fff3d368 d _u_boot_list_2_driver_2_qfw_pio
fff3d3ac d _u_boot_list_2_driver_2_root_driver
fff3d3f0 d _u_boot_list_2_driver_2_simple_bus
fff3d434 d _u_boot_list_2_driver_2_sysinfo_smbios
fff3d478 d _u_boot_list_2_driver_2_virtio_blk
fff3d4bc d _u_boot_list_2_driver_2_virtio_console
fff3d500 d _u_boot_list_2_driver_2_virtio_pci_legacy
fff3d544 d _u_boot_list_2_driver_2_virtio_pci_modern
fff3d588 d _u_boot_list_2_driver_2_virtio_rng
fff3d5cc d _u_boot_list_2_driver_2_x86_reset
fff3d610 d _u_boot_list_2_driver_2_x86_tsc_timer
fff3d654 d dm_dump_driver_compat.end
fff3d654 d dm_dump_drivers.end
fff3d654 d efi_driver_init.end
fff3d654 d fix_drivers.end
fff3d654 d lists_bind_fdt.end
fff3d654 d lists_driver_lookup_name.end
fff3d658 d _u_boot_list_2_driver_info_2_x86_qfw_pio
fff3d658 d bind_drivers_pass.start
fff3d658 d bind_drivers_pass.start.14
fff3d658 d dm_dump_static_driver_info.start
fff3d658 d dm_dump_static_driver_info.start.19
fff3d658 d fix_devices.start
fff3d658 d fix_devices.start.3
fff3d660 d _u_boot_list_2_env_clbk_2_baudrate
fff3d660 d bind_drivers_pass.end
fff3d660 d dm_dump_static_driver_info.end
fff3d660 d find_env_callback.start
fff3d660 d find_env_callback.start.3
fff3d660 d fix_devices.end
fff3d668 d _u_boot_list_2_env_clbk_2_callbacks
fff3d670 d _u_boot_list_2_env_clbk_2_console
fff3d678 d _u_boot_list_2_env_clbk_2_flags
fff3d680 d _u_boot_list_2_env_clbk_2_loadaddr
fff3d688 d _env_driver_lookup.start
fff3d688 d _env_driver_lookup.start.11
fff3d688 d _u_boot_list_2_env_driver_2_raw_disk
fff3d688 d env_select.start
fff3d688 d env_select.start.8
fff3d688 d find_env_callback.end
fff3d6a0 d _env_driver_lookup.end
fff3d6a0 d _u_boot_list_2_part_driver_2_a_efi
fff3d6a0 d do_part_types.start
fff3d6a0 d do_part_types.start.18
fff3d6a0 d env_select.end
fff3d6a0 d part_driver_get_count.start
fff3d6a0 d part_driver_get_first.start
fff3d6a0 d part_driver_lookup_type.start
fff3d6a0 d part_driver_lookup_type.start.42
fff3d6a0 d part_init.start
fff3d6a0 d part_init.start.18
fff3d6b8 d _u_boot_list_2_part_driver_2_dos
fff3d6d0 d _u_boot_list_2_part_driver_2_iso
fff3d6e8 d _u_boot_list_2_pci_driver_entry_2_virtio_pci_legacy
fff3d6e8 d do_part_types.end
fff3d6e8 d part_driver_get_count.end
fff3d6e8 d part_driver_lookup_type.end
fff3d6e8 d part_init.end
fff3d6e8 d pci_find_and_bind_driver.start
fff3d6e8 d pci_find_and_bind_driver.start.15
fff3d6f0 d _u_boot_list_2_pci_driver_entry_2_virtio_pci_modern
fff3d6f8 d _u_boot_list_2_uclass_driver_2_blk
fff3d6f8 d fix_uclass.start
fff3d6f8 d fix_uclass.start.2
fff3d6f8 d lists_uclass_lookup.start
fff3d6f8 d lists_uclass_lookup.start.2
fff3d6f8 d pci_find_and_bind_driver.end
fff3d740 d _u_boot_list_2_uclass_driver_2_cpu
fff3d788 d _u_boot_list_2_uclass_driver_2_efi
fff3d7d0 d _u_boot_list_2_uclass_driver_2_irq
fff3d818 d _u_boot_list_2_uclass_driver_2_lpc
fff3d860 d _u_boot_list_2_uclass_driver_2_nop
fff3d8a8 d _u_boot_list_2_uclass_driver_2_northbridge
fff3d8f0 d _u_boot_list_2_uclass_driver_2_pch
fff3d938 d _u_boot_list_2_uclass_driver_2_pci
fff3d980 d _u_boot_list_2_uclass_driver_2_pci_generic
fff3d9c8 d _u_boot_list_2_uclass_driver_2_qfw
fff3da10 d _u_boot_list_2_uclass_driver_2_rng
fff3da58 d _u_boot_list_2_uclass_driver_2_root
fff3daa0 d _u_boot_list_2_uclass_driver_2_rtc
fff3dae8 d _u_boot_list_2_uclass_driver_2_serial
fff3db30 d _u_boot_list_2_uclass_driver_2_simple_bus
fff3db78 d _u_boot_list_2_uclass_driver_2_syscon
fff3dbc0 d _u_boot_list_2_uclass_driver_2_sysinfo
fff3dc08 d _u_boot_list_2_uclass_driver_2_sysreset
fff3dc50 d _u_boot_list_2_uclass_driver_2_timer
fff3dc98 d _u_boot_list_2_uclass_driver_2_virtio
fff3dce0 d fix_uclass.end
fff3dce0 d lists_uclass_lookup.end
fff3dce0 r acpi_guid
fff3dcf0 r .L__const.getrng.rng_raw_guid
fff3dd00 r .L__const.get_initrd_fp.lf2_initrd_guid
fff3dd10 r efi_block_io_guid
fff3dd20 r efi_file_info_guid
fff3dd30 r efi_file_system_info_guid
fff3dd40 r efi_global_variable_guid
fff3dd50 r efi_guid_device_path
fff3dd60 r efi_guid_device_path_to_text_protocol
fff3dd70 r efi_guid_device_path_utilities_protocol
fff3dd80 r efi_guid_driver_binding_protocol
fff3dd90 r efi_guid_event_group_exit_boot_services
fff3dda0 r efi_guid_event_group_memory_map_change
fff3ddb0 r efi_guid_event_group_reset_system
fff3ddc0 r efi_guid_hii_database_protocol
fff3ddd0 r efi_guid_hii_string_protocol
fff3dde0 r efi_guid_image_security_database
fff3ddf0 r efi_guid_load_file2_protocol
fff3de00 r efi_guid_load_file_protocol
fff3de10 r efi_guid_loaded_image
fff3de20 r efi_guid_loaded_image_device_path
fff3de30 r efi_guid_rng_protocol
fff3de40 r efi_guid_text_input_ex_protocol
fff3de50 r efi_guid_text_input_protocol
fff3de60 r efi_guid_text_output_protocol
fff3de70 r efi_guid_unicode_collation_protocol2
fff3de80 r efi_guid_virtio_dev
fff3de90 r efi_rt_properties_table_guid
fff3dea0 r efi_simple_file_system_protocol_guid
fff3deb0 r efi_system_partition_guid
fff3dec0 r efi_system_volume_label_id
fff3ded0 r efi_u_boot_guid
fff3dee0 r list_guid
fff3dfb8 r partition_basic_data_guid
fff3dfc8 r sha512_h0
fff3e008 r sha512_k
fff3e288 r smbios_guid
fff3e298 r system_guid
fff3e3f4 r baudrate_table
fff3e438 r block_io_disk_template
fff3e454 r boot_os
fff3e49c r bootloader_id
fff3e5fc r color
fff3e668 r cpu_qemu_ids
fff3e678 r cpu_qemu_ops
fff3e68c r cpu_x86_ids
fff3e69c r cpu_x86_ops
fff3e6b0 r env_flags_varaccess_mask
fff3e720 r sha256_h0
fff3e828 r driver_ops
fff3e834 r e820_type_name
fff3e85c r efi_blk_ops
fff3e9b8 r efi_device_path_to_text
fff3e9c0 r efi_device_path_utilities
fff3e9e0 r efi_file_handle_protocol
fff3ea20 r efi_hii_database
fff3ea4c r efi_hii_string
fff3ea60 r efi_lf2_protocol
fff3ea90 r efi_rng_protocol
fff3ea98 r efi_unicode_collation_protocol2
fff3eac4 r exceptions
fff3eb44 r fdt_errtable
fff3eb90 r fdt_member_table
fff3ebdc r fixed_mtrrs
fff3ec08 r freq_desc_tables
fff3ed20 r fstypes
fff3eda8 r generic_simple_bus_ids
fff3edc0 r generic_syscon_ids
fff3ee08 r if_type_uclass_id
fff3ee40 r if_typename_str
fff3eefc r init_sequence_f
fff3efbc r init_sequence_f_r
fff3efc4 r irq_router_ids
fff3f068 r month_offset
fff3f098 r mtrr_type_name
fff3f0b4 r name_type
fff3f114 r ns16550_serial_ids
fff3f144 r ns16550_serial_ops
fff3f164 r op_adv
fff3f264 r op_table
fff3f2f8 r pch7_ids
fff3f308 r pch7_ops
fff3f31c r pch9_ids
fff3f32c r pch9_ops
fff3f340 r pci_bridge_ids
fff3f350 r pci_bridge_ops
fff3f358 r pci_flag_info
fff3f380 r pci_generic_ids
fff3f390 r pci_x86_ids
fff3f3a0 r pci_x86_ops
fff3f3a8 r reserved_list
fff3f42c r rtc_mc146818_ids
fff3f43c r rtc_mc146818_ops
fff3f468 r sha256_k
fff3f568 r smbios_write_funcs
fff3f5a0 r sysinfo_smbios_ids
fff3f5b0 r sysinfo_smbios_ops
fff3f5c4 r table_list
fff3f614 r tsc_timer_ids
fff3f624 r tsc_timer_ops
fff3f628 r uimage_comp
fff3f688 r uimage_os
fff3f724 r uimage_type
fff3f938 r virtio_blk_ops
fff3f948 r virtio_console_serial_ops
fff3f968 r virtio_drv_name
fff3f99c r virtio_pci_ops
fff3f9c8 r virtio_pci_ops
fff3fa14 r virtio_rng_ops
fff3fa70 r weekdays
fff3fa8c r x86_sysreset_ids
fff3fa9c r x86_vendor_name
fff3fac8 r x86_vendors
fff3fb20 r END
fff3fb24 r ROOT
fff3fb38 r capitalization_table
fff40a08 r codepage_437
fff40b08 r distfix
fff40b88 r dp_lf2_handle
fff40ba0 r inflate.order
fff40bc6 r inflate_table.dbase
fff40c06 r inflate_table.dext
fff40c46 r inflate_table.lbase
fff40c84 r inflate_table.lext
fff40cc2 r lenfix
fff41669 r LONG_ONLY_CHARS
fff41670 r _ctype
fff41770 r number.digits
fff41780 r default_environment
fff424eb r env_flags_varaccess_rep
fff424f0 r env_flags_vartype_rep
fff424f5 r erase_seq
fff424f9 r hex_asc
fff4250a r illegal
fff4251b r padding_RSA2048_SHA256
fff425fb r padding_RSA2048_SHA512
fff426bb r padding_RSA4096_SHA256
fff4289b r padding_RSA4096_SHA512
fff42a5b r padding_RSA8192_SHA256
fff42e3b r padding_RSA8192_SHA512
fff431fb r print_size.names
fff49181 r .L.str.8
fff491dd r .L.str.17
fff491e2 r .L.str.18
fff504cc r tab_seq
fff504d5 r version_string
fff50540 d mp_steps
fff505c0 D gdt64
fff505c0 d gdt
fff505f0 d gdt_end
fff505f0 d load_flags
fff50610 d xload_flags
fff50638 d zboot_subcmds
fff506e0 d bootm_help_text
fff50a70 d cmd_bootm_sub
fff50b6c d source_help_text
fff50bba d bootefi_help_text
fff50d45 d bootz_help_text
fff50f50 d default_tm
fff50f74 d test_commands
fff5101c d fdt_help_text
fff51683 d do_fdt.root
fff51685 d fdt_print.tabs
fff516a8 d regs_start
fff516f0 d regs_rest
fff51750 d regs_normal
fff517f8 d regs_bridge
fff518f4 d regs_cardbus
fff51a20 d pci_help_text
fff51c70 d cmd_avb
fff51d6c d env_id
fff51d70 d env_help_text
fff51fcc d cmd_env_sub
fff520e4 d init_sequence_r
fff52160 d hist_cur
fff52164 d av_
fff5256c d trim_threshold
fff52570 d sbrk_base
fff52574 d image_load_addr
fff52578 d stdio_names
fff52584 D _binary_common_avb_pubkey_start
fff5298c D _binary_common_avb_pubkey_end
fff5298c d root_info
fff52994 d x86_sysreset_ops
fff529a0 d virtio_pci_supported
fff530bc d virtio_pci_supported
fff537d8 d _stats
fff537ec d block_cache
fff537f4 d qfw_pio_ops
fff537fc d env_htab
fff5380c d efi_obj_list
fff53814 d efi_event_queue
fff5381c d efi_register_notify_events
fff53824 d entry_count
fff53828 d efi_boot_services
fff538f0 d efi_tpl
fff538f4 d efi_con_mode
fff5390c d efi_con_out
fff53934 d efi_con_in
fff53940 d efi_con_in_ex
fff53958 d efi_cout_modes
fff5397c d cin_notify_functions
fff53984 d efi_package_lists
fff5398c d efi_keyboard_layout_list
fff53994 d efi_mem
fff5399c d efi_obj_list_initialized
fff539a0 d algorithm_data
fff539f4 d y
fff53a08 d _GLOBAL_OFFSET_TABLE_
fff53a08 d __efi_runtime_rel_start
fff53b60 A __data_end
fff53b60 A __init_end
fff53b60 d __efi_runtime_rel_stop
fff53b70 A __rel_dyn_start
fff53b70 B __bss_start
fff53b70 b i440fx
fff53b74 b ap_callbacks
fff53b78 b load_sipi_vector.msr_save
fff53d78 b mp_info.0
fff53d7c b mp_info.1
fff53d80 b idt
fff54580 b idt_ptr
fff54588 b irq_handlers
fff54648 b spurious_irq_cnt
fff5464c b isa_irq_occupied
fff5465c b state
fff54678 b image_addr
fff5467c b image_size
fff54680 b bootefi_device_path
fff54684 b bootefi_image_path
fff54688 b working_fdt
fff5468c b do_fdt.data
fff54a8c b virtio_curr_dev
fff54a90 b avb_ops
fff54a94 b top_vars
fff54a98 b get_dollar_var.buf
fff54ac0 b last_return_code
fff54ac4 b flag_repeat
fff54ac8 b ifs
fff54acc b map
fff54bcc b do_repeat
fff54bcd b get_user_input.the_command
fff54dd0 b stored_bootdelay
fff54dd4 b monitor_flash_len
fff54dd8 b images
fff54fb8 b console_buffer
fff551bc b cli_readline_into_buffer.initted
fff551c0 b hist_max
fff551c4 b hist_add_idx
fff551c8 b hist_num
fff551cc b hist_lines
fff579e0 b hist_list
fff57a30 b ctrlc_disabled
fff57a34 b ctrlc_was_pressed
fff57a38 b mem_malloc_start
fff57a3c b mem_malloc_end
fff57a40 b mem_malloc_brk
fff57a44 b top_pad
fff57a48 b max_sbrked_mem
fff57a4c b max_total_mem
fff57a50 b current_mallinfo.0
fff57a54 b stdio_devices
fff57a60 b devs
fff57aac b env_complete_buf
fff57cac b tmp_buf
fff57ec0 b tmpbuf
fff586c0 b print_efiname.name
fff586e6 b mode_info
fff587ec b virtio_pci_bind.num_devs
fff587f0 b virtio_pci_bind.num_devs
fff587f4 b first_call
fff587f8 b flags_list
fff587fc b first_call
fff58800 b callback_list
fff58804 b fs_type
fff58808 b fs_dev_desc
fff5880c b fs_partition
fff588a8 b fs_dev_part
fff588ac b cur_dev
fff588b0 b cur_part_info
fff5894c b total_sector
fff58950 b get_set_cluster.tmpbuf_cluster
fff58954 b bs
fff58958 b rs
fff5895c b timers_enabled
fff58960 b current_image
fff58964 b efi_st_keep_devices
fff58968 b efi_get_next_monotonic_count.mono
fff58970 b console_timer_event
fff58974 b key_available
fff58978 b next_key
fff58984 b efi_memory_map_key
fff58988 b efi_root
fff5898c b watchdog_timer_event
fff58990 b efi_system_partition
fff5899c b efi_initrd_handle
fff589a0 b binman
fff589a4 b errno
fff589a8 b simple_itoa.local
fff589c0 B __bss_end
fff5ff88 A __rel_dyn_end
fff5ff88 A _end
