00000000 T __image_copy_start
00000000 T _start
00000020 T _undefined_instruction
00000024 T _software_interrupt
00000028 T _prefetch_abort
0000002c T _data_abort
00000030 T _not_used
00000034 T _irq
00000038 T _fiq
00000040 T IRQ_STACK_START_IN
00000060 t undefined_instruction
000000c0 t software_interrupt
00000120 t prefetch_abort
00000180 t data_abort
000001e0 t not_used
00000240 t irq
000002a0 t fiq
000002e8 T reset
000002ec T save_boot_params_ret
000002fc T switch_to_hypervisor_ret
00000338 T c_runtime_cpu_setup
00000348 W save_boot_params
0000034c W switch_to_hypervisor
00000350 T cpu_init_cp15
000003b0 T cpu_init_crit
000003bc T __efi_runtime_start
000003c0 T __arm_smccc_smc
000003e0 T __arm_smccc_hvc
00000400 T invoke_psci_fn
00000408 A _binary_common_avb_pubkey_size
00000488 T efi_memcpy_runtime
000004a4 T efi_update_table_header_crc32
000004cc W efi_reset_system
000004d0 W efi_get_time
000004d8 W efi_set_time
000004e0 T efi_update_capsule_unsupported
000004e8 T efi_query_capsule_caps_unsupported
000004f0 T efi_convert_pointer
000005c0 t efi_unimplemented
000005c8 t efi_set_virtual_address_map_runtime
000005d0 t efi_convert_pointer_runtime
000005d8 T efi_runtime_detach
00000624 T efi_runtime_relocate
00000790 T efi_get_variable_runtime
000007cc T efi_get_next_variable_name_runtime
000007d0 T efi_var_mem_find
00000904 t efi_var_mem_compare
000009a8 T efi_var_mem_del
00000a40 T efi_var_mem_ins
00000b2c T efi_var_mem_free
00000b4c t efi_var_mem_notify_virtual_address_map
00000b74 T efi_get_variable_mem
00000c2c T efi_get_next_variable_name_mem
00000d0c T efi_get_variable_int
00000d10 T efi_get_next_variable_name_int
00000d14 T efi_query_variable_info_runtime
00000d1c t efi_set_variable_runtime
00000d24 T u16_strnlen
00000d5c T crc32_no_comp
00000e40 T crc32
00000e54 t crc_table
00001254 T psci_method
00001258 T efi_events
00001260 T systab
000012a8 t firmware_vendor
000012c0 T efi_runtime_mmio
000012c8 T efi_runtime_services
00001318 t efi_virtmap
0000131c t efi_descriptor_count
00001320 t efi_descriptor_size
00001324 t efi_var_buf
00001328 t efi_current_var
0000132c T __efi_runtime_stop
00001340 T invalidate_dcache_all
00001350 W v7_outer_cache_inval_all
00001354 T flush_dcache_all
00001364 W v7_outer_cache_flush_all
00001368 T flush_dcache_range
000013c0 W v7_outer_cache_flush_range
000013c4 T arm_init_before_mmu
000013f0 W v7_outer_cache_enable
000013f4 T invalidate_icache_all
0000140c W v7_outer_cache_disable
00001410 T __v7_flush_dcache_all
00001424 t start_flush_levels
00001428 t flush_levels
00001464 t loop1
00001468 t loop2
00001484 t skip
00001490 t finished
000014a4 T v7_flush_dcache_all
000014b4 T __v7_invalidate_dcache_all
000014cc t inval_levels
00001508 t inval_loop1
0000150c t inval_loop2
00001528 t inval_skip
00001534 t inval_finished
00001548 T v7_invalidate_dcache_all
00001558 W cpu_cache_initialization
0000155c T cleanup_before_linux_select
000015a8 T cleanup_before_linux
000015bc T allow_unaligned
000015cc W s_init
000015d0 W lowlevel_init
000015f4 T timer_init
0000161c T get_ticks
00001644 T get_tbclk
00001650 T _main
00001698 t here
000016d8 T setjmp
000016e8 T longjmp
00001704 W relocate_vectors
00001710 T relocate_code
00001720 t copy_loop
00001738 t fixloop
00001758 t fixnext
00001760 t relocate_done
00001774 T arch_fixup_fdt
000017b8 T arch_lmb_reserve
00001848 W board_quiesce_devices
0000184c W board_prep_linux
00001850 T do_bootm_linux
0000189c t boot_prep_linux
000018f0 t boot_jump_linux
000019c8 T bootz_setup
00001a80 T memset
00001b5c T memcpy
00001f0c T arch_reserve_stacks
00001f34 T interrupt_init
00001f54 T enable_interrupts
00001f58 T disable_interrupts
00001f60 T bad_mode
00001f6c T show_regs
00002128 T do_undefined_instruction
0000215c t show_efi_loaded_images
00002164 T do_software_interrupt
00002198 T do_prefetch_abort
000021cc T do_data_abort
00002200 T do_not_used
00002234 T do_fiq
00002268 T do_irq
0000229c W flush_cache
000022a4 T check_cache_range
000022d4 T arch_reserve_mmu
000022d8 W arm_reserve_mmu
00002324 W dram_bank_mmu_setup
000023a4 T icache_enable
000023e8 T icache_disable
000023f0 t cache_disable
00002474 T dcache_enable
00002618 T dcache_disable
00002620 T board_init
00002628 T board_late_init
00002638 T dram_init
0000264c T dram_init_banksize
0000265c T board_fdt_blob_setup
00002664 T enable_caches
00002674 T platform_get_rng_device
00002728 T do_bootm
00002824 T do_bootd
00002844 t do_help
0000289c t do_panic
000028b8 t do_version
000028f8 t do_ab_select
000029a4 T blk_common_cmd
00002ca4 t do_source
00002d04 t do_boot_android
00002d14 t do_verified_boot_android
00002d24 t boot_android
00002e68 T efi_set_bootdev
00002fd4 T efi_install_fdt
00003254 T efi_run_image
00003410 t do_bootefi_exec
000034a0 t do_bootefi
000035c0 T do_bootz
000036c4 T mk_date
00003914 t do_date
00003ac0 t do_dm
00003b34 t do_dm_dump_all
00003b44 t do_dm_dump_uclass
00003b54 t do_dm_dump_devres
00003b5c t do_dm_dump_drivers
00003b6c t do_dm_dump_driver_compat
00003b7c t do_dm_dump_static_driver_info
00003b8c t do_echo
00003c1c t do_exit
00003c34 T do_fat_size
00003c50 T do_fat_fsload
00003c6c t do_fat_ls
00003c88 t do_fat_fsinfo
00003d1c t do_fat_fswrite
00003d38 t do_fat_rm
00003d54 t do_fat_mkdir
00003d70 T set_working_fdt_addr
00003d8c t do_fdt
00004e00 t is_printable_string
00004e8c t print_data
00005050 t do_size_wrapper
0000506c t do_load_wrapper
00005088 t do_save_wrapper
000050a4 t do_ls_wrapper
000050c0 t do_ln_wrapper
000050dc t do_fstype_wrapper
000050e0 t do_fstypes_wrapper
000050e4 t do_itest
00005164 t binary_test
00005318 t evalstr
0000538c t evalexp
00005400 t do_sleep
000054e8 t do_part
00005898 t do_part_info
000059d8 T pci_bar_show
00005bbc T pci_header_show
00005c8c t pci_show_regs
00005d30 T pciinfo_header
00005d6c t do_pci
00006408 t pci_cfg_modify
00006508 t do_qemu_fw
00006594 t qemu_fwcfg_do_list
00006620 t qemu_fwcfg_do_cpus
0000664c t qemu_fwcfg_do_load
00006880 T do_read
000069e4 T setexpr_regex_sub
00006c8c t substitute
00006d88 t do_setexpr
00007064 t get_arg
00007150 t regex_sub_var
0000727c t do_test
000075ec t do_false
000075f4 t do_true
000075fc t do_virtio
00007650 t do_gpt
00007b54 t gpt_verify
00007c94 t set_gpt_info
00008208 t extract_val
000082b8 t extract_env
00008380 T do_avb_init
000083e0 T do_avb_read_part
000084bc T do_avb_read_part_hex
00008614 T do_avb_write_part
000086dc T do_avb_read_rb
0000876c T do_avb_write_rb
000087f8 T do_avb_get_uuid
00008884 T do_avb_verify_part
00008938 T do_avb_is_unlocked
000089c8 t do_avb
00008a38 T env_set
00008a9c t _do_env_set
00008c94 T env_set_ulong
00008cb4 T env_set_hex
00008cec T env_get_hex
00008d34 T env_get
00008db8 T env_get_f
00008ecc T env_match
00008f34 T env_get_ulong
00008f64 t do_env_save
00008f78 t do_env
00008fd4 t do_env_edit
000090c4 t do_env_print
00009198 t do_env_set
000091b4 t do_env_default
0000927c t do_env_delete
00009368 t do_env_export
000095c8 t do_env_import
000098ac t do_env_exists
00009900 t env_print
000099c0 T board_init_f_alloc_reserve
000099d0 T board_init_f_init_reserve
000099f4 T main_loop
00009a34 T get_version
00009a3c T jumptable_init
00009c98 t dummy
00009c9c t mdelay
00009ca8 T get_local_var
00009d44 T set_local_var
00009ec8 T parse_string_outer
00009fe0 t parse_stream_outer
0000a828 T parse_file_outer
0000a870 T u_boot_hush_start
0000a8c8 t do_showvar
0000a9f0 t static_peek
0000a9fc t static_get
0000aa18 t done_word
0000ad7c t done_pipe
0000adc4 t file_peek
0000add0 t free_pipe_list
0000aed0 t new_pipe
0000af10 t done_command
0000afac t b_addqchr
0000affc t b_addchr
0000b07c t run_list_real
0000ba10 t insert_var_value_sub
0000bd4c t is_assignment
0000bda0 t file_get
0000bf64 T bootdelay_process
0000c030 T autoboot_command
0000c12c W coloured_LED_init
0000c130 W red_led_on
0000c134 W board_add_ram_info
0000c138 W arch_cpu_init
0000c140 W mach_cpu_init
0000c148 W board_get_usable_ram_top
0000c168 W arch_setup_bdinfo
0000c170 T setup_bdinfo
0000c178 W reserve_arch
0000c180 W arch_cpu_init_dm
0000c188 W checkcpu
0000c190 W clear_bss
0000c198 T board_init_f
0000c218 t setup_mon_len
0000c23c t log_init
0000c244 t initf_bootstage
0000c24c t setup_spl_handoff
0000c254 t initf_dm
0000c25c t init_baud_rate
0000c288 t display_text_info
0000c290 t print_resetinfo
0000c2e0 t announce_dram_init
0000c2f8 t setup_dest_addr
0000c34c t reserve_round_4k
0000c364 t reserve_video
0000c36c t reserve_trace
0000c374 t reserve_uboot
0000c3c4 t reserve_malloc
0000c3ec t reserve_board
0000c444 t reserve_global_data
0000c474 t reserve_fdt
0000c4e0 t reserve_bootstage
0000c4e8 t reserve_bloblist
0000c4f0 t reserve_stacks
0000c50c t show_dram_config
0000c544 t display_new_sp
0000c54c t reloc_fdt
0000c5ac t reloc_bootstage
0000c5b4 t reloc_bloblist
0000c5bc t setup_reloc
0000c5fc W cpu_secondary_init_r
0000c604 W arch_initr_trap
0000c60c W power_init_board
0000c614 T board_init_r
0000c698 t initr_trace
0000c6a0 t initr_reloc
0000c6bc t initr_caches
0000c6cc t initr_reloc_global_data
0000c70c t initr_barrier
0000c714 t initr_malloc
0000c740 t log_init
0000c748 t initr_bootstage
0000c750 t initr_of_live
0000c758 t initr_dm
0000c77c t initr_binman
0000c784 t initr_dm_devices
0000c78c t initr_announce
0000c794 t initr_env
0000c808 t run_main_loop
0000c810 W checkboard
0000c818 W show_board_info
0000c858 T bootm_find_images
0000c9bc T bootm_disable_interrupts
0000c9c0 T do_bootm_states
0000cf90 W switch_to_non_secure_mode
0000cf94 W arch_preboot_os
0000cf98 W board_preboot_os
0000cf9c T boot_selected_os
0000cff0 T bootm_os_get_boot_func
0000d000 t do_bootm_standalone
0000d064 T fdt_find_and_setprop
0000d0d4 T fdt_find_or_add_subnode
0000d13c T fdt_root
0000d1e8 T fdt_initrd
0000d3dc W board_fdt_chosen_bootargs
0000d3e8 T fdt_chosen
0000d4ac T do_fixup_by_path
0000d508 T fdt_fixup_memory_banks
0000d6ac t fdt_pack_reg
0000d76c T fdt_fixup_memory
0000d7a4 T fdt_fixup_ethernet
0000d950 T fdt_shrink_to_minimum
0000da98 T fdt_support_default_count_cells
0000dafc T fdt_translate_address
0000db08 t __of_translate_address
0000ddac T fdt_valid
0000de6c t of_bus_default_map
0000df38 t of_bus_default_translate
0000dfb8 T cli_readline
0000dfd0 T cli_readline_into_buffer
0000eaa0 t delete_char
0000eb88 t cread_add_char
0000ec8c T cli_simple_process_macros
0000eea8 t on_console
0000ef7c T console_puts_select
0000efec T fputs
0000f008 T getchar
0000f068 T tstc
0000f0a4 T putc
0000f0f4 T puts
0000f144 T ctrlc
0000f19c T disable_ctrlc
0000f1b4 T had_ctrlc
0000f1c4 T clear_ctrlc
0000f1d8 T console_assign
0000f22c t console_setfile
0000f2f4 T console_announce_r
0000f32c T console_init_f
0000f344 T console_init_r
0000f498 T sbrk
0000f4f8 T mem_malloc_init
0000f52c t malloc
0000fbbc t free
0000fe3c t malloc_trim
0000ff44 t realloc
000103c4 t memalign
00010568 t calloc
00010668 T initf_malloc
0001068c T malloc_simple
00010694 t alloc_simple
00010708 T memalign_simple
00010718 T image_multi_getimg
000107a0 T image_decomp
00010914 t on_loadaddr
00010948 T env_get_bootm_low
00010974 T env_get_bootm_size
00010a00 T env_get_bootm_mapsize
00010a30 T genimg_get_os_name
00010a78 T genimg_get_comp_name
00010ac0 T genimg_get_kernel_addr_fit
00010adc T genimg_get_format
00010b14 T genimg_has_config
00010b1c T boot_get_ramdisk
00010c1c T boot_ramdisk_high
00010d30 T boot_get_setup
00010d38 T image_setup_linux
00010dac T ab_select_slot
00011294 T android_image_get_kernel
000112bc T android_image_check_header
000112c4 T android_image_get_end
000112cc T android_image_get_kload
000112ec T android_image_get_kcomp
000112f4 T android_image_get_ramdisk
00011384 T android_image_get_kernel_cmdline
0001138c T android_image_is_bootconfig_used
000113b4 T android_image_load
00011fac T android_image_get_second
00011fb4 T android_image_get_dtb_by_index
00011fbc t android_read_data
00012074 W android_bootloader_boot_kernel
00012160 t hex_to_str
000121d8 T android_bootloader_boot_flow
0001292c t android_part_get_info_by_name_suffix
000129bc T boot_fdt_add_mem_rsv_regions
00012b30 t boot_fdt_reserve_region
00012b78 T boot_relocate_fdt
00012d30 T boot_get_fdt
00012f98 W ft_verify_fdt
00012fa0 T image_setup_libfdt
000130c0 W get_effective_memsize
000130cc T stdio_file_to_flags
000130e4 T stdio_get_list
000130f4 T stdio_get_by_name
00013144 T stdio_clone
00013188 T stdio_register_dev
000131dc T stdio_init_tables
000131f8 T stdio_add_devices
000132a0 t stdio_serial_putc
000132a8 t stdio_serial_puts
000132b0 t stdio_serial_getc
000132b4 t stdio_serial_tstc
000132b8 T run_command
000132cc T run_command_list
00013348 T do_run
000133ac T cli_process_fdt
000133f4 T cli_secure_boot_cmd
00013470 T cli_loop
00013478 T cli_init
0001347c T _do_help
0001363c T find_cmd_tbl
000136e8 T cmd_usage
00013744 T find_cmd
00013778 T var_complete
00013810 T complete_subcmdv
000139b8 T cmd_auto_complete
00013e34 T cmd_get_data_size
00013eb4 T cmd_always_repeatable
00013ed0 T cmd_never_repeatable
00013eec T cmd_process
00014094 T cmd_process_error
000140d4 T avb_ops_alloc
00014194 t read_from_partition
000141c8 t write_to_partition
000141fc t validate_vbmeta_public_key
00014264 t read_rollback_index
00014298 t write_rollback_index
000142b8 t read_is_device_unlocked
000142e4 t get_unique_guid_for_partition
00014330 t get_size_of_partition
00014378 T avb_ops_free
000143bc T avb_verify
00014560 t blk_byte_io
0001484c t get_partition
00014908 t blk_read_and_flush
000149f8 t blk_write
00014ac8 T qfw_get_dev
00014ad4 T qfw_online_cpus
00014af8 T qfw_read_firmware_list
00014be0 T qfw_file_iter_init
00014c00 T qfw_file_iter_next
00014c14 T qfw_file_iter_end
00014c2c T blk_get_dev
00014c34 t get_dev_hwpart
00014c6c T dev_print
00014eb0 T part_init
00014f3c T part_print
00014fd4 t part_driver_lookup_type
000150bc T part_get_info
00015120 T part_get_info_whole_disk
00015174 T blk_get_device_by_str
00015288 T blk_get_device_part_str
00015674 T part_get_info_by_name_type
00015704 T part_get_info_by_name
00015708 T part_get_info_by_dev_and_name_or_num
000157fc T part_set_generic_name
00015854 t test_block_type
00015910 t part_get_info_dos
00015938 t part_print_dos
00015974 t part_test_dos
00015a10 t part_get_info_extended
00015ce0 t print_partition_extended
00015fb0 T part_get_info_iso_verb
00016424 t part_get_info_iso
0001642c t part_print_iso
000164c8 t part_test_iso
000164e8 T get_disk_guid
00016580 t find_valid_gpt
00016630 T part_print_efi
000168f8 t is_pte_valid
0001695c t print_efiname
000169bc T part_get_info_efi
00016b80 T write_gpt_table
00016f18 t set_protective_mbr
00017038 T gpt_fill_pte
000173c0 T gpt_fill_header
00017628 T gpt_restore
00017760 T gpt_verify_headers
0001783c t is_gpt_valid
00017b50 T gpt_verify_partitions
00017d94 t validate_gpt_header
00017fd0 t validate_gpt_entries
00018070 t part_test_efi
00018144 T device_bind_with_driver_data
0001816c t device_bind_common
0001850c T device_bind
00018538 T device_bind_by_name
000185a8 T device_of_to_plat
00018700 T device_probe
00018844 T device_get_uclass_id
00018854 T dev_get_plat
00018880 T dev_get_parent_plat
000188ac T dev_get_uclass_plat
000188d8 T dev_get_priv
00018904 T dev_get_uclass_priv
00018930 T dev_get_parent_priv
0001895c T device_find_first_child
00018978 T device_find_next_child
000189a0 T dev_get_parent
000189a8 T dev_get_driver_data
000189b0 T device_set_name_alloced
000189c0 T device_set_name
000189f8 T dev_set_priv
00018a00 T dev_set_parent_priv
00018a08 T dev_set_uclass_priv
00018a10 T device_is_compatible
00018a28 t alloc_priv
00018a8c T devfdt_get_addr_index
00018b6c T devfdt_get_addr
00018b74 T lists_driver_lookup_name
00018bf0 T lists_uclass_lookup
00018c5c T lists_bind_drivers
00018d68 T device_bind_driver
00018d84 T device_bind_driver_to_node
00018e38 T lists_bind_fdt
0001903c T dm_root
00019070 T dm_init
000190fc T dm_remove_devices_flags
00019140 T dm_scan_plat
00019170 T dm_scan_fdt_dev
00019188 t dm_scan_fdt_node
0001922c T dm_extended_scan
00019294 W dm_scan_other
0001929c T dm_init_and_scan
000192e4 T uclass_find
0001933c T uclass_get
00019498 T dev_get_uclass_index
000194ec T uclass_find_device
0001955c T uclass_find_device_by_name
000195e0 T uclass_find_next_free_seq
0001964c T uclass_find_device_by_seq
000196bc T uclass_find_device_by_of_offset
0001972c T uclass_get_device
00019770 T uclass_get_device_by_name
000197b4 T uclass_get_device_by_seq
000197f8 T uclass_get_device_by_of_offset
0001983c T uclass_first_device
000198a4 T uclass_first_device_err
000198cc T uclass_next_device
00019914 T uclass_first_device_check
00019974 T uclass_next_device_check
000199b0 T uclass_bind_device
00019a34 T uclass_unbind_device
00019a80 T uclass_pre_probe_device
00019af0 T uclass_post_probe_device
00019b58 T uclass_pre_remove_device
00019b88 T pci_get_devfn
00019bc8 T devres_release_probe
00019bd4 t release_nodes
00019c48 T devres_release_all
00019c54 T device_chld_remove
00019cc8 T device_remove
00019e10 T device_free
00019ecc t simple_bus_post_bind
00019f28 T dm_dump_all
00019f68 t show_devices
0001a080 T dm_dump_uclass
0001a164 T dm_dump_driver_compat
0001a258 T dm_dump_drivers
0001a3bc T dm_dump_static_driver_info
0001a438 T ofnode_get_name
0001a458 T ofnode_read_u32_index
0001a4c0 T ofnode_read_u32_default
0001a4e4 T ofnode_read_bool
0001a50c T ofnode_get_property
0001a524 T ofnode_read_string
0001a578 T ofnode_find_subnode
0001a598 T ofnode_read_u32_array
0001a5c8 T ofnode_is_enabled
0001a5e8 T ofnode_first_subnode
0001a604 T ofnode_next_subnode
0001a620 T ofnode_path
0001a63c T ofnode_is_available
0001a65c T ofnode_read_pci_addr
0001a740 T ofnode_read_pci_vendev
0001a848 T ofnode_read_simple_addr_cells
0001a858 T ofnode_read_simple_size_cells
0001a868 T ofnode_pre_reloc
0001a90c T ofnode_read_resource
0001a978 T ofnode_device_is_compatible
0001a99c T ofnode_by_prop_value
0001a9d0 T sysreset_get_status
0001a9ec T sysreset_walk
0001aa84 T sysreset_walk_halt
0001aab0 T do_reset
0001ab04 t sysreset_post_bind
0001ab0c t psci_sysreset_request
0001ab3c T psci_sys_reset
0001abcc T psci_sys_poweroff
0001ac08 t psci_bind
0001ac5c t psci_probe
0001acdc T pci_get_bus
0001ad2c T pci_get_controller
0001ad64 T dm_pci_get_bdf
0001ada8 t pci_get_bus_max
0001adf0 T pci_get_ff
0001ae0c T pci_bus_find_devfn
0001ae80 T dm_pci_bus_find_bdf
0001aebc T dm_pci_write_config
0001af5c T dm_pci_write_config8
0001af64 T dm_pci_write_config16
0001af6c T dm_pci_write_config32
0001af74 T dm_pci_read_config
0001b014 T dm_pci_read_config8
0001b040 T dm_pci_read_config16
0001b06c T dm_pci_read_config32
0001b098 T pci_auto_config_devices
0001b1c8 T pci_generic_mmap_write_config
0001b254 T pci_generic_mmap_read_config
0001b2f4 T dm_pci_hose_probe_bus
0001b388 T dm_pci_find_capability
0001b408 W board_pci_fixup_dev
0001b40c T pci_bind_bus_devices
0001b998 T dm_pci_read_bar32
0001b9ec T dm_pci_bus_to_phys
0001ba94 t _dm_pci_bus_to_phys
0001bb34 T dm_pci_map_bar
0001bc64 T dm_pci_find_next_capability
0001bc70 t _dm_pci_find_next_capability
0001bd1c t pci_uclass_pre_probe
0001c008 t pci_uclass_post_probe
0001c070 t pci_uclass_child_post_bind
0001c0b4 T pci_init
0001c0f8 t pci_bridge_read_config
0001c140 t pci_bridge_write_config
0001c188 T dm_pciauto_setup_device
0001c440 T dm_pciauto_prescan_setup_bridge
0001c61c T dm_pciauto_postscan_setup_bridge
0001c73c T dm_pciauto_config_device
0001c80c T pciauto_region_align
0001c828 T pciauto_region_allocate
0001c888 T pciauto_config_init
0001c998 T pci_class_str
0001c9c4 t pci_generic_ecam_probe
0001c9e0 t pci_generic_ecam_of_to_plat
0001ca58 t pci_generic_ecam_read_config
0001cadc t pci_generic_ecam_write_config
0001cb54 t pci_generic_ecam_conf_address
0001cbd8 T virtio_get_config
0001cbec T virtio_generation
0001cc0c T virtio_reset
0001cc20 T virtio_find_vqs
0001cc34 T virtio_notify
0001cc48 T virtio_add_status
0001cc9c T virtio_finalize_features
0001cd24 T virtio_driver_features_init
0001cd34 T virtio_init
0001cd80 t virtio_uclass_pre_probe
0001ce00 t virtio_uclass_post_probe
0001cec8 t virtio_uclass_child_post_bind
0001cedc t virtio_uclass_child_pre_probe
0001d170 t virtio_uclass_child_post_probe
0001d184 T virtqueue_add
0001d3ec T virtqueue_kick
0001d474 T virtqueue_get_buf
0001d5f0 T vring_create_virtqueue
0001d7e4 T vring_del_virtqueue
0001d818 T virtqueue_get_vring_size
0001d820 T virtqueue_get_desc_addr
0001d828 T virtqueue_get_avail_addr
0001d830 T virtqueue_get_used_addr
0001d838 T virtqueue_poll
0001d860 t virtio_mmio_probe
0001d8fc t virtio_mmio_of_to_plat
0001d92c t virtio_mmio_get_config
0001da6c t virtio_mmio_set_config
0001dbc0 t virtio_mmio_generation
0001dbf4 t virtio_mmio_get_status
0001dc18 t virtio_mmio_set_status
0001dc68 t virtio_mmio_reset
0001dc88 t virtio_mmio_get_features
0001dce8 t virtio_mmio_set_features
0001dd64 t virtio_mmio_find_vqs
0001df44 t virtio_mmio_del_vqs
0001e000 t virtio_mmio_notify
0001e024 t virtio_pci_bind
0001e078 t virtio_pci_probe
0001e144 t virtio_pci_get_config
0001e180 t virtio_pci_set_config
0001e1bc t virtio_pci_get_status
0001e1e0 t virtio_pci_set_status
0001e230 t virtio_pci_reset
0001e25c t virtio_pci_get_features
0001e284 t virtio_pci_set_features
0001e2ec t virtio_pci_find_vqs
0001e3b8 t virtio_pci_del_vqs
0001e418 t virtio_pci_notify
0001e43c t virtio_pci_bind
0001e490 t virtio_pci_probe
0001e5e0 t virtio_pci_find_capability
0001e678 t virtio_pci_map_capability
0001e6d4 t virtio_pci_get_config
0001e820 t virtio_pci_set_config
0001e980 t virtio_pci_generation
0001e9a4 t virtio_pci_get_status
0001e9c8 t virtio_pci_set_status
0001ea18 t virtio_pci_reset
0001ea68 t virtio_pci_get_features
0001eac4 t virtio_pci_set_features
0001eb3c t virtio_pci_find_vqs
0001ec84 t virtio_pci_del_vqs
0001ece4 t virtio_pci_notify
0001ed2c t virtio_blk_bind
0001edd0 t virtio_blk_probe
0001ee7c t virtio_blk_read
0001eea0 t virtio_blk_write
0001eec4 t virtio_blk_do_req
0001efb4 t virtio_console_bind
0001efe8 t virtio_console_probe
0001f038 t add_inbuf
0001f0b4 t virtio_console_serial_setbrg
0001f0bc t virtio_console_serial_getc
0001f140 t virtio_console_serial_putc
0001f1bc t virtio_console_serial_pending
0001f1d4 t virtio_rng_bind
0001f208 t virtio_rng_probe
0001f22c t virtio_rng_read
0001f2d8 T blk_get_if_type_name
0001f2e8 T blk_get_devnum_by_typename
0001f3d8 T blk_list_part
0001f45c t get_desc
0001f520 T blk_print_part_devnum
0001f560 T blk_list_devices
0001f5d4 T blk_print_device_num
0001f618 T blk_show_device
0001f694 T blk_read_devnum
0001f6d0 T blk_dread
0001f76c T blk_write_devnum
0001f7a8 T blk_dwrite
0001f7fc T blk_dselect_hwpart
0001f828 T blk_find_device
0001f8b0 T blk_find_max_devnum
0001f924 T blk_next_free_devnum
0001f940 T blk_create_device
0001facc t blk_post_probe
0001fae0 T blkcache_read
0001fbcc T blkcache_fill
0001fd28 T blkcache_invalidate
0001fdb4 T qfw_read_entry
0001fe54 T qfw_register
0001feec t qfw_mmio_probe
0001fef0 t qfw_mmio_of_to_plat
0001ff14 t qfw_mmio_read_entry_io
0001ffb4 t qfw_mmio_read_entry_dma
0001ffd0 T dm_rtc_get
0001ffec T dm_rtc_set
00020008 T dm_rtc_reset
00020024 t pl031_probe
00020044 t pl031_of_to_plat
00020068 t pl031_get
000200a8 t pl031_set
000200e4 t pl031_reset
00020104 T dm_rng_read
00020120 T serial_init
000202bc T serial_setbrg
00020300 T serial_initialize
00020310 T serial_putc
00020374 T serial_puts
000203f8 T serial_getc
00020440 T serial_tstc
0002047c T serial_stdio_init
00020480 t on_baudrate
00020584 t serial_post_probe
0002065c t serial_pre_remove
00020664 t serial_stub_putc
000206b4 t serial_stub_puts
00020724 t serial_stub_getc
00020750 t serial_stub_tstc
00020774 T pl01x_serial_setbrg
000208ac T pl01x_serial_probe
00020918 T pl01x_serial_getc
00020958 T pl01x_serial_putc
0002098c T pl01x_serial_pending
000209d0 T pl01x_serial_of_to_plat
00020a40 T env_get_yesno
00020a98 T env_get_default
00020ae0 T env_set_default
00020b94 T env_set_default_vars
00020bd8 T env_import
00020cb0 T env_export
00020d34 T env_relocate
00020d58 T env_complete
00020f40 W env_get_location
00020f50 W env_get_char_spec
00020f60 T env_get_char
00020f84 T env_load
000210a4 T env_save
000211bc T env_init
00021300 T env_attr_walk
0002143c T env_attr_lookup
000214c8 t regex_callback
00021610 T env_flags_parse_vartype
00021664 T env_flags_parse_varaccess
000216b8 T env_flags_init
00021794 t on_flags
000217e4 T env_flags_validate
00021a20 t clear_flags
00021a30 t set_flags
00021ac4 T env_callback_init
00021bec t on_callbacks
00021c3c t clear_callback
00021c4c t set_callback
00021d30 t env_raw_disk_load
00021e14 t env_raw_disk_save
00021ef0 T fs_get_type
00021f00 T fs_set_blk_dev
00021fd4 T fs_set_blk_dev_with_part
000220a4 T fs_close
000220dc T fs_exists
0002213c T fs_size
0002219c T fs_read
0002221c T fs_write
000222d4 T fs_opendir
00022388 T fs_readdir
00022418 T fs_closedir
00022488 T fs_unlink
000224e8 T fs_mkdir
00022548 T fs_ln
000225b4 T do_size
00022668 T do_load
00022a50 T do_ls
00022b2c T file_exists
00022ba8 T do_save
00022d1c T do_fs_type
00022dcc T do_rm
00022e64 T do_mkdir
00022f0c T do_ln
00022f54 T do_fs_types
00022fdc t fs_ls_generic
000230c8 t fs_ln_unsupported
000230d0 t fs_probe_unsupported
000230d8 t fs_ls_unsupported
000230e0 t fs_exists_unsupported
000230e8 t fs_size_unsupported
000230f0 t fs_read_unsupported
000230f8 t fs_write_unsupported
00023100 t fs_close_unsupported
00023104 t fs_uuid_unsupported
0002310c t fs_opendir_unsupported
00023114 t fs_unlink_unsupported
0002311c t fs_mkdir_unsupported
00023124 T fat_set_blk_dev
00023210 T fat_next_cluster
00023358 t get_fatent
00023500 T file_fat_detectfs
000235cc t read_bootsectandvi
00023714 T fat_exists
0002378c t fat_itr_root
00023958 t fat_itr_resolve
00023b20 T fat_size
00023bf4 T file_fat_read_at
00024058 T fat_read_file
000240b0 T fat_opendir
00024150 T fat_readdir
00024248 t fat_itr_next
00024560 t fat2rtc
000245bc T fat_closedir
000245d8 T fat_close
000245dc T fat_uuid
0002463c T file_fat_write_at
000248e0 t split_filename
00024a34 t normalize_longname
00024b1c t find_directory_entry
00024b98 t set_name
00024df4 t fat_find_empty_dentries
00024fb8 t fill_dir_slot
00025254 t fill_dentry
000252ac t set_contents
00025d9c t flush_dirty_fat_buffer
00025e3c t flush_dir
00025ecc T file_fat_write
00025efc T fat_unlink
0002624c T fat_mkdir
000265f4 t fat_itr_child
00026674 t get_cluster
00026858 t next_dent
000268d4 t downcase
0002692c t str2fat
000269bc t fat_move_to_cluster
00026a0c t set_fatent_value
00026c7c t clear_fatent
00026cf0 t determine_fatent
00026d30 t disk_write
00026dbc t set_sectors
00026f2c t delete_single_dentry
00026f6c T efi_driver_init
0002708c t efi_uc_init
00027094 t efi_uc_destroy
0002709c t efi_uc_supported
0002715c t efi_uc_start
00027240 t efi_uc_stop
00027380 t check_node_type
00027404 t disconnect_child
0002747c t efi_bl_read
000274e0 t efi_bl_write
00027544 t efi_bl_bind
00027678 T efi_bootmgr_load
0002781c t try_load_entry
00027a34 T __efi_entry_check
00027a84 T __efi_exit_check
00027ac4 T efi_save_gd
00027ad8 T efi_restore_gd
00027b04 T efi_signal_event
00027bc0 t efi_queue_event
00027c4c T efi_add_handle
00027c78 T efi_create_handle
00027cc8 T efi_search_protocol
00027d54 T efi_search_obj
00027d90 T efi_remove_protocol
00027df0 T efi_remove_all_protocols
00027e64 T efi_delete_handle
00027e9c T efi_create_event
00027fdc T efi_create_event_ex
00028078 T efi_timer_check
00028124 t efi_process_event_queue
00028204 T efi_set_timer
000282e8 T efi_add_protocol
00028450 T efi_register_protocol_notify
00028540 T efi_install_configuration_table
000286d4 T efi_setup_loaded_image
00028834 T efi_load_image
00028f0c T efi_close_protocol
0002904c T efi_locate_handle_buffer
00029154 t efi_locate_handle
000292f0 T efi_install_multiple_protocol_interfaces
0002955c t efi_locate_device_path
00029748 t efi_install_protocol_interface
00029808 t efi_uninstall_protocol_interface
000298bc T efi_protocol_open
00029b2c t efi_disconnect_controller
00029f30 T efi_start_image
0002a1f0 t efi_open_protocol
0002a390 T efi_unload_image
0002a528 t efi_delete_image
0002a63c T efi_handle_protocol
0002a66c T efi_initialize_system_table
0002a6d8 t efi_uninstall_protocol
0002a7c8 t efi_disconnect_all_drivers
0002a9d0 t efi_raise_tpl
0002aa54 t efi_restore_tpl
0002aad4 t efi_allocate_pages_ext
0002ab40 t efi_free_pages_ext
0002abac t efi_get_memory_map_ext
0002ac20 t efi_allocate_pool_ext
0002ac8c t efi_free_pool_ext
0002acf8 t efi_create_event_ext
0002ad74 t efi_set_timer_ext
0002ade0 t efi_wait_for_event
0002af9c t efi_signal_event_ext
0002b05c t efi_close_event
0002b1f8 t efi_check_event
0002b304 t efi_reinstall_protocol_interface
0002b3fc t efi_locate_handle_ext
0002b470 t efi_install_configuration_table_ext
0002b4dc t efi_exit
0002b6b4 t efi_exit_boot_services
0002b898 t efi_get_next_monotonic_count
0002b930 t efi_stall
0002b9d4 t efi_set_watchdog_timer
0002ba40 t efi_connect_controller
0002bd28 t efi_open_protocol_information
0002be68 t efi_protocols_per_handle
0002bff0 t efi_locate_protocol
0002c1b0 t efi_uninstall_multiple_protocol_interfaces
0002c37c t efi_calculate_crc32
0002c41c t efi_copy_mem
0002c488 t efi_set_mem
0002c500 t efi_bind_controller
0002c6bc T efi_get_dp_from_boot
0002c7c4 t efi_cout_reset
0002c81c t efi_cout_output_string
0002c998 t efi_cout_test_string
0002c9ac t efi_cout_query_mode
0002ca1c t efi_cout_set_mode
0002ca94 t efi_cout_set_attribute
0002cb00 t efi_cout_clear_screen
0002cb34 t efi_cout_set_cursor_position
0002cbbc t efi_cout_enable_cursor
0002cbf8 T set_shift_mask
0002cc60 t efi_cin_reset
0002cc90 t efi_cin_read_key_stroke
0002cd10 T efi_console_register
0002d028 t efi_key_notify
0002d03c t efi_console_timer_notify
0002d050 t efi_cin_empty_buffer
0002d07c t efi_cin_check
0002d43c t analyze_modifiers
0002d4d0 t term_get_char
0002d514 t efi_cin_reset_ex
0002d544 t efi_cin_read_key_stroke_ex
0002d60c t efi_cin_set_state
0002d620 t efi_cin_register_key_notify
0002d6b0 t efi_cin_unregister_key_notify
0002d724 T efi_dp_next
0002d75c T efi_dp_match
0002d818 T efi_dp_find_obj
0002d868 t find_obj
0002da7c T efi_dp_last_node
0002dad0 T efi_dp_instance_size
0002db2c T efi_dp_size
0002db68 T efi_dp_dup
0002dbd8 t dp_alloc
0002dc20 T efi_dp_append
0002dc28 t efi_dp_append_or_concatenate
0002dd50 T efi_dp_append_node
0002de6c T efi_dp_create_device_node
0002deb4 T efi_dp_append_instance
0002dfc8 T efi_dp_get_next_instance
0002e09c T efi_dp_is_multi_instance
0002e0dc T efi_dp_from_part
0002e13c t dp_part_size
0002e19c t dp_part_fill
0002e1f8 T efi_dp_part_node
0002e230 t dp_part_node
0002e47c T efi_dp_from_file
0002e5ac T efi_dp_from_uart
0002e618 T efi_dp_from_mem
0002e72c T efi_dp_split_file_path
0002e7ec T efi_dp_from_name
0002e958 T efi_dp_check_length
0002e9d0 T efi_dp_from_lo
0002ea88 t dp_size
0002eb44 t dp_fill
0002ed44 T efi_dp_str
0002ed70 t efi_convert_device_path_to_text
0002ee08 t efi_convert_device_node_to_text
0002ee54 t efi_convert_single_device_node_to_text
0002f6a0 t efi_str_to_u16
0002f6fc t get_device_path_size
0002f730 t duplicate_device_path
0002f754 t append_device_path
0002f780 t append_device_node
0002f7ac t append_device_path_instance
0002f7d8 t get_next_device_path_instance
0002f804 t is_device_path_multi_instance
0002f828 t create_device_node
0002f85c T efi_carve_out_dt_rsv
0002f9a4 t efi_reserve_memory
0002fa04 t efi_dt_fixup
0002fb40 T efi_file_size
0002fbf8 T efi_file_from_path
0002fd44 T efi_simple_file_system
0002fd88 t efi_open_volume
0002fe04 t efi_file_open
0002fe60 t efi_file_close
0002fe88 t efi_file_delete
0002fee4 t efi_file_read
0002ff18 t efi_file_write
0002ff4c t efi_file_getpos
0002ff80 t efi_file_setpos
0003000c t efi_file_getinfo
00030228 t efi_file_setinfo
00030360 t efi_file_flush
00030398 t efi_file_open_ex
00030428 t efi_file_read_ex
00030488 t efi_file_write_ex
000304e8 t efi_file_flush_ex
00030540 t efi_file_open_int
000308d8 t efi_file_read_int
00030c0c t efi_get_file_size
00030c4c t efi_file_write_int
00030d1c t new_package_list
00030de0 t remove_package_list
00030e34 t update_package_list
00030f50 t list_package_lists
00031064 t export_package_lists
00031090 t register_package_notify
000310e0 t unregister_package_notify
000310f4 t find_keyboard_layouts
00031198 t get_keyboard_layout
00031254 t set_keyboard_layout
00031268 t get_package_list_handle
000312c8 t new_string
000313ec t get_string
000314d4 t set_string
0003160c t get_languages
00031718 t get_secondary_languages
000317b8 t add_packages
00031ba0 t free_packagelist
00031be0 t free_keyboard_layouts
00031c38 t remove_strings_package
00031cb8 t remove_guid_package
00031cf8 t remove_keyboard_package
00031d44 t language_match
00031d90 T efi_print_image_infos
00031e80 T efi_check_pe
00031ed4 T efi_load_pe
00032324 t efi_set_code_and_data_type
00032378 T efi_set_load_options
00032424 T efi_deserialize_load_option
00032518 T efi_add_memory_map
00032568 t efi_add_memory_map_pg
00032a28 T efi_allocate_pages
00032c4c t efi_check_allocated
00032cc8 T efi_alloc
00032d1c T efi_free_pages
00032db8 T efi_allocate_pool
00032e64 T efi_free_pool
00032f24 T efi_get_memory_map
00032ff8 T efi_add_conventional_memory_map
000330d4 W efi_add_known_memory
00033134 T efi_memory_init
000331d8 t efi_mem_cmp
00033218 T efi_root_node_register
0003335c T efi_init_runtime_supported
000333b4 W efi_reset_system_init
000333bc t efi_get_time_boottime
000334b8 t efi_set_time_boottime
00033624 t efi_set_virtual_address_map
0003389c t efi_reset_system_boottime
00033920 T efi_init_obj_list
00033b98 T efi_create_indexed_name
00033c1c t efi_stri_coll
00033c9c t efi_metai_match
00033cc8 t efi_str_lwr
00033d08 t efi_str_upr
00033d48 t efi_fat_to_str
00033dc0 t efi_str_to_fat
00033eb8 t metai_match
0003407c T efi_get_variable
000340e0 T efi_set_variable
0003413c T efi_get_next_variable_name
00034170 T efi_query_variable_info
000341d8 T efi_init_secure_state
0003431c T efi_auth_var_get_type
00034384 T efi_get_var
0003441c T efi_var_mem_init
000344d8 t efi_var_mem_notify_exit_boot_services
00034554 T efi_var_collect
00034718 T efi_var_to_file
000347c8 t efi_set_blk_dev_to_system_partition
00034850 T efi_var_restore
00034998 T efi_var_from_file
00034a74 T efi_set_variable_int
00034cd0 T efi_query_variable_info_int
00034d00 T efi_variables_boot_exit_notify
00034d3c T efi_init_variables
00034d64 T efi_set_watchdog
00034da0 T efi_watchdog_register
00034e2c t efi_watchdog_timer_notify
00034e5c T efi_fs_from_path
00034ed4 T efi_disk_create_partitions
00034fc4 t efi_disk_add_dev
00035260 T efi_disk_register
00035388 t efi_disk_reset
0003539c t efi_disk_read_blocks
0003546c t efi_disk_write_blocks
0003554c t efi_disk_flush_blocks
00035560 t efi_disk_rw_blocks
000355e4 T efi_smbios_register
00035680 T efi_rng_register
000356f4 t rng_getinfo
00035780 t getrng
0003582c T efi_initrd_register
0003590c T efi_initrd_deregister
0003592c t efi_load_file2_initrd
00035a84 T console_read_unicode
00035ba4 T utf8_get
00035cd8 T utf8_put
00035db4 T utf8_utf16_strnlen
00035e30 T utf8_utf16_strncpy
00035eb8 T utf16_put
00035f38 T utf16_get
00035fcc T utf16_strnlen
00036040 T utf16_utf8_strnlen
000360d4 T utf16_utf8_strncpy
0003615c T utf_to_lower
000361a8 T utf_to_upper
000361ec T u16_strncmp
00036224 T u16_strlen
00036250 T u16_strdup
000362c0 T utf16_to_utf8
000363e4 T utf_to_cp
00036434 T write_smbios_table
000365b8 t smbios_write_type0
000366f8 t smbios_write_type1
00036878 t smbios_write_type2
0003699c t smbios_write_type3
00036a60 t smbios_write_type4
00036b50 t smbios_write_type32
00036bb8 t smbios_write_type127
00036c08 t smbios_add_string
00036ca0 t smbios_add_prop_si
00036cd0 T list_sort
00036efc t merge
00036f98 T inflate_fast
000375b8 T inflate_table
00037b20 T inflateReset
00037b98 T inflateInit2_
00037c98 T zcalloc
00037ca0 T zcfree
00037ca8 T inflate
000396d0 T adler32
000399b4 T inflateEnd
00039a1c T gzalloc
00039a2c T gzfree
00039a34 T gzip_parse_header
00039acc T gunzip
00039b20 T zunzip
00039c30 T ulz4fn
0003a0e4 t LZ4_copy8
0003a12c T avb_chain_partition_descriptor_validate_and_byteswap
0003a420 T avb_sub_cmdline
0003a668 T avb_append_options
0003aa54 t cmdline_append_option
0003ab40 t cmdline_append_hex
0003ab90 T avb_new_cmdline_subst_list
0003ab98 T avb_free_cmdline_subst_list
0003abe8 T avb_add_root_digest_substitution
0003acac t uint64_to_base10
0003ad34 T avb_get_algorithm_data
0003ad54 T avb_rsa_public_key_header_validate_and_byteswap
0003adf0 T avb_footer_validate_and_byteswap
0003b0b8 T avb_hashtree_descriptor_validate_and_byteswap
0003b740 T avb_sha256_init
0003b774 T avb_sha256_update
0003b824 t SHA256_transform
0003ba2c T avb_sha256_final
0003bb0c T avb_slot_verify
0003c214 t load_and_verify_vbmeta
0003d888 T avb_slot_verify_data_free
0003d990 T avb_slot_verify_data_calculate_vbmeta_digest
0003daa8 t read_persistent_digest
0003ddc8 t load_full_partition
0003dfd8 T avb_be32toh
0003dfe0 T avb_be64toh
0003dff0 T avb_safe_memcmp
0003e02c T avb_safe_add_to
0003e0a8 T avb_basename
0003e0f8 T avb_safe_add
0003e128 T avb_validate_utf8
0003e1c0 T avb_str_concat
0003e2bc T avb_malloc
0003e31c T avb_calloc
0003e34c T avb_strdup
0003e390 T avb_strstr
0003e404 T avb_strv_find_str
0003e468 T avb_replace
0003e614 T avb_strdupv
0003e75c T avb_uppercase
0003e790 T avb_bin2hex
0003e804 T avb_version_string
0003e810 T avb_descriptor_validate_and_byteswap
0003e964 T avb_descriptor_foreach
0003ed20 T avb_descriptor_get_all
0003eda0 t count_descriptors
0003edb4 t set_descriptors
0003edcc T avb_hash_descriptor_validate_and_byteswap
0003f164 T avb_kernel_cmdline_descriptor_validate_and_byteswap
0003f378 T avb_rsa_verify
0003f8e0 t montMul
0003fa28 T avb_sha512_init
0003fa70 T avb_sha512_update
0003fb20 t SHA512_transform
0003ffd4 T avb_sha512_final
000400d4 T avb_memcmp
000400d8 T avb_memcpy
000400dc T avb_memset
000400e0 T avb_strcmp
000400e4 T avb_strncmp
000400e8 T avb_strlen
000400ec T avb_abort
000400f0 T avb_printv
00040158 T avb_malloc_
0004015c T avb_free
00040160 T avb_div_by_10
00040190 T avb_vbmeta_image_verify
00040d9c T avb_vbmeta_image_header_to_host_byte_order
00041500 T avb_vbmeta_verify_result_to_string
00041570 T addBootConfigParameters
00041628 T addBootConfigTrailer
000416d8 T fdt_ro_probe_
0004174c T fdt_check_header
00041884 T fdt_offset_ptr
000418fc T fdt_next_tag
00041a1c T fdt_check_node_offset_
00041a58 T fdt_check_prop_offset_
00041a94 T fdt_next_node
00041b6c T fdt_first_subnode
00041ba8 T fdt_next_subnode
00041bf4 T fdt_find_string_
00041c58 T fdt_move
00041cb0 T fdt_get_string
00041dbc T fdt_string
00041dc4 T fdt_get_mem_rsv
00041e4c T fdt_num_mem_rsv
00041eac T fdt_subnode_offset_namelen
00041fac T fdt_subnode_offset
00041fdc T fdt_path_offset_namelen
000420e8 T fdt_get_alias_namelen
00042154 T fdt_path_offset
0004217c T fdt_get_name
00042218 T fdt_first_property_offset
00042244 t nextprop_
000422a4 T fdt_next_property_offset
000422d0 t fdt_get_property_by_offset_
00042328 t fdt_get_property_namelen_
000423f4 T fdt_get_property
00042464 T fdt_getprop_namelen
000424dc T fdt_getprop_by_offset
00042588 T fdt_getprop
000425c8 T fdt_supernode_atdepth_offset
000426a0 T fdt_node_depth
000426cc T fdt_parent_offset
00042720 T fdt_node_offset_by_prop_value
000427e0 T fdt_stringlist_contains
00042868 T fdt_node_check_compatible
000428d0 T fdt_node_end_offset_
0004291c T fdt_strerror
00042954 T fdt_add_mem_rsv
000429d8 t fdt_rw_probe_
00042a38 t fdt_splice_mem_rsv_
00042a90 T fdt_del_mem_rsv
00042ae8 t fdt_splice_struct_
00042b34 T fdt_setprop_placeholder
00042bfc t fdt_add_property_
00042d80 T fdt_setprop
00042dd0 T fdt_delprop
00042e30 T fdt_add_subnode_namelen
00042f30 T fdt_add_subnode
00042f60 T fdt_del_node
00042fb4 T fdt_open_into
00043160 t fdt_blocks_misordered_
000431c4 t fdt_packblocks_
00043254 t fdt_splice_
000432d4 T fdt_address_cells
00043300 t fdt_cells
0004334c T fdt_size_cells
00043368 T fdtdec_get_int
000433a0 T fdtdec_get_addr_size_fixed
00043490 T fdtdec_get_number
000434c4 T fdtdec_get_addr_size_auto_parent
00043538 T fdtdec_get_is_enabled
00043574 T fdtdec_get_alias_seq
0004369c T fdtdec_get_alias_highest_id
00043774 T fdtdec_get_chosen_prop
000437b0 T fdtdec_prepare_fdt
0004380c T fdtdec_get_int_array
0004386c T fdtdec_get_bool
0004388c T fdtdec_get_config_int
000438d0 T fdtdec_get_config_string
00043918 T fdt_get_resource
00043a3c T fdtdec_setup_mem_size_base
00043aa0 T get_next_memory_node
00043ae4 T fdtdec_setup_memory_banksize
00043b8c W fdtdec_board_setup
00043b94 T fdtdec_setup
00043be0 T qsort
00043cd0 T strcmp_compar
00043cdc T hcreate_r
00043d94 T hdestroy_r
00043e18 T hmatch_r
00043ec0 T hsearch_r
00044398 T hdelete_r
000444a8 T hexport_r
0004485c t cmpkey
00044870 T himport_r
00044c84 t drop_var_from_set
00044cf0 T hwalk_r
00044d50 t match_string
00044de8 T display_options_get_banner_priv
00044e90 T display_options_get_banner
00044ea0 T display_options
00044edc T print_size
00045000 W __div64_32
0004510c T hang
0004511c T strim
00045184 T lmb_dump_all
00045188 T lmb_init_and_reserve
000451d8 t lmb_reserve_common
0004520c T lmb_init_and_reserve_range
0004524c T lmb_free
00045328 t lmb_remove_region
00045374 t lmb_add_region_flags
00045568 T lmb_reserve_flags
00045570 T lmb_reserve
0004557c T lmb_alloc
00045584 T lmb_alloc_base
000455bc T __lmb_alloc_base
00045704 T lmb_alloc_addr
00045794 W board_lmb_reserve
00045798 T slre_compile
000458dc t compile
00045f14 T slre_match
00045fac t match
000463b8 t get_escape_char
00046448 t quantifier
0004652c t relocate
00046588 t loop_greedy
00046650 t loop_non_greedy
00046704 T strncasecmp
00046784 T strcasecmp
0004678c T strcpy
000467a8 T strncpy
000467c8 T strlen
000467e4 T strcat
00046810 T strncat
00046858 T strnlen
00046890 T strcmp
000468bc T strncmp
00046900 T strchr
00046928 T strrchr
00046970 T strdup
000469c4 T strsep
00046a3c T memmove
00046a88 T memcmp
00046abc T strstr
00046b58 T memchr
00046b80 W get_timer
00046b98 t tick_to_time
00046bf8 W timer_get_us
00046c14 T usec_to_tick
00046c7c W __udelay
00046cbc T udelay
00046cec T uuid_str_valid
00046d90 T uuid_guid_get_bin
00046dec T uuid_guid_get_str
00046e38 T uuid_str_to_bin
00046f9c T uuid_bin_to_str
0004704c T rand
0004706c T panic_str
00047074 t panic_finish
000470a0 T panic
000470bc t vsnprintf_internal
000478f0 T snprintf
0004791c T sprintf
00047958 T printf
00047988 T vprintf
000479e0 T simple_itoa
00047a28 t string16
00047b38 t string
00047bf0 t number
00047eec t put_dec_trunc
00047fec t put_dec
0004812c T simple_strtoul
000481e0 T hextoul
000481e8 T dectoul
000481f0 T strict_strtoul
00048274 T simple_strtol
0004829c T ustrtoul
0004832c T ustrtoull
000483d4 T simple_strtoull
00048498 T trailing_strtoln
00048518 T trailing_strtol
00048520 T rtc_calc_weekday
00048620 T rtc_mktime
000486dc T rtc_month_days
00048750 T rtc_to_tm
00048984 T __aeabi_uidiv
00048984 T __udivsi3
00048a20 T __aeabi_idiv
00048a20 T __divsi3
00048aec T __aeabi_uidivmod
00048b04 T __aeabi_idivmod
00048b1c t Ldiv0
00048b2c T __aeabi_uldivmod
00048b54 t L_div_64_64
00048b64 t L_lsl_4
00048b90 t L_lsl_1
00048bbc t L_subtract
00048bd8 t L_update
00048bfc t L_exit
00048c10 t L_div_32_32
00048c28 t L_pow2
00048c98 t L_div_by_0
00048cb0 T __div0
00048cd8 r ROOT
00048cf0 r block_io_disk_template
00048d40 R efi_block_io_guid
00048d50 r efi_file_handle_protocol
00048d90 R efi_file_info_guid
00048da0 R efi_file_system_info_guid
00048db0 R efi_global_variable_guid
00048dc0 R efi_guid_device_path
00048dd0 R efi_guid_device_path_to_text_protocol
00048de0 R efi_guid_device_path_utilities_protocol
00048df0 R efi_guid_driver_binding_protocol
00048e00 R efi_guid_dt_fixup_protocol
00048e10 R efi_guid_event_group_exit_boot_services
00048e20 R efi_guid_event_group_memory_map_change
00048e30 R efi_guid_event_group_reset_system
00048e40 R efi_guid_fdt
00048e50 R efi_guid_hii_database_protocol
00048e60 R efi_guid_hii_string_protocol
00048e70 R efi_guid_image_security_database
00048e80 R efi_guid_load_file2_protocol
00048e90 R efi_guid_load_file_protocol
00048ea0 R efi_guid_loaded_image
00048eb0 R efi_guid_loaded_image_device_path
00048ec0 R efi_guid_rng_protocol
00048ed0 R efi_guid_text_input_ex_protocol
00048ee0 R efi_guid_text_input_protocol
00048ef0 R efi_guid_text_output_protocol
00048f00 R efi_guid_unicode_collation_protocol2
00048f10 R efi_guid_virtio_dev
00048f20 r efi_rt_properties_table_guid
00048f30 R efi_simple_file_system_protocol_guid
00048f40 R efi_system_partition_guid
00048f50 R efi_system_volume_label_id
00048f60 R efi_u_boot_guid
00048f70 r list_guid
00049048 r partition_basic_data_guid
00049058 r sha512_h0
00049098 r sha512_k
00049318 r smbios_guid
00049350 r system_guid
000494bc r baudrate_table
000494d0 r boot_os
00049518 r color
00049558 r env_flags_varaccess_mask
000495c8 r sha256_h0
000495e8 r driver_ops
000495f4 r efi_blk_ops
00049604 R efi_device_path_to_text
0004960c R efi_device_path_utilities
0004962c R efi_hii_database
00049658 R efi_hii_string
0004966c r efi_lf2_protocol
00049670 r efi_rng_protocol
00049678 R efi_unicode_collation_protocol2
00049694 r fdt_errtable
000496e0 r fdt_member_table
00049708 r fstypes
00049790 r generic_simple_bus_ids
000497a8 r if_type_uclass_id
000497e0 r if_typename_str
00049818 r init_sequence_f
000498cc r month_offset
000498fc r name_type
0004995c R op_adv
00049a5c r op_table
00049ac4 r pci_bridge_ids
00049ad4 r pci_bridge_ops
00049adc r pci_flag_info
00049b04 r pci_generic_ecam_ids
00049b1c r pci_generic_ecam_ops
00049b24 r pci_generic_ids
00049b34 r pl01x_serial_id
00049b4c r pl01x_serial_ops
00049b6c r pl031_ids
00049b7c r pl031_ops
00049b98 r psci_of_match
00049bb8 r qfw_mmio_ids
00049bc8 r reserved_list
00049c4c r sha256_k
00049d4c r smbios_write_funcs
00049d84 r machines
00049d94 r uimage_comp
00049df4 r uimage_os
00049e90 r uimage_type
0004a07c r virtio_blk_ops
0004a08c r virtio_console_serial_ops
0004a0ac r virtio_drv_name
0004a0c0 r virtio_mmio_ids
0004a0d0 r virtio_mmio_ops
0004a0fc r virtio_pci_ops
0004a128 r virtio_pci_ops
0004a154 r virtio_rng_ops
0004a158 r weekdays
0004a174 r END
0004a178 r capitalization_table
0004b048 R codepage_437
0004b148 r distfix
0004b1c8 r dp_lf2_handle
0004b1e0 r inflate.order
0004b206 r inflate_table.dbase
0004b246 r inflate_table.dext
0004b286 r inflate_table.lbase
0004b2c4 r inflate_table.lext
0004b302 r lenfix
0004bc97 r LONG_ONLY_CHARS
0004bc9e R _ctype
0004bd9e r number.digits
0004bdae R default_environment
0004c8e3 r env_flags_varaccess_rep
0004c8e8 r env_flags_vartype_rep
0004c8ed r erase_seq
0004c8f1 R hex_asc
0004c902 r illegal
0004c913 r padding_RSA2048_SHA256
0004c9f3 r padding_RSA2048_SHA512
0004cab3 r padding_RSA4096_SHA256
0004cc93 r padding_RSA4096_SHA512
0004ce53 r padding_RSA8192_SHA256
0004d233 r padding_RSA8192_SHA512
0004d5f3 r print_size.names
0004d5f9 r rtc_days_in_month
00059649 r tab_seq
00059652 V version_string
000596b0 d bootm_help_text
00059a40 d cmd_bootm_sub
00059b3c d source_help_text
00059b8a d bootefi_help_text
00059d15 d bootz_help_text
00059f20 d default_tm
00059f44 d test_commands
00059fec d fdt_help_text
0005a653 d do_fdt.root
0005a655 d fdt_print.tabs
0005a678 d regs_start
0005a6c0 d regs_rest
0005a720 d regs_normal
0005a7c8 d regs_bridge
0005a8c4 d regs_cardbus
0005a9f0 d pci_help_text
0005ac40 d fwcfg_commands
0005ac94 d cmd_avb
0005ad90 d env_id
0005ad94 d env_help_text
0005aff0 d cmd_env_sub
0005b108 d init_sequence_r
0005b180 d hist_cur
0005b184 d av_
0005b58c d trim_threshold
0005b590 d sbrk_base
0005b594 D image_load_addr
0005b598 D stdio_names
0005b5a4 D _binary_common_avb_pubkey_start
0005b9ac D _binary_common_avb_pubkey_end
0005b9ac d root_info
0005b9b4 d psci_sysreset_ops
0005b9c0 d virtio_pci_supported
0005c0dc d virtio_pci_supported
0005c7f8 d _stats
0005c80c d block_cache
0005c814 d qfw_mmio_ops
0005c81c D env_htab
0005c82c D efi_obj_list
0005c834 D efi_event_queue
0005c83c D efi_register_notify_events
0005c844 d entry_count
0005c848 d efi_boot_services
0005c910 d efi_tpl
0005c914 d efi_con_mode
0005c92c D efi_con_out
0005c954 D efi_con_in
0005c960 d efi_con_in_ex
0005c978 d efi_cout_modes
0005c99c d cin_notify_functions
0005c9a8 D efi_dt_fixup_prot
0005c9b8 d efi_package_lists
0005c9c0 d efi_keyboard_layout_list
0005c9c8 D efi_mem
0005c9d0 D efi_obj_list_initialized
0005c9d4 d algorithm_data
0005ca28 d y
0005ca38 D _u_boot_list_2_cmd_2_ab_select
0005ca38 d complete_cmdv.start
0005ca38 d complete_cmdv.start.17
0005ca38 d do_help.start
0005ca38 d do_help.start.6
0005ca38 d find_cmd.start
0005ca38 d find_cmd.start.2
0005ca54 D _u_boot_list_2_cmd_2_avb
0005ca70 D _u_boot_list_2_cmd_2_boot
0005ca8c D _u_boot_list_2_cmd_2_boot_android
0005caa8 D _u_boot_list_2_cmd_2_bootd
0005cac4 D _u_boot_list_2_cmd_2_bootefi
0005cae0 D _u_boot_list_2_cmd_2_bootm
0005cafc D _u_boot_list_2_cmd_2_bootz
0005cb18 D _u_boot_list_2_cmd_2_date
0005cb34 D _u_boot_list_2_cmd_2_dm
0005cb50 D _u_boot_list_2_cmd_2_echo
0005cb6c D _u_boot_list_2_cmd_2_editenv
0005cb88 D _u_boot_list_2_cmd_2_env
0005cba4 D _u_boot_list_2_cmd_2_exit
0005cbc0 D _u_boot_list_2_cmd_2_false
0005cbdc D _u_boot_list_2_cmd_2_fatinfo
0005cbf8 D _u_boot_list_2_cmd_2_fatload
0005cc14 D _u_boot_list_2_cmd_2_fatls
0005cc30 D _u_boot_list_2_cmd_2_fatmkdir
0005cc4c D _u_boot_list_2_cmd_2_fatrm
0005cc68 D _u_boot_list_2_cmd_2_fatsize
0005cc84 D _u_boot_list_2_cmd_2_fatwrite
0005cca0 D _u_boot_list_2_cmd_2_fdt
0005ccbc D _u_boot_list_2_cmd_2_fstype
0005ccd8 D _u_boot_list_2_cmd_2_fstypes
0005ccf4 D _u_boot_list_2_cmd_2_gpt
0005cd10 D _u_boot_list_2_cmd_2_help
0005cd2c D _u_boot_list_2_cmd_2_itest
0005cd48 D _u_boot_list_2_cmd_2_ln
0005cd64 D _u_boot_list_2_cmd_2_load
0005cd80 D _u_boot_list_2_cmd_2_ls
0005cd9c D _u_boot_list_2_cmd_2_panic
0005cdb8 D _u_boot_list_2_cmd_2_part
0005cdd4 D _u_boot_list_2_cmd_2_pci
0005cdf0 D _u_boot_list_2_cmd_2_printenv
0005ce0c D _u_boot_list_2_cmd_2_qfw
0005ce28 D _u_boot_list_2_cmd_2_question_mark
0005ce44 D _u_boot_list_2_cmd_2_read
0005ce60 D _u_boot_list_2_cmd_2_reset
0005ce7c D _u_boot_list_2_cmd_2_run
0005ce98 D _u_boot_list_2_cmd_2_save
0005ceb4 D _u_boot_list_2_cmd_2_saveenv
0005ced0 D _u_boot_list_2_cmd_2_setenv
0005ceec D _u_boot_list_2_cmd_2_setexpr
0005cf08 D _u_boot_list_2_cmd_2_showvar
0005cf24 D _u_boot_list_2_cmd_2_size
0005cf40 D _u_boot_list_2_cmd_2_sleep
0005cf5c D _u_boot_list_2_cmd_2_source
0005cf78 D _u_boot_list_2_cmd_2_test
0005cf94 D _u_boot_list_2_cmd_2_true
0005cfb0 D _u_boot_list_2_cmd_2_verified_boot_android
0005cfcc D _u_boot_list_2_cmd_2_version
0005cfe8 D _u_boot_list_2_cmd_2_virtio
0005d004 D _u_boot_list_2_driver_2_efi_blk
0005d004 d complete_cmdv.end
0005d004 d dm_dump_driver_compat.start
0005d004 d dm_dump_driver_compat.start.4
0005d004 d dm_dump_drivers.start
0005d004 d dm_dump_drivers.start.11
0005d004 d do_help.end
0005d004 d efi_driver_init.start
0005d004 d find_cmd.end
0005d004 d fix_drivers.start
0005d004 d fix_drivers.start.1
0005d004 d lists_bind_fdt.start
0005d004 d lists_bind_fdt.start.3
0005d004 d lists_driver_lookup_name.start
0005d004 d lists_driver_lookup_name.start.1
0005d048 D _u_boot_list_2_driver_2_efi_block
0005d08c D _u_boot_list_2_driver_2_pci_bridge_drv
0005d0d0 D _u_boot_list_2_driver_2_pci_generic_drv
0005d114 D _u_boot_list_2_driver_2_pci_generic_ecam
0005d158 D _u_boot_list_2_driver_2_psci
0005d19c D _u_boot_list_2_driver_2_psci_sysreset
0005d1e0 D _u_boot_list_2_driver_2_qfw_mmio
0005d224 D _u_boot_list_2_driver_2_root_driver
0005d268 D _u_boot_list_2_driver_2_rtc_pl031
0005d2ac D _u_boot_list_2_driver_2_serial_pl01x
0005d2f0 D _u_boot_list_2_driver_2_simple_bus
0005d334 D _u_boot_list_2_driver_2_virtio_blk
0005d378 D _u_boot_list_2_driver_2_virtio_console
0005d3bc D _u_boot_list_2_driver_2_virtio_mmio
0005d400 D _u_boot_list_2_driver_2_virtio_pci_legacy
0005d444 D _u_boot_list_2_driver_2_virtio_pci_modern
0005d488 D _u_boot_list_2_driver_2_virtio_rng
0005d4cc D _u_boot_list_2_env_clbk_2_baudrate
0005d4cc d bind_drivers_pass.end
0005d4cc d bind_drivers_pass.start
0005d4cc d bind_drivers_pass.start.14
0005d4cc d dm_dump_driver_compat.end
0005d4cc d dm_dump_drivers.end
0005d4cc d dm_dump_static_driver_info.end
0005d4cc d dm_dump_static_driver_info.start
0005d4cc d dm_dump_static_driver_info.start.19
0005d4cc d efi_driver_init.end
0005d4cc d find_env_callback.start
0005d4cc d find_env_callback.start.3
0005d4cc d fix_devices.end
0005d4cc d fix_devices.start
0005d4cc d fix_devices.start.3
0005d4cc d fix_drivers.end
0005d4cc d lists_bind_fdt.end
0005d4cc d lists_driver_lookup_name.end
0005d4d4 D _u_boot_list_2_env_clbk_2_callbacks
0005d4dc D _u_boot_list_2_env_clbk_2_console
0005d4e4 D _u_boot_list_2_env_clbk_2_flags
0005d4ec D _u_boot_list_2_env_clbk_2_loadaddr
0005d4f4 D _u_boot_list_2_env_driver_2_raw_disk
0005d4f4 d _env_driver_lookup.start
0005d4f4 d _env_driver_lookup.start.11
0005d4f4 d env_select.start
0005d4f4 d env_select.start.8
0005d4f4 d find_env_callback.end
0005d50c D _u_boot_list_2_part_driver_2_a_efi
0005d50c d _env_driver_lookup.end
0005d50c d do_part_types.start
0005d50c d do_part_types.start.18
0005d50c d env_select.end
0005d50c d part_driver_get_count.start
0005d50c d part_driver_get_first.start
0005d50c d part_driver_lookup_type.start
0005d50c d part_driver_lookup_type.start.42
0005d50c d part_init.start
0005d50c d part_init.start.18
0005d524 D _u_boot_list_2_part_driver_2_dos
0005d53c D _u_boot_list_2_part_driver_2_iso
0005d554 D _u_boot_list_2_pci_driver_entry_2_virtio_pci_legacy
0005d554 d do_part_types.end
0005d554 d part_driver_get_count.end
0005d554 d part_driver_lookup_type.end
0005d554 d part_init.end
0005d554 d pci_find_and_bind_driver.start
0005d554 d pci_find_and_bind_driver.start.15
0005d55c D _u_boot_list_2_pci_driver_entry_2_virtio_pci_modern
0005d564 D _u_boot_list_2_uclass_driver_2_blk
0005d564 d fix_uclass.start
0005d564 d fix_uclass.start.2
0005d564 d lists_uclass_lookup.start
0005d564 d lists_uclass_lookup.start.2
0005d564 d pci_find_and_bind_driver.end
0005d5ac D _u_boot_list_2_uclass_driver_2_efi
0005d5f4 D _u_boot_list_2_uclass_driver_2_firmware
0005d63c D _u_boot_list_2_uclass_driver_2_nop
0005d684 D _u_boot_list_2_uclass_driver_2_pci
0005d6cc D _u_boot_list_2_uclass_driver_2_pci_generic
0005d714 D _u_boot_list_2_uclass_driver_2_qfw
0005d75c D _u_boot_list_2_uclass_driver_2_rng
0005d7a4 D _u_boot_list_2_uclass_driver_2_root
0005d7ec D _u_boot_list_2_uclass_driver_2_rtc
0005d834 D _u_boot_list_2_uclass_driver_2_serial
0005d87c D _u_boot_list_2_uclass_driver_2_simple_bus
0005d8c4 D _u_boot_list_2_uclass_driver_2_sysreset
0005d90c D _u_boot_list_2_uclass_driver_2_virtio
0005d954 D __efi_runtime_rel_start
0005d954 d fix_uclass.end
0005d954 d lists_uclass_lookup.end
0005da54 ? __bss_base
0005da54 ? __bss_start
0005da54 R __efi_runtime_rel_stop
0005da54 R __image_copy_end
0005da54 R __rel_dyn_start
0005da54 b image_addr
0005da58 b image_size
0005da5c b bootefi_device_path
0005da60 b bootefi_image_path
0005da64 B working_fdt
0005da68 b do_fdt.data
0005de68 b qfw_dev
0005de6c b virtio_curr_dev
0005de70 b avb_ops
0005de74 b top_vars
0005de78 b get_dollar_var.buf
0005dea0 b last_return_code
0005dea4 b flag_repeat
0005dea8 b ifs
0005deac b map
0005dfac b do_repeat
0005dfad b get_user_input.the_command
0005e1b0 b stored_bootdelay
0005e1b4 B monitor_flash_len
0005e1b8 B images
0005e318 B console_buffer
0005e51c b cli_readline_into_buffer.initted
0005e520 b hist_max
0005e524 b hist_add_idx
0005e528 b hist_num
0005e52c b hist_lines
00060d40 b hist_list
00060d90 b ctrlc_disabled
00060d94 b ctrlc_was_pressed
00060d98 B mem_malloc_start
00060d9c B mem_malloc_end
00060da0 B mem_malloc_brk
00060da4 b top_pad
00060da8 b max_sbrked_mem
00060dac b max_total_mem
00060db0 b current_mallinfo.0
00060db4 B stdio_devices
00060dc0 b devs
00060e0c b env_complete_buf
0006100c b tmp_buf
00061210 b sector_buf
00066b9c A _image_binary_end
00066b9c R __rel_dyn_end
00066b9c R _end
00161240 b tmpbuf
00161a40 b print_efiname.name
00161a68 b virtio_pci_bind.num_devs
00161a6c b virtio_pci_bind.num_devs
00161a70 b first_call
00161a74 b flags_list
00161a78 b first_call
00161a7c b callback_list
00161a80 b fs_type
00161a84 b fs_dev_desc
00161a88 b fs_partition
00161b24 b fs_dev_part
00161b28 b cur_dev
00161b30 b cur_part_info
00161bcc b total_sector
00161bd0 b get_set_cluster.tmpbuf_cluster
00161bd4 b bs
00161bd8 b rs
00161bdc b efi_gd
00161be0 b app_gd
00161be4 b timers_enabled
00161be8 b current_image
00161bec B efi_st_keep_devices
00161bf0 b efi_get_next_monotonic_count.mono
00161bf8 b console_timer_event
00161bfc b key_available
00161c00 b next_key
00161c0c B efi_memory_map_key
00161c10 B efi_root
00161c14 b efi_runtime_relocate.lastoff
00161c18 b watchdog_timer_event
00161c1c B efi_system_partition
00161c28 b efi_initrd_handle
00161c2c B errno
00161c30 b simple_itoa.local
00161c48 ? __bss_end
00161c48 B __bss_limit
